Archive member included to satisfy reference by file (symbol)

build/cooja/contiki-ng-cooja.a(simEnvChange.o)
                              build/cooja/mtype320481818.o (simDontFallAsleep)
build/cooja/contiki-ng-cooja.a(cooja_mt.o)
                              build/cooja/mtype320481818.o (cooja_mt_start)
build/cooja/contiki-ng-cooja.a(cooja_mtarch.o)
                              build/cooja/contiki-ng-cooja.a(cooja_mt.o) (cooja_mtarch_start)
build/cooja/contiki-ng-cooja.a(rtimer-arch.o)
                              build/cooja/mtype320481818.o (rtimer_arch_check)
build/cooja/contiki-ng-cooja.a(beep.o)
                              build/cooja/mtype320481818.o (beep_interface)
build/cooja/contiki-ng-cooja.a(leds-arch.o)
                              build/cooja/mtype320481818.o (leds_interface)
build/cooja/contiki-ng-cooja.a(moteid.o)
                              build/cooja/mtype320481818.o (moteid_interface)
build/cooja/contiki-ng-cooja.a(pir-sensor.o)
                              build/cooja/mtype320481818.o (pir_interface)
build/cooja/contiki-ng-cooja.a(rs232.o)
                              build/cooja/mtype320481818.o (rs232_interface)
build/cooja/contiki-ng-cooja.a(vib-sensor.o)
                              build/cooja/mtype320481818.o (vib_interface)
build/cooja/contiki-ng-cooja.a(clock.o)
                              build/cooja/mtype320481818.o (clock_interface)
build/cooja/contiki-ng-cooja.a(cooja-log.o)
                              build/cooja/mtype320481818.o (simlog_interface)
build/cooja/contiki-ng-cooja.a(cfs-cooja.o)
                              build/cooja/mtype320481818.o (cfs_interface)
build/cooja/contiki-ng-cooja.a(cooja-radio.o)
                              build/cooja/mtype320481818.o (radio_interface)
build/cooja/contiki-ng-cooja.a(eeprom.o)
                              build/cooja/mtype320481818.o (eeprom_interface)
build/cooja/contiki-ng-cooja.a(random.o)
                              build/cooja/contiki-ng-cooja.a(moteid.o) (random_init)
build/cooja/contiki-ng-cooja.a(sensors.o)
                              build/cooja/contiki-ng-cooja.a(pir-sensor.o) (sensors_changed)
build/cooja/contiki-ng-cooja.a(leds.o)
                              coap-server.o (leds_single_on)
build/cooja/contiki-ng-cooja.a(gpio-hal-arch.o)
                              build/cooja/contiki-ng-cooja.a(leds-arch.o) (gpio_hal_arch_register_pin_callback)
build/cooja/contiki-ng-cooja.a(buttons.o)
                              build/cooja/mtype320481818.o (button_interface)
build/cooja/contiki-ng-cooja.a(res-actuator.o)
                              coap-server.o (app_section_id)
build/cooja/contiki-ng-cooja.a(res-hello.o)
                              coap-server.o (res_hello)
build/cooja/contiki-ng-cooja.a(coap-engine.o)
                              coap-server.o (coap_activate_resource)
build/cooja/contiki-ng-cooja.a(coap-observe.o)
                              build/cooja/contiki-ng-cooja.a(coap-engine.o) (coap_remove_observer_by_mid)
build/cooja/contiki-ng-cooja.a(coap-res-well-known-core.o)
                              build/cooja/contiki-ng-cooja.a(coap-engine.o) (res_well_known_core)
build/cooja/contiki-ng-cooja.a(coap-timer.o)
                              build/cooja/contiki-ng-cooja.a(coap-engine.o) (coap_timer_set)
build/cooja/contiki-ng-cooja.a(coap-transactions.o)
                              build/cooja/contiki-ng-cooja.a(coap-engine.o) (coap_send_transaction)
build/cooja/contiki-ng-cooja.a(coap-uip.o)
                              build/cooja/contiki-ng-cooja.a(coap-observe.o) (coap_endpoint_copy)
build/cooja/contiki-ng-cooja.a(coap.o)
                              build/cooja/contiki-ng-cooja.a(coap-engine.o) (coap_status_code)
build/cooja/contiki-ng-cooja.a(contiki-main.o)
                              build/cooja/mtype320481818.o (main)
build/cooja/contiki-ng-cooja.a(autostart.o)
                              build/cooja/contiki-ng-cooja.a(contiki-main.o) (autostart_start)
build/cooja/contiki-ng-cooja.a(ctimer.o)
                              build/cooja/contiki-ng-cooja.a(contiki-main.o) (ctimer_init)
build/cooja/contiki-ng-cooja.a(energest.o)
                              build/cooja/contiki-ng-cooja.a(contiki-main.o) (energest_init)
build/cooja/contiki-ng-cooja.a(etimer.o)
                              build/cooja/contiki-ng-cooja.a(contiki-main.o) (etimer_process)
build/cooja/contiki-ng-cooja.a(log.o)
                              build/cooja/contiki-ng-cooja.a(contiki-main.o) (curr_log_level_main)
build/cooja/contiki-ng-cooja.a(node-id.o)
                              build/cooja/contiki-ng-cooja.a(contiki-main.o) (node_id)
build/cooja/contiki-ng-cooja.a(process.o)
                              build/cooja/contiki-ng-cooja.a(ctimer.o) (process_current)
build/cooja/contiki-ng-cooja.a(rtimer.o)
                              build/cooja/contiki-ng-cooja.a(contiki-main.o) (rtimer_init)
build/cooja/contiki-ng-cooja.a(timer.o)
[...]
Memory Configuration

Name             Origin             Length             Attributes
*default*        0x0000000000000000 0xffffffffffffffff

Linker script and memory map

LOAD /usr/lib/gcc/x86_64-linux-gnu/11/../../../x86_64-linux-gnu/crti.o
LOAD /usr/lib/gcc/x86_64-linux-gnu/11/crtbeginS.o
LOAD coap-server.o
LOAD build/cooja/mtype320481818.o
LOAD build/cooja/contiki-ng-cooja.a
LOAD /usr/lib/gcc/x86_64-linux-gnu/11/libgcc.a
LOAD /usr/lib/gcc/x86_64-linux-gnu/11/libgcc_s.so
START GROUP
LOAD /usr/lib/gcc/x86_64-linux-gnu/11/../../../x86_64-linux-gnu/libgcc_s.so.1
LOAD /usr/lib/gcc/x86_64-linux-gnu/11/libgcc.a
END GROUP
LOAD /usr/lib/gcc/x86_64-linux-gnu/11/../../../x86_64-linux-gnu/libc.so
START GROUP
LOAD /lib/x86_64-linux-gnu/libc.so.6
LOAD /usr/lib/x86_64-linux-gnu/libc_nonshared.a
LOAD /lib64/ld-linux-x86-64.so.2
END GROUP
LOAD /usr/lib/gcc/x86_64-linux-gnu/11/libgcc.a
LOAD /usr/lib/gcc/x86_64-linux-gnu/11/libgcc_s.so
START GROUP
LOAD /usr/lib/gcc/x86_64-linux-gnu/11/../../../x86_64-linux-gnu/libgcc_s.so.1
LOAD /usr/lib/gcc/x86_64-linux-gnu/11/libgcc.a
END GROUP
LOAD /usr/lib/gcc/x86_64-linux-gnu/11/crtendS.o
LOAD /usr/lib/gcc/x86_64-linux-gnu/11/../../../x86_64-linux-gnu/crtn.o
                0x00000000000002a8                . = (SEGMENT_START ("text-segment", 0x0) + SIZEOF_HEADERS)

.note.gnu.property
                0x00000000000002a8       0x20
 .note.gnu.property
                0x00000000000002a8       0x20 /usr/lib/gcc/x86_64-linux-gnu/11/../../../x86_64-linux-gnu/crti.o

.note.gnu.build-id
                0x00000000000002c8       0x24
 *(.note.gnu.build-id)
 .note.gnu.build-id
                0x00000000000002c8       0x24 /usr/lib/gcc/x86_64-linux-gnu/11/../../../x86_64-linux-gnu/crti.o

.hash
 *(.hash)

.gnu.hash       0x00000000000002f0     0x15ac
 *(.gnu.hash)
 .gnu.hash      0x00000000000002f0     0x15ac /usr/lib/gcc/x86_64-linux-gnu/11/../../../x86_64-linux-gnu/crti.o

.dynsym         0x00000000000018a0     0x4698
 *(.dynsym)
 .dynsym        0x00000000000018a0     0x4698 /usr/lib/gcc/x86_64-linux-gnu/11/../../../x86_64-linux-gnu/crti.o

.dynstr         0x0000000000005f38     0x36e3
 *(.dynstr)
 .dynstr        0x0000000000005f38     0x36e3 /usr/lib/gcc/x86_64-linux-gnu/11/../../../x86_64-linux-gnu/crti.o

.gnu.version    0x000000000000961c      0x5e2
 *(.gnu.version)
 .gnu.version   0x000000000000961c      0x5e2 /usr/lib/gcc/x86_64-linux-gnu/11/../../../x86_64-linux-gnu/crti.o

.gnu.version_d  0x0000000000009c00        0x0
 *(.gnu.version_d)
 .gnu.version_d
                0x0000000000009c00        0x0 /usr/lib/gcc/x86_64-linux-gnu/11/../../../x86_64-linux-gnu/crti.o

.gnu.version_r  0x0000000000009c00       0x40
 *(.gnu.version_r)
 .gnu.version_r
                0x0000000000009c00       0x40 /usr/lib/gcc/x86_64-linux-gnu/11/../../../x86_64-linux-gnu/crti.o

.rela.dyn       0x0000000000009c40     0x20d0
 *(.rela.init)
 *(.rela.text .rela.text.* .rela.gnu.linkonce.t.*)
 .rela.text     0x0000000000009c40        0x0 /usr/lib/gcc/x86_64-linux-gnu/11/../../../x86_64-linux-gnu/crti.o
 *(.rela.fini)
 *(.rela.rodata .rela.rodata.* .rela.gnu.linkonce.r.*)
 *(.rela.data .rela.data.* .rela.gnu.linkonce.d.*)
 .rela.data.rel.local
                0x0000000000009c40      0x870 /usr/lib/gcc/x86_64-linux-gnu/11/../../../x86_64-linux-gnu/crti.o
 .rela.data.rel.ro
                0x000000000000a4b0      0x288 /usr/lib/gcc/x86_64-linux-gnu/11/../../../x86_64-linux-gnu/crti.o
 .rela.data.rel
                0x000000000000a738      0x3a8 /usr/lib/gcc/x86_64-linux-gnu/11/../../../x86_64-linux-gnu/crti.o
 .rela.data.rel.ro.local
                0x000000000000aae0      0x5e8 /usr/lib/gcc/x86_64-linux-gnu/11/../../../x86_64-linux-gnu/crti.o
 *(.rela.tdata .rela.tdata.* .rela.gnu.linkonce.td.*)
 *(.rela.tbss .rela.tbss.* .rela.gnu.linkonce.tb.*)
 *(.rela.ctors)
 *(.rela.dtors)
 *(.rela.got)
 .rela.got      0x000000000000b0c8      0xc18 /usr/lib/gcc/x86_64-linux-gnu/11/../../../x86_64-linux-gnu/crti.o
 *(.rela.bss .rela.bss.* .rela.gnu.linkonce.b.*)
 *(.rela.ldata .rela.ldata.* .rela.gnu.linkonce.l.*)
 *(.rela.lbss .rela.lbss.* .rela.gnu.linkonce.lb.*)
 *(.rela.lrodata .rela.lrodata.* .rela.gnu.linkonce.lr.*)
 *(.rela.ifunc)
 .rela.ifunc    0x000000000000bce0        0x0 /usr/lib/gcc/x86_64-linux-gnu/11/../../../x86_64-linux-gnu/crti.o
 .rela.fini_array
                0x000000000000bce0       0x18 /usr/lib/gcc/x86_64-linux-gnu/11/../../../x86_64-linux-gnu/crti.o
 .rela.init_array
                0x000000000000bcf8       0x18 /usr/lib/gcc/x86_64-linux-gnu/11/../../../x86_64-linux-gnu/crti.o

.rela.plt       0x000000000000bd10     0x2580
 *(.rela.plt)
 .rela.plt      0x000000000000bd10     0x2580 /usr/lib/gcc/x86_64-linux-gnu/11/../../../x86_64-linux-gnu/crti.o
 *(.rela.iplt)

.relr.dyn
 *(.relr.dyn)
                0x000000000000f000                . = ALIGN (CONSTANT (MAXPAGESIZE))

.init           0x000000000000f000       0x1b
 *(SORT_NONE(.init))
 .init          0x000000000000f000       0x16 /usr/lib/gcc/x86_64-linux-gnu/11/../../../x86_64-linux-gnu/crti.o
                0x000000000000f000                _init
 .init          0x000000000000f016        0x5 /usr/lib/gcc/x86_64-linux-gnu/11/../../../x86_64-linux-gnu/crtn.o

.plt            0x000000000000f020     0x1910
 *(.plt)
 .plt           0x000000000000f020     0x1910 /usr/lib/gcc/x86_64-linux-gnu/11/../../../x86_64-linux-gnu/crti.o
 *(.iplt)

.plt.got        0x0000000000010930       0x30
 *(.plt.got)
 .plt.got       0x0000000000010930       0x30 /usr/lib/gcc/x86_64-linux-gnu/11/../../../x86_64-linux-gnu/crti.o

.plt.sec        0x0000000000010960     0x1900
 *(.plt.sec)
 .plt.sec       0x0000000000010960     0x1900 /usr/lib/gcc/x86_64-linux-gnu/11/../../../x86_64-linux-gnu/crti.o

.text           0x0000000000012260    0x1f916
 *(.text.unlikely .text.*_unlikely .text.unlikely.*)
 *(.text.exit .text.exit.*)
 *(.text.startup .text.startup.*)
 *(.text.hot .text.hot.*)
 *(SORT_BY_NAME(.text.sorted.*))
 *(.text .stub .text.* .gnu.linkonce.t.*)
 .text          0x0000000000012260        0x0 /usr/lib/gcc/x86_64-linux-gnu/11/../../../x86_64-linux-gnu/crti.o
 .text          0x0000000000012260       0xb9 /usr/lib/gcc/x86_64-linux-gnu/11/crtbeginS.o
 .text          0x0000000000012319      0x289 coap-server.o
 .text          0x00000000000125a2      0x374 build/cooja/mtype320481818.o
                0x0000000000012658                platform_init_stage_one
                0x000000000001266d                platform_init_stage_two
                0x0000000000012682                platform_init_stage_three
                0x0000000000012697                platform_main_loop
                0x0000000000012731                JNI_OnLoad
                0x0000000000012748                Java_org_contikios_cooja_corecomm_Lib28_init
                0x000000000001279b                Java_org_contikios_cooja_corecomm_Lib28_getMemory
                0x00000000000127fa                Java_org_contikios_cooja_corecomm_Lib28_setMemory
                0x0000000000012859                Java_org_contikios_cooja_corecomm_Lib28_tick
                0x00000000000128e7                Java_org_contikios_cooja_corecomm_Lib28_setReferenceAddress
 .text          0x0000000000012916       0x93 build/cooja/contiki-ng-cooja.a(simEnvChange.o)
                0x0000000000012916                doActionsBeforeTick
                0x000000000001295f                doActionsAfterTick
 .text          0x00000000000129a9       0xab build/cooja/contiki-ng-cooja.a(cooja_mt.o)
                0x00000000000129a9                cooja_mt_start
                0x00000000000129e9                cooja_mt_exec
                0x0000000000012a2c                cooja_mt_yield
 .text          0x0000000000012a54      0x10e build/cooja/contiki-ng-cooja.a(cooja_mtarch.o)
                0x0000000000012a54                cooja_mtarch_start
                0x0000000000012af7                cooja_sw
                0x0000000000012b24                cooja_mtarch_exec
                0x0000000000012b52                cooja_mtarch_yield
 .text          0x0000000000012b62       0xcc build/cooja/contiki-ng-cooja.a(rtimer-arch.o)
                0x0000000000012b62                rtimer_arch_init
                0x0000000000012b88                rtimer_arch_schedule
                0x0000000000012bb2                rtimer_arch_next
                0x0000000000012bc6                rtimer_arch_pending
                0x0000000000012bd9                rtimer_arch_check
                0x0000000000012c1a                rtimer_arch_now
 .text          0x0000000000012c2e       0xe6 build/cooja/contiki-ng-cooja.a(beep.o)
                0x0000000000012c2e                beep_alarm
                0x0000000000012c49                beep_beep
                0x0000000000012c61                beep
                0x0000000000012c76                beep_down
                0x0000000000012c8e                beep_on
                0x0000000000012ca3                beep_off
                0x0000000000012cb8                beep_spinup
                0x0000000000012ccd                beep_quick
                0x0000000000012ce5                beep_long
 .text          0x0000000000012d14       0x80 build/cooja/contiki-ng-cooja.a(leds-arch.o)
                0x0000000000012d2d                leds_arch_init
 .text          0x0000000000012d94       0x41 build/cooja/contiki-ng-cooja.a(moteid.o)
 .text          0x0000000000012dd5       0xfa build/cooja/contiki-ng-cooja.a(pir-sensor.o)
 .text          0x0000000000012ecf      0x18b build/cooja/contiki-ng-cooja.a(rs232.o)
                0x0000000000012ecf                rs232_init
                0x0000000000012eda                rs232_set_speed
                0x0000000000012eea                rs232_set_input
                0x0000000000012f04                rs232_send
                0x0000000000012f23                rs232_print
                0x0000000000012f51                slip_arch_writeb
 .text          0x000000000001305a       0xfa build/cooja/contiki-ng-cooja.a(vib-sensor.o)
 .text          0x0000000000013154       0x6f build/cooja/contiki-ng-cooja.a(clock.o)
                0x0000000000013154                clock_init
                0x000000000001315f                clock_time
                0x0000000000013173                clock_seconds
                0x000000000001319f                clock_delay
 .text          0x00000000000131c3      0x214 build/cooja/contiki-ng-cooja.a(cooja-log.o)
                0x00000000000131c3                simlog_char
                0x000000000001321d                simlog
                0x00000000000132a2                log_message
                0x00000000000132e7                log_set_putchar_with_slip
                0x00000000000132fe                dbg_putchar
                0x000000000001337f                dbg_send_bytes
 .text          0x00000000000133d7      0x39b build/cooja/contiki-ng-cooja.a(cfs-cooja.o)
                0x00000000000133d7                cfs_open
                0x0000000000013454                cfs_close
                0x0000000000013469                cfs_read
                0x0000000000013530                cfs_write
                0x0000000000013640                cfs_seek
                0x00000000000136ef                cfs_remove
                0x000000000001371f                cfs_opendir
                0x0000000000013736                cfs_readdir
                0x000000000001374d                cfs_closedir
 .text          0x0000000000013772      0x79f build/cooja/contiki-ng-cooja.a(cooja-radio.o)
                0x00000000000137d1                radio_set_channel
                0x00000000000137eb                radio_set_txpower
                0x0000000000013808                radio_signal_strength_last
                0x000000000001381b                radio_signal_strength_current
                0x000000000001382e                radio_LQI
 .text          0x0000000000013f11      0x163 build/cooja/contiki-ng-cooja.a(eeprom.o)
                0x0000000000013f11                eeprom_init
                0x0000000000013f20                eeprom_read
                0x0000000000013fbf                eeprom_write
 .text          0x0000000000014074       0x2f build/cooja/contiki-ng-cooja.a(random.o)
                0x0000000000014074                random_init
                0x0000000000014094                random_rand
 .text          0x00000000000140a3      0x35f build/cooja/contiki-ng-cooja.a(sensors.o)
                0x00000000000140ec                sensors_first
                0x0000000000014100                sensors_next
                0x000000000001412f                sensors_changed
                0x000000000001417c                sensors_find
 .text          0x0000000000014402      0x3ad build/cooja/contiki-ng-cooja.a(leds.o)
                0x0000000000014402                leds_init
                0x000000000001444d                leds_single_on
                0x00000000000144ba                leds_single_off
                0x0000000000014527                leds_single_toggle
                0x000000000001455f                leds_on
                0x00000000000145f0                leds_off
                0x0000000000014681                leds_toggle
                0x00000000000146dd                leds_set
                0x0000000000014706                leds_get
 .text          0x00000000000147af      0x41b build/cooja/contiki-ng-cooja.a(gpio-hal-arch.o)
                0x00000000000147af                gpio_hal_arch_register_pin_callback
                0x0000000000014856                gpio_hal_arch_init
                0x00000000000148ac                gpio_hal_arch_no_port_interrupt_enable
                0x00000000000148f9                gpio_hal_arch_no_port_interrupt_disable
                0x0000000000014946                gpio_hal_arch_no_port_pin_cfg_set
                0x000000000001497c                gpio_hal_arch_no_port_pin_cfg_get
                0x00000000000149b0                gpio_hal_arch_no_port_pin_set_input
                0x00000000000149c3                gpio_hal_arch_no_port_pin_set_output
                0x00000000000149d6                gpio_hal_arch_no_port_set_pin
                0x00000000000149fa                gpio_hal_arch_no_port_clear_pin
                0x0000000000014a1e                gpio_hal_arch_no_port_read_pin
                0x0000000000014a4b                gpio_hal_arch_no_port_write_pin
                0x0000000000014a75                gpio_hal_arch_no_port_set_pins
                0x0000000000014ac4                gpio_hal_arch_no_port_clear_pins
                0x0000000000014b13                gpio_hal_arch_no_port_read_pins
                0x0000000000014b61                gpio_hal_arch_no_port_write_pins
 .text          0x0000000000014bca       0xa8 build/cooja/contiki-ng-cooja.a(buttons.o)
 .text          0x0000000000014c72      0x43d build/cooja/contiki-ng-cooja.a(res-actuator.o)
 .text          0x00000000000150af      0x122 build/cooja/contiki-ng-cooja.a(res-hello.o)
 .text          0x00000000000151d1      0xdaa build/cooja/contiki-ng-cooja.a(coap-engine.o)
                0x00000000000152a0                coap_add_handler
                0x00000000000152c9                coap_remove_handler
                0x00000000000152f2                coap_call_handlers
                0x0000000000015433                coap_receive
                0x0000000000015ae9                coap_engine_init
                0x0000000000015b49                coap_activate_resource
                0x0000000000015c1a                coap_get_first_resource
                0x0000000000015c33                coap_get_next_resource
 .text          0x0000000000015f7b      0xa9c build/cooja/contiki-ng-cooja.a(coap-observe.o)
                0x00000000000160cc                coap_remove_observer
                0x000000000001610b                coap_remove_observer_by_client
                0x0000000000016181                coap_remove_observer_by_token
                0x000000000001622f                coap_remove_observer_by_uri
                0x00000000000162ec                coap_remove_observer_by_mid
                0x0000000000016376                coap_notify_observers
                0x000000000001639a                coap_notify_observers_sub
                0x000000000001684c                coap_observe_handler
                0x00000000000169a0                coap_has_observers
 .text          0x0000000000016a17      0x376 build/cooja/contiki-ng-cooja.a(coap-res-well-known-core.o)
 .text          0x0000000000016d8d      0x322 build/cooja/contiki-ng-cooja.a(coap-timer.o)
                0x0000000000016e9f                coap_timer_stop
                0x0000000000016ed5                coap_timer_set
                0x0000000000016f0c                coap_timer_reset
                0x0000000000016f46                coap_timer_time_to_next_expiration
                0x0000000000016f9f                coap_timer_run
                0x0000000000017066                coap_timer_init
 .text          0x00000000000170af      0x33a build/cooja/contiki-ng-cooja.a(coap-transactions.o)
                0x0000000000017141                coap_new_transaction
                0x00000000000171b8                coap_send_transaction
                0x0000000000017337                coap_clear_transaction
                0x000000000001738d                coap_get_transaction_by_mid
 .text          0x00000000000173e9      0x8b4 build/cooja/contiki-ng-cooja.a(coap-uip.o)
                0x00000000000173e9                coap_endpoint_log
                0x0000000000017485                coap_endpoint_print
                0x0000000000017521                coap_endpoint_snprint
                0x00000000000176a7                coap_endpoint_copy
                0x00000000000176ef                coap_endpoint_cmp
                0x0000000000017844                coap_endpoint_parse
                0x0000000000017a73                coap_endpoint_is_secure
                0x0000000000017a8c                coap_endpoint_is_connected
                0x0000000000017ad2                coap_endpoint_connect
                0x0000000000017af8                coap_endpoint_disconnect
                0x0000000000017b07                coap_databuf
                0x0000000000017b1b                coap_transport_init
                0x0000000000017b7b                coap_sendto
 .text          0x0000000000017c9d     0x24a7 build/cooja/contiki-ng-cooja.a(coap.o)
                0x0000000000018375                coap_init_connection
                0x000000000001838c                coap_get_mid
                0x00000000000183ae                coap_init_message
                0x0000000000018404                coap_serialize_message
                0x0000000000018b8d                coap_parse_message
                0x00000000000193c1                coap_get_query_variable
                0x000000000001941d                coap_get_post_variable
                0x0000000000019477                coap_set_status_code
                0x00000000000194a9                coap_set_token
                0x0000000000019509                coap_get_header_content_format
                0x0000000000019551                coap_set_header_content_format
                0x0000000000019589                coap_get_header_accept
                0x00000000000195d4                coap_set_header_accept
                0x000000000001960f                coap_get_header_max_age
                0x0000000000019658                coap_set_header_max_age
                0x000000000001968d                coap_get_header_etag
                0x00000000000196d9                coap_set_header_etag
                0x000000000001974a                coap_get_header_if_match
                0x000000000001979c                coap_set_header_if_match
                0x0000000000019819                coap_get_header_if_none_match
                0x0000000000019844                coap_set_header_if_none_match
                0x000000000001986c                coap_get_header_proxy_uri
                0x00000000000198b5                coap_set_header_proxy_uri
                0x0000000000019904                coap_get_header_uri_host
                0x000000000001994d                coap_set_header_uri_host
                0x000000000001999c                coap_get_header_uri_path
                0x00000000000199eb                coap_set_header_uri_path
                0x0000000000019a55                coap_get_header_uri_query
                0x0000000000019aa4                coap_set_header_uri_query
                0x0000000000019b0e                coap_get_header_location_path
                0x0000000000019b57                coap_set_header_location_path
                0x0000000000019c0d                coap_get_header_location_query
                0x0000000000019c5c                coap_set_header_location_query
                0x0000000000019cc6                coap_get_header_observe
                0x0000000000019d0f                coap_set_header_observe
                0x0000000000019d47                coap_get_header_block2
                0x0000000000019de9                coap_set_header_block2
                0x0000000000019e79                coap_get_header_block1
                0x0000000000019f1b                coap_set_header_block1
                0x0000000000019fa6                coap_get_header_size2
                0x0000000000019fed                coap_set_header_size2
                0x000000000001a025                coap_get_header_size1
                0x000000000001a06c                coap_set_header_size1
                0x000000000001a0a4                coap_get_payload
                0x000000000001a0f4                coap_set_payload
 .text          0x000000000001a144      0x405 build/cooja/contiki-ng-cooja.a(contiki-main.o)
                0x000000000001a144                main
 .text          0x000000000001a549       0xbd build/cooja/contiki-ng-cooja.a(autostart.o)
                0x000000000001a549                autostart_start
                0x000000000001a5aa                autostart_exit
 .text          0x000000000001a606      0x441 build/cooja/contiki-ng-cooja.a(ctimer.o)
                0x000000000001a768                ctimer_init
                0x000000000001a79d                ctimer_set
                0x000000000001a7e1                ctimer_set_with_process
                0x000000000001a89b                ctimer_reset
                0x000000000001a90c                ctimer_restart
                0x000000000001a97d                ctimer_stop
                0x000000000001a9db                ctimer_expired
 .text          0x000000000001aa47       0x25 build/cooja/contiki-ng-cooja.a(energest.o)
                0x000000000001aa47                energest_init
                0x000000000001aa52                energest_flush
                0x000000000001aa5d                energest_get_total_time
 .text          0x000000000001aa6c      0x57c build/cooja/contiki-ng-cooja.a(etimer.o)
                0x000000000001ad14                etimer_request_poll
                0x000000000001adc6                etimer_set
                0x000000000001adfc                etimer_reset_with_new_interval
                0x000000000001ae37                etimer_reset
                0x000000000001ae62                etimer_restart
                0x000000000001ae8d                etimer_adjust
                0x000000000001aebe                etimer_expired
                0x000000000001aedd                etimer_expiration_time
                0x000000000001aefd                etimer_start_time
                0x000000000001af12                etimer_pending
                0x000000000001af2c                etimer_next_expiration_time
                0x000000000001af4d                etimer_stop
 .text          0x000000000001afe8      0x539 build/cooja/contiki-ng-cooja.a(log.o)
                0x000000000001afe8                log_6addr
                0x000000000001b04e                log_6addr_compact_snprint
                0x000000000001b129                log_6addr_compact
                0x000000000001b18f                log_lladdr
                0x000000000001b20f                log_lladdr_compact
                0x000000000001b291                log_bytes
                0x000000000001b2f1                log_set_level
                0x000000000001b3ff                log_get_level
                0x000000000001b4b6                log_level_to_str
 .text          0x000000000001b521       0x36 build/cooja/contiki-ng-cooja.a(node-id.o)
                0x000000000001b521                node_id_init
 .text          0x000000000001b557      0x673 build/cooja/contiki-ng-cooja.a(process.o)
                0x000000000001b557                process_alloc_event
                0x000000000001b571                process_start
                0x000000000001b7e1                process_exit
                0x000000000001b80d                process_init
                0x000000000001ba04                process_run
                0x000000000001ba39                process_nevents
                0x000000000001ba59                process_post
                0x000000000001bb21                process_post_synch
                0x000000000001bb6f                process_poll
                0x000000000001bbac                process_is_running
 .text          0x000000000001bbca      0x101 build/cooja/contiki-ng-cooja.a(rtimer.o)
                0x000000000001bbca                rtimer_init
                0x000000000001bbda                rtimer_set
                0x000000000001bc5b                rtimer_run_next
 .text          0x000000000001bccb       0xfd build/cooja/contiki-ng-cooja.a(timer.o)
                0x000000000001bccb                timer_set
                0x000000000001bcfa                timer_reset
                0x000000000001bd36                timer_restart
                0x000000000001bd55                timer_expired
                0x000000000001bd90                timer_remaining
 .text          0x000000000001bdc8      0x39b build/cooja/contiki-ng-cooja.a(list.o)
                0x000000000001bdc8                list_init
                0x000000000001bde2                list_head
                0x000000000001bdf7                list_copy
                0x000000000001be18                list_tail
                0x000000000001be61                list_add
                0x000000000001bec5                list_push
                0x000000000001bf08                list_chop
                0x000000000001bf95                list_pop
                0x000000000001bfcf                list_remove
                0x000000000001c05b                list_length
                0x000000000001c096                list_insert
                0x000000000001c0f9                list_item_next
                0x000000000001c11c                list_contains
 .text          0x000000000001c163      0x21a build/cooja/contiki-ng-cooja.a(memb.o)
                0x000000000001c163                memb_init
                0x000000000001c1c6                memb_alloc
                0x000000000001c240                memb_free
                0x000000000001c2d3                memb_inmemb
                0x000000000001c32a                memb_numfree
 .text          0x000000000001c37d      0x574 build/cooja/contiki-ng-cooja.a(button-hal.o)
                0x000000000001c548                button_hal_get_by_id
                0x000000000001c596                button_hal_get_by_index
                0x000000000001c5cd                button_hal_get_state
                0x000000000001c630                button_hal_init
 .text          0x000000000001c8f1      0x181 build/cooja/contiki-ng-cooja.a(gpio-hal.o)
                0x000000000001c8f1                gpio_hal_register_handler
                0x000000000001c91a                gpio_hal_event_handler
                0x000000000001c985                gpio_hal_init
                0x000000000001c9a4                gpio_hal_arch_port_toggle_pin
                0x000000000001c9db                gpio_hal_arch_port_toggle_pins
                0x000000000001ca0c                gpio_hal_arch_no_port_toggle_pin
                0x000000000001ca46                gpio_hal_arch_no_port_toggle_pins
 .text          0x000000000001ca72      0x238 build/cooja/contiki-ng-cooja.a(serial-line.o)
                0x000000000001ca72                serial_line_input_byte
                0x000000000001cc6d                serial_line_init
 .text          0x000000000001ccaa       0x80 build/cooja/contiki-ng-cooja.a(linkaddr.o)
                0x000000000001ccaa                linkaddr_copy
                0x000000000001cccb                linkaddr_cmp
                0x000000000001cd01                linkaddr_set_node_addr
 .text          0x000000000001cd2a      0x12b build/cooja/contiki-ng-cooja.a(netstack.o)
                0x000000000001cd2a                netstack_process_ip_callback
                0x000000000001cdcb                netstack_ip_packet_processor_add
                0x000000000001cdfb                uip_ds6_ip_packet_processor_rm
                0x000000000001ce24                netstack_init
 .text          0x000000000001ce55      0x4a8 build/cooja/contiki-ng-cooja.a(packetbuf.o)
                0x000000000001ce55                packetbuf_clear
                0x000000000001ce83                packetbuf_copyfrom
                0x000000000001cedc                packetbuf_copyto
                0x000000000001cf82                packetbuf_hdralloc
                0x000000000001d011                packetbuf_hdrreduce
                0x000000000001d061                packetbuf_set_datalen
                0x000000000001d07d                packetbuf_dataptr
                0x000000000001d0a2                packetbuf_hdrptr
                0x000000000001d0b3                packetbuf_datalen
                0x000000000001d0c4                packetbuf_hdrlen
                0x000000000001d0e0                packetbuf_totlen
                0x000000000001d102                packetbuf_remaininglen
                0x000000000001d11a                packetbuf_attr_clear
                0x000000000001d17f                packetbuf_attr_copyto
                0x000000000001d1ca                packetbuf_attr_copyfrom
                0x000000000001d215                packetbuf_set_attr
                0x000000000001d245                packetbuf_attr
                0x000000000001d266                packetbuf_set_addr
                0x000000000001d2ac                packetbuf_addr
                0x000000000001d2d6                packetbuf_holds_broadcast
 .text          0x000000000001d2fd      0x382 build/cooja/contiki-ng-cooja.a(queuebuf.o)
                0x000000000001d312                queuebuf_init
                0x000000000001d33b                queuebuf_numfree
                0x000000000001d354                queuebuf_new_from_packetbuf
                0x000000000001d407                queuebuf_update_attr_from_packetbuf
                0x000000000001d44a                queuebuf_update_from_packetbuf
                0x000000000001d4a6                queuebuf_free
                0x000000000001d502                queuebuf_to_packetbuf
                0x000000000001d57b                queuebuf_dataptr
                0x000000000001d5c2                queuebuf_datalen
                0x000000000001d5f2                queuebuf_addr
                0x000000000001d639                queuebuf_attr
                0x000000000001d674                queuebuf_debug_print
 .text          0x000000000001d67f      0x116 build/cooja/contiki-ng-cooja.a(printf.o)
                0x000000000001d6b4                log_printf
 .text          0x000000000001d795       0x1e build/cooja/contiki-ng-cooja.a(putchar.o)
                0x000000000001d795                log_putchar
 .text          0x000000000001d7b3       0x3d build/cooja/contiki-ng-cooja.a(puts.o)
                0x000000000001d7b3                log_puts
 .text          0x000000000001d7f0      0x1f8 build/cooja/contiki-ng-cooja.a(snprintf.o)
                0x000000000001d87b                log_snprintf
                0x000000000001d960                log_vsnprintf
 .text          0x000000000001d9e8      0x152 build/cooja/contiki-ng-cooja.a(sprintf.o)
                0x000000000001da33                log_sprintf
 .text          0x000000000001db3a     0x170b build/cooja/contiki-ng-cooja.a(strformat.o)
                0x000000000001dead                format_str
                0x000000000001df8e                format_str_v
 .text          0x000000000001f245      0x292 build/cooja/contiki-ng-cooja.a(csma.o)
 .text          0x000000000001f4d7     0x3747 build/cooja/contiki-ng-cooja.a(sicslowpan.o)
                0x000000000001fcad                netstack_sniffer_add
                0x000000000001fcc7                netstack_sniffer_remove
                0x0000000000022be7                sicslowpan_init
                0x0000000000022c0e                sicslowpan_get_last_rssi
 .text          0x0000000000022c1e      0x884 build/cooja/contiki-ng-cooja.a(tcpip.o)
                0x0000000000022c4e                tcpip_output
                0x0000000000022ce6                udp_attach
                0x0000000000022d14                udp_new
                0x0000000000022d6f                udp_broadcast_new
                0x0000000000022f23                tcpip_input
                0x00000000000230fb                tcpip_ipv6_output
                0x0000000000023354                tcpip_poll_udp
                0x0000000000023382                tcpip_uipcall
 .text          0x00000000000234a2      0x416 build/cooja/contiki-ng-cooja.a(uip-ds6-nbr.o)
                0x00000000000234a2                uip_ds6_neighbors_init
                0x00000000000234cb                uip_ds6_nbr_add
                0x0000000000023569                uip_ds6_nbr_rm
                0x00000000000235c6                uip_ds6_nbr_update_ll
                0x00000000000236cb                uip_ds6_nbr_get_ipaddr
                0x00000000000236eb                uip_ds6_nbr_get_ll
                0x0000000000023713                uip_ds6_nbr_num
                0x0000000000023765                uip_ds6_nbr_head
                0x000000000002377e                uip_ds6_nbr_next
                0x00000000000237a6                uip_ds6_nbr_lookup
                0x000000000002380f                uip_ds6_nbr_ll_lookup
                0x0000000000023837                uip_ds6_nbr_ipaddr_from_lladdr
                0x000000000002386b                uip_ds6_nbr_lladdr_from_ipaddr
                0x00000000000238a7                uip_ds6_link_callback
 .text          0x00000000000238b8      0x3f9 build/cooja/contiki-ng-cooja.a(uip-ds6-route.o)
                0x000000000002390f                uip_ds6_route_init
                0x0000000000023938                uip_ds6_route_count_nexthop_neighbors
                0x0000000000023947                uip_ds6_route_nexthop
                0x000000000002395a                uip_ds6_route_head
                0x0000000000023969                uip_ds6_route_next
                0x000000000002397c                uip_ds6_route_is_nexthop
                0x000000000002398f                uip_ds6_route_num_routes
                0x000000000002399e                uip_ds6_route_lookup
                0x00000000000239b1                uip_ds6_route_add
                0x00000000000239cd                uip_ds6_route_rm
                0x00000000000239dc                uip_ds6_route_rm_by_nexthop
                0x00000000000239eb                uip_ds6_defrt_head
                0x0000000000023a04                uip_ds6_defrt_add
                0x0000000000023ac4                uip_ds6_defrt_rm
                0x0000000000023b3a                uip_ds6_defrt_lookup
                0x0000000000023bb1                uip_ds6_defrt_choose
                0x0000000000023c34                uip_ds6_defrt_periodic
 .text          0x0000000000023cb1      0xebc build/cooja/contiki-ng-cooja.a(uip-ds6.o)
                0x0000000000023cb1                uip_ds6_default_prefix
                0x0000000000023cc2                uip_ds6_set_default_prefix
                0x0000000000023cea                uip_ds6_init
                0x0000000000023f89                uip_ds6_periodic
                0x000000000002402b                uip_ds6_list_loop
                0x0000000000024114                uip_ds6_prefix_add
                0x00000000000241e5                uip_ds6_prefix_rm
                0x0000000000024203                uip_ds6_prefix_lookup
                0x000000000002425a                uip_ds6_is_addr_onlink
                0x00000000000242ee                uip_ds6_addr_add
                0x0000000000024439                uip_ds6_addr_rm
                0x00000000000244f4                uip_ds6_addr_lookup
                0x0000000000024549                uip_ds6_get_link_local
                0x00000000000245ee                uip_ds6_get_global
                0x0000000000024693                uip_ds6_maddr_add
                0x000000000002470f                uip_ds6_maddr_rm
                0x000000000002472d                uip_ds6_maddr_lookup
                0x0000000000024785                uip_ds6_aaddr_add
                0x0000000000024801                uip_ds6_aaddr_rm
                0x000000000002481f                uip_ds6_aaddr_lookup
                0x0000000000024877                uip_ds6_select_src
                0x0000000000024a01                uip_ds6_set_addr_iid
                0x0000000000024a3a                uip_ds6_set_lladdr_from_iid
                0x0000000000024a71                get_match_length
                0x0000000000024b1f                uip_ds6_compute_reachable_time
 .text          0x0000000000024b6d      0x1b9 build/cooja/contiki-ng-cooja.a(uip-packetqueue.o)
                0x0000000000024bac                uip_packetqueue_new
                0x0000000000024bc6                uip_packetqueue_alloc
                0x0000000000024c40                uip_packetqueue_free
                0x0000000000024c98                uip_packetqueue_buf
                0x0000000000024cc4                uip_packetqueue_buflen
                0x0000000000024cf3                uip_packetqueue_set_buflen
 .text          0x0000000000024d26      0x147 build/cooja/contiki-ng-cooja.a(uip-udp-packet.o)
                0x0000000000024d26                uip_udp_packet_send
                0x0000000000024da8                uip_udp_packet_sendto
 .text          0x0000000000024e6d     0x1701 build/cooja/contiki-ng-cooja.a(uip6.o)
                0x0000000000024f31                uip_chksum
                0x0000000000025017                uip_icmp6chksum
                0x000000000002502b                uip_udpchksum
                0x000000000002503f                uip_init
                0x00000000000250a6                uip_remove_ext_hdr
                0x00000000000251a7                uip_udp_new
                0x0000000000025555                uip_process
                0x00000000000263f4                uip_htons
                0x0000000000026417                uip_htonl
                0x000000000002645f                uip_send
 .text          0x000000000002656e      0x5b1 build/cooja/contiki-ng-cooja.a(uipbuf.o)
                0x000000000002656e                uipbuf_clear
                0x00000000000265a0                uipbuf_add_ext_hdr
                0x0000000000026638                uipbuf_set_len
                0x000000000002666a                uipbuf_set_len_field
                0x000000000002669d                uipbuf_get_len_field
                0x00000000000266c8                uipbuf_get_next_header
                0x000000000002683a                uipbuf_get_last_header
                0x00000000000268cd                uipbuf_search_header
                0x0000000000026994                uipbuf_get_attr
                0x00000000000269c5                uipbuf_set_attr
                0x0000000000026a05                uipbuf_set_default_attr
                0x0000000000026a45                uipbuf_clear_attr
                0x0000000000026a6c                uipbuf_set_attr_flag
                0x0000000000026a8f                uipbuf_clr_attr_flag
                0x0000000000026ab8                uipbuf_is_attr_flag
                0x0000000000026add                uipbuf_init
 .text          0x0000000000026b1f      0x57d build/cooja/contiki-ng-cooja.a(uiplib.o)
                0x0000000000026b1f                uiplib_ip6addrconv
                0x0000000000026cfb                uiplib_ip4addrconv
                0x0000000000026dcd                uiplib_ipaddr_print
                0x0000000000026e33                uiplib_ipaddr_snprint
 .text          0x000000000002709c      0x66e build/cooja/contiki-ng-cooja.a(rpl.o)
                0x000000000002709c                rpl_lollipop_greater_than
                0x0000000000027100                rpl_get_global_address
                0x00000000000272a0                rpl_link_callback
                0x000000000002730a                rpl_has_joined
                0x000000000002733d                rpl_is_reachable
                0x00000000000273e3                rpl_reset_prefix
                0x000000000002745a                rpl_set_prefix_from_addr
                0x0000000000027575                rpl_set_prefix
                0x00000000000276df                rpl_set_leaf_only
                0x00000000000276f9                rpl_get_leaf_only
 .text          0x000000000002770a       0x49 build/cooja/contiki-ng-cooja.a(watchdog.o)
                0x000000000002770a                watchdog_init
                0x0000000000027715                watchdog_start
                0x0000000000027720                watchdog_periodic
                0x000000000002773d                watchdog_stop
                0x0000000000027748                watchdog_reboot
 .text          0x0000000000027753       0x61 build/cooja/contiki-ng-cooja.a(int-master.o)
                0x0000000000027753                int_master_enable
                0x0000000000027768                int_master_read_and_disable
                0x0000000000027788                int_master_status_set
                0x000000000002779f                int_master_is_enabled
 .text          0x00000000000277b4      0x1e5 build/cooja/contiki-ng-cooja.a(coap-timer-default.o)
 .text          0x0000000000027999      0x125 build/cooja/contiki-ng-cooja.a(stimer.o)
                0x0000000000027999                stimer_set
                0x00000000000279c8                stimer_reset
                0x0000000000027a04                stimer_restart
                0x0000000000027a23                stimer_expired
                0x0000000000027a65                stimer_remaining
                0x0000000000027a9d                stimer_elapsed
 .text          0x0000000000027abe      0x19d build/cooja/contiki-ng-cooja.a(ringbuf.o)
                0x0000000000027abe                ringbuf_init
                0x0000000000027aff                ringbuf_put
                0x0000000000027b8e                ringbuf_get
                0x0000000000027c0c                ringbuf_size
                0x0000000000027c28                ringbuf_elements
 .text          0x0000000000027c5b      0x481 build/cooja/contiki-ng-cooja.a(link-stats.o)
                0x0000000000027c5b                link_stats_from_lladdr
                0x0000000000027c83                link_stats_get_lladdr
                0x0000000000027cab                link_stats_is_fresh
                0x0000000000027cf3                guess_etx_from_rssi
                0x0000000000027d78                link_stats_packet_sent
                0x0000000000027edc                link_stats_input_callback
                0x000000000002803e                link_stats_reset
                0x000000000002809a                link_stats_init
 .text          0x00000000000280dc      0xcb3 build/cooja/contiki-ng-cooja.a(nbr-table.o)
                0x000000000002853a                nbr_table_count_entries
                0x00000000000285dc                nbr_table_gc_get_worst
                0x000000000002861f                nbr_table_can_accept_new
                0x00000000000287d4                nbr_table_entry_is_allowed
                0x0000000000028881                nbr_table_register
                0x0000000000028913                nbr_table_is_registered
                0x000000000002896a                nbr_table_head
                0x00000000000289d8                nbr_table_next
                0x0000000000028a55                nbr_table_add_lladdr
                0x0000000000028bb5                nbr_table_get_from_lladdr
                0x0000000000028c14                nbr_table_remove
                0x0000000000028c6e                nbr_table_lock
                0x0000000000028ca3                nbr_table_unlock
                0x0000000000028cd8                nbr_table_get_lladdr
                0x0000000000028d1b                nbr_table_clear
                0x0000000000028d58                nbr_table_key_head
                0x0000000000028d71                nbr_table_key_next
 .text          0x0000000000028d8f      0x1e0 build/cooja/contiki-ng-cooja.a(mac-sequence.o)
                0x0000000000028d8f                mac_sequence_is_duplicate
                0x0000000000028e70                mac_sequence_register_seqno
 .text          0x0000000000028f6f      0x451 build/cooja/contiki-ng-cooja.a(framer-802154.o)
                0x000000000002910a                framer_802154_setup_params
 .text          0x00000000000293c0      0xae3 build/cooja/contiki-ng-cooja.a(csma-output.o)
                0x0000000000029ba2                csma_output_packet
                0x0000000000029e6b                csma_output_init
 .text          0x0000000000029ea3       0x3d build/cooja/contiki-ng-cooja.a(csma-security.o)
                0x0000000000029ea3                csma_security_create_frame
                0x0000000000029ec9                csma_security_parse_frame
 .text          0x0000000000029ee0      0x8b7 build/cooja/contiki-ng-cooja.a(uip-icmp6.o)
                0x0000000000029f5d                uip_icmp6_input
                0x0000000000029fbb                uip_icmp6_register_input_handler
                0x000000000002a14d                uip_icmp6_error_output
                0x000000000002a4b2                uip_icmp6_send
                0x000000000002a6fe                uip_icmp6_echo_reply_callback_add
                0x000000000002a745                uip_icmp6_echo_reply_callback_rm
                0x000000000002a76e                uip_icmp6_init
 .text          0x000000000002a797      0x87f build/cooja/contiki-ng-cooja.a(uip-nd6.o)
                0x000000000002affc                uip_nd6_init
 .text          0x000000000002b016      0x7e7 build/cooja/contiki-ng-cooja.a(uip-sr.o)
                0x000000000002b016                uip_sr_num_nodes
                0x000000000002b0c1                uip_sr_get_node
                0x000000000002b129                uip_sr_is_addr_reachable
                0x000000000002b1f1                uip_sr_expire_parent
                0x000000000002b260                uip_sr_update_node
                0x000000000002b3d4                uip_sr_init
                0x000000000002b407                uip_sr_node_head
                0x000000000002b420                uip_sr_node_next
                0x000000000002b43e                uip_sr_periodic
                0x000000000002b57a                uip_sr_free_all
                0x000000000002b5f9                uip_sr_link_snprint
 .text          0x000000000002b7fd      0x35a build/cooja/contiki-ng-cooja.a(rpl-dag-root.o)
                0x000000000002b7fd                rpl_dag_root_print_links
                0x000000000002b972                rpl_dag_root_set_prefix
                0x000000000002b9ae                rpl_dag_root_start
                0x000000000002bb17                rpl_dag_root_is_root
 .text          0x000000000002bb57     0x1219 build/cooja/contiki-ng-cooja.a(rpl-dag.o)
                0x000000000002bb57                rpl_dag_state_to_str
                0x000000000002bbb5                rpl_dag_get_root_ipaddr
                0x000000000002bbff                rpl_dag_leave
                0x000000000002bcaa                rpl_dag_poison_and_leave
                0x000000000002bcc8                rpl_dag_periodic
                0x000000000002bd8c                rpl_is_addr_in_our_dag
                0x000000000002bde8                rpl_get_default_instance
                0x000000000002be0f                rpl_get_any_dag
                0x000000000002be7c                rpl_refresh_routes
                0x000000000002bede                rpl_global_repair
                0x000000000002bfa0                rpl_local_repair
                0x000000000002c002                rpl_dag_ready_to_advertise
                0x000000000002c05a                rpl_dag_update_state
                0x000000000002c91d                rpl_process_dio
                0x000000000002c9bf                rpl_process_dis
                0x000000000002ca13                rpl_process_dao
                0x000000000002cabc                rpl_process_dao_ack
                0x000000000002cb6c                rpl_process_hbh
                0x000000000002cbcb                rpl_dag_init_root
                0x000000000002cd4c                rpl_dag_init
 .text          0x000000000002cd70      0xdef build/cooja/contiki-ng-cooja.a(rpl-ext-header.o)
                0x000000000002cd70                rpl_ext_header_srh_get_next_hop
                0x000000000002ce81                rpl_ext_header_srh_update
                0x000000000002d510                rpl_ext_header_hbh_update
                0x000000000002d8b0                rpl_ext_header_update
                0x000000000002d95a                rpl_ext_header_remove
 .text          0x000000000002db5f     0x16eb build/cooja/contiki-ng-cooja.a(rpl-icmp6.o)
                0x000000000002dcf3                rpl_icmp6_update_nbr_table
                0x000000000002dda8                rpl_icmp6_dis_output
                0x000000000002e4cc                rpl_icmp6_dio_output
                0x000000000002edfc                rpl_icmp6_dao_output
                0x000000000002f16d                rpl_icmp6_dao_ack_output
                0x000000000002f203                rpl_icmp6_init
 .text          0x000000000002f24a      0x36f build/cooja/contiki-ng-cooja.a(rpl-mrhof.o)
 .text          0x000000000002f5b9       0x8c build/cooja/contiki-ng-cooja.a(rpl-nbr-policy.o)
                0x000000000002f601                rpl_nbr_gc_get_worst
 .text          0x000000000002f645      0xadd build/cooja/contiki-ng-cooja.a(rpl-neighbor.o)
                0x000000000002f6d8                rpl_neighbor_snprint
                0x000000000002fa06                rpl_neighbor_print_list
                0x000000000002fadd                rpl_neighbor_count
                0x000000000002fbc8                rpl_neighbor_get_from_lladdr
                0x000000000002fbf3                rpl_neighbor_is_acceptable_parent
                0x000000000002fc3f                rpl_neighbor_get_link_metric
                0x000000000002fc8b                rpl_neighbor_rank_via_nbr
                0x000000000002fcd7                rpl_neighbor_get_lladdr
                0x000000000002fd02                rpl_neighbor_get_ipaddr
                0x000000000002fd30                rpl_neighbor_get_link_stats
                0x000000000002fd5e                rpl_neighbor_is_fresh
                0x000000000002fd8c                rpl_neighbor_is_parent
                0x000000000002fdc5                rpl_neighbor_set_preferred_parent
                0x000000000002fe7c                rpl_neighbor_remove_all
                0x000000000002fee2                rpl_neighbor_get_from_ipaddr
                0x000000000003001b                rpl_neighbor_select_best
                0x00000000000300fb                rpl_neighbor_init
 .text          0x0000000000030122      0xd3d build/cooja/contiki-ng-cooja.a(rpl-timers.o)
                0x0000000000030122                rpl_timers_schedule_periodic_dis
                0x00000000000302d8                rpl_timers_dio_reset
                0x000000000003045c                rpl_timers_schedule_unicast_dio
                0x0000000000030643                rpl_timers_schedule_dao
                0x0000000000030749                rpl_timers_schedule_dao_ack
                0x000000000003080e                rpl_timers_notify_dao_ack
                0x0000000000030883                get_probing_delay
                0x00000000000308ca                get_probing_target
                0x0000000000030b08                rpl_schedule_probing
                0x0000000000030b4f                rpl_schedule_probing_now
                0x0000000000030bdd                rpl_timers_unschedule_leaving
                0x0000000000030c27                rpl_timers_schedule_leaving
                0x0000000000030c85                rpl_timers_init
                0x0000000000030d37                rpl_timers_stop_dag_timers
                0x0000000000030dd9                rpl_timers_unschedule_state_update
                0x0000000000030e06                rpl_timers_schedule_state_update
 .text          0x0000000000030e5f       0x34 build/cooja/contiki-ng-cooja.a(assert.o)
                0x0000000000030e5f                _xassert
 .text          0x0000000000030e93       0x3a build/cooja/contiki-ng-cooja.a(mac.o)
                0x0000000000030e93                mac_call_sent_callback
 .text          0x0000000000030ecd      0xca9 build/cooja/contiki-ng-cooja.a(frame802154.o)
                0x0000000000030efb                frame802154_get_pan_id
                0x0000000000030f0c                frame802154_set_pan_id
                0x0000000000030f28                frame802154_has_panid
                0x0000000000031107                frame802154_check_dest_panid
                0x00000000000311a5                frame802154_is_broadcast_addr
                0x00000000000311fc                frame802154_extract_linkaddr
                0x0000000000031496                frame802154_hdrlen
                0x0000000000031515                frame802154_create_fcf
                0x00000000000315e7                frame802154_create
                0x0000000000031791                frame802154_parse_fcf
                0x0000000000031888                frame802154_parse
 .text          0x0000000000031b76        0x0 /usr/lib/gcc/x86_64-linux-gnu/11/crtendS.o
 .text          0x0000000000031b76        0x0 /usr/lib/gcc/x86_64-linux-gnu/11/../../../x86_64-linux-gnu/crtn.o
 *(.gnu.warning)

.fini           0x0000000000031b78        0xd
 *(SORT_NONE(.fini))
 .fini          0x0000000000031b78        0x8 /usr/lib/gcc/x86_64-linux-gnu/11/../../../x86_64-linux-gnu/crti.o
                0x0000000000031b78                _fini
 .fini          0x0000000000031b80        0x5 /usr/lib/gcc/x86_64-linux-gnu/11/../../../x86_64-linux-gnu/crtn.o
                [!provide]                        PROVIDE (__etext = .)
                [!provide]                        PROVIDE (_etext = .)
                [!provide]                        PROVIDE (etext = .)
                0x0000000000032000                . = ALIGN (CONSTANT (MAXPAGESIZE))
                0x0000000000032000                . = SEGMENT_START ("rodata-segment", (ALIGN (CONSTANT (MAXPAGESIZE)) + (. & (CONSTANT (MAXPAGESIZE) - 0x1))))

.rodata         0x0000000000032000      0xead
 *(.rodata .rodata.* .gnu.linkonce.r.*)
 .rodata        0x0000000000032000      0x11a coap-server.o
 .rodata        0x000000000003211a        0x6 build/cooja/contiki-ng-cooja.a(leds-arch.o)
                0x000000000003211a                leds_arch_leds
 .rodata        0x0000000000032120        0x4 build/cooja/contiki-ng-cooja.a(pir-sensor.o)
 .rodata        0x0000000000032124        0x3 build/cooja/contiki-ng-cooja.a(rs232.o)
 .rodata        0x0000000000032127        0xa build/cooja/contiki-ng-cooja.a(vib-sensor.o)
 *fill*         0x0000000000032131        0x7 
 .rodata        0x0000000000032138       0x26 build/cooja/contiki-ng-cooja.a(cfs-cooja.o)
 *fill*         0x000000000003215e        0x2 
 .rodata        0x0000000000032160       0x68 build/cooja/contiki-ng-cooja.a(cooja-radio.o)
 .rodata        0x00000000000321c8        0x8 build/cooja/contiki-ng-cooja.a(sensors.o)
 .rodata        0x00000000000321d0       0x14 build/cooja/contiki-ng-cooja.a(buttons.o)
                0x00000000000321dc                button_hal_button_count
 *fill*         0x00000000000321e4        0x4 
 .rodata        0x00000000000321e8      0x307 build/cooja/contiki-ng-cooja.a(res-actuator.o)
 *fill*         0x00000000000324ef        0x1 
 .rodata        0x00000000000324f0       0x4e build/cooja/contiki-ng-cooja.a(res-hello.o)
 .rodata        0x000000000003253e       0x41 build/cooja/contiki-ng-cooja.a(coap-engine.o)
 .rodata        0x000000000003257f       0x11 build/cooja/contiki-ng-cooja.a(coap-observe.o)
 .rodata        0x0000000000032590       0x19 build/cooja/contiki-ng-cooja.a(coap-res-well-known-core.o)
 .rodata        0x00000000000325a9       0x35 build/cooja/contiki-ng-cooja.a(coap-uip.o)
 *fill*         0x00000000000325de        0x2 
 .rodata        0x00000000000325e0      0x1b0 build/cooja/contiki-ng-cooja.a(coap.o)
 .rodata        0x0000000000032790       0xec build/cooja/contiki-ng-cooja.a(contiki-main.o)
 .rodata        0x000000000003287c        0xf build/cooja/contiki-ng-cooja.a(ctimer.o)
 .rodata        0x000000000003288b        0xc build/cooja/contiki-ng-cooja.a(etimer.o)
 *fill*         0x0000000000032897        0x1 
 .rodata        0x0000000000032898       0xc0 build/cooja/contiki-ng-cooja.a(log.o)
 .rodata        0x0000000000032958       0x13 build/cooja/contiki-ng-cooja.a(button-hal.o)
 .rodata        0x000000000003296b        0xe build/cooja/contiki-ng-cooja.a(serial-line.o)
 *fill*         0x0000000000032979        0x7 
 .rodata        0x0000000000032980        0x8 build/cooja/contiki-ng-cooja.a(linkaddr.o)
                0x0000000000032980                linkaddr_null
 *fill*         0x0000000000032988        0x8 
 .rodata        0x0000000000032990      0x280 build/cooja/contiki-ng-cooja.a(strformat.o)
 .rodata        0x0000000000032c10        0x5 build/cooja/contiki-ng-cooja.a(csma.o)
 .rodata        0x0000000000032c15       0x1d build/cooja/contiki-ng-cooja.a(sicslowpan.o)
                0x0000000000032c15                unc_llconf
                0x0000000000032c19                unc_ctxconf
                0x0000000000032c1d                unc_mxconf
                0x0000000000032c21                llprefix
 .rodata        0x0000000000032c32        0xd build/cooja/contiki-ng-cooja.a(tcpip.o)
 *fill*         0x0000000000032c3f        0x1 
 .rodata        0x0000000000032c40       0x4c build/cooja/contiki-ng-cooja.a(uip-ds6-route.o)
 .rodata        0x0000000000032c8c       0x2d build/cooja/contiki-ng-cooja.a(uiplib.o)
 .rodata        0x0000000000032cb9        0x9 build/cooja/contiki-ng-cooja.a(rpl.o)
 .rodata        0x0000000000032cc2       0x13 build/cooja/contiki-ng-cooja.a(coap-timer-default.o)
 *fill*         0x0000000000032cd5        0x3 
 .rodata        0x0000000000032cd8       0x28 build/cooja/contiki-ng-cooja.a(csma-output.o)
 .rodata        0x0000000000032d00       0x44 build/cooja/contiki-ng-cooja.a(uip-sr.o)
 .rodata        0x0000000000032d44       0xd7 build/cooja/contiki-ng-cooja.a(rpl-dag.o)
 *fill*         0x0000000000032e1b        0x5 
 .rodata        0x0000000000032e20       0x58 build/cooja/contiki-ng-cooja.a(rpl-neighbor.o)
 .rodata        0x0000000000032e78        0xc build/cooja/contiki-ng-cooja.a(rpl-timers.o)
 *fill*         0x0000000000032e84        0x4 
 .rodata        0x0000000000032e88       0x25 build/cooja/contiki-ng-cooja.a(assert.o)

.rodata1
 *(.rodata1)

.eh_frame_hdr   0x0000000000032eb0     0x1ab4
 *(.eh_frame_hdr)
 .eh_frame_hdr  0x0000000000032eb0     0x1ab4 coap-server.o
                0x0000000000032eb0                __GNU_EH_FRAME_HDR
 *(.eh_frame_entry .eh_frame_entry.*)

.eh_frame       0x0000000000034968     0x6b40
 *(.eh_frame)
 .eh_frame      0x0000000000034968       0x40 /usr/lib/gcc/x86_64-linux-gnu/11/../../../x86_64-linux-gnu/crti.o
 .eh_frame      0x00000000000349a8       0x18 /usr/lib/gcc/x86_64-linux-gnu/11/../../../x86_64-linux-gnu/crti.o
                                         0x30 (size before relaxing)
 .eh_frame      0x00000000000349c0       0x18 /usr/lib/gcc/x86_64-linux-gnu/11/../../../x86_64-linux-gnu/crti.o
                                         0x30 (size before relaxing)
 .eh_frame      0x00000000000349d8       0x20 coap-server.o
                                         0x38 (size before relaxing)
 .eh_frame      0x00000000000349f8      0x198 build/cooja/mtype320481818.o
                                        0x1b0 (size before relaxing)
 .eh_frame      0x0000000000034b90       0x40 build/cooja/contiki-ng-cooja.a(simEnvChange.o)
                                         0x58 (size before relaxing)
 .eh_frame      0x0000000000034bd0       0x60 build/cooja/contiki-ng-cooja.a(cooja_mt.o)
                                         0x78 (size before relaxing)
 .eh_frame      0x0000000000034c30       0x80 build/cooja/contiki-ng-cooja.a(cooja_mtarch.o)
                                         0x98 (size before relaxing)
 .eh_frame      0x0000000000034cb0       0xc0 build/cooja/contiki-ng-cooja.a(rtimer-arch.o)
                                         0xd8 (size before relaxing)
 .eh_frame      0x0000000000034d70      0x160 build/cooja/contiki-ng-cooja.a(beep.o)
                                        0x178 (size before relaxing)
 .eh_frame      0x0000000000034ed0       0x80 build/cooja/contiki-ng-cooja.a(leds-arch.o)
                                         0x98 (size before relaxing)
 .eh_frame      0x0000000000034f50       0x40 build/cooja/contiki-ng-cooja.a(moteid.o)
                                         0x58 (size before relaxing)
 .eh_frame      0x0000000000034f90       0xa0 build/cooja/contiki-ng-cooja.a(pir-sensor.o)
                                         0xb8 (size before relaxing)
 .eh_frame      0x0000000000035030      0x100 build/cooja/contiki-ng-cooja.a(rs232.o)
                                        0x118 (size before relaxing)
 .eh_frame      0x0000000000035130       0xa0 build/cooja/contiki-ng-cooja.a(vib-sensor.o)
                                         0xb8 (size before relaxing)
 .eh_frame      0x00000000000351d0       0xc0 build/cooja/contiki-ng-cooja.a(clock.o)
                                         0xd8 (size before relaxing)
 .eh_frame      0x0000000000035290      0x100 build/cooja/contiki-ng-cooja.a(cooja-log.o)
                                        0x118 (size before relaxing)
 .eh_frame      0x0000000000035390      0x160 build/cooja/contiki-ng-cooja.a(cfs-cooja.o)
                                        0x178 (size before relaxing)
 .eh_frame      0x00000000000354f0      0x360 build/cooja/contiki-ng-cooja.a(cooja-radio.o)
                                        0x378 (size before relaxing)
 .eh_frame      0x0000000000035850       0xa0 build/cooja/contiki-ng-cooja.a(eeprom.o)
                                         0xb8 (size before relaxing)
 .eh_frame      0x00000000000358f0       0x40 build/cooja/contiki-ng-cooja.a(random.o)
                                         0x58 (size before relaxing)
 .eh_frame      0x0000000000035930       0xc0 build/cooja/contiki-ng-cooja.a(sensors.o)
                                         0xd8 (size before relaxing)
 .eh_frame      0x00000000000359f0      0x120 build/cooja/contiki-ng-cooja.a(leds.o)
                                        0x138 (size before relaxing)
 .eh_frame      0x0000000000035b10      0x220 build/cooja/contiki-ng-cooja.a(gpio-hal-arch.o)
                                        0x238 (size before relaxing)
 .eh_frame      0x0000000000035d30       0xa0 build/cooja/contiki-ng-cooja.a(buttons.o)
                                         0xb8 (size before relaxing)
 .eh_frame      0x0000000000035dd0       0x40 build/cooja/contiki-ng-cooja.a(res-actuator.o)
                                         0x58 (size before relaxing)
 .eh_frame      0x0000000000035e10       0x20 build/cooja/contiki-ng-cooja.a(res-hello.o)
                                         0x38 (size before relaxing)
 .eh_frame      0x0000000000035e30      0x220 build/cooja/contiki-ng-cooja.a(coap-engine.o)
                                        0x238 (size before relaxing)
 .eh_frame      0x0000000000036050      0x188 build/cooja/contiki-ng-cooja.a(coap-observe.o)
                                        0x1a0 (size before relaxing)
 .eh_frame      0x00000000000361d8       0x20 build/cooja/contiki-ng-cooja.a(coap-res-well-known-core.o)
                                         0x38 (size before relaxing)
 .eh_frame      0x00000000000361f8      0x108 build/cooja/contiki-ng-cooja.a(coap-timer.o)
                                        0x120 (size before relaxing)
 .eh_frame      0x0000000000036300      0x100 build/cooja/contiki-ng-cooja.a(coap-transactions.o)
                                        0x118 (size before relaxing)
 .eh_frame      0x0000000000036400      0x248 build/cooja/contiki-ng-cooja.a(coap-uip.o)
                                        0x260 (size before relaxing)
 .eh_frame      0x0000000000036648      0x6e8 build/cooja/contiki-ng-cooja.a(coap.o)
                                        0x700 (size before relaxing)
 .eh_frame      0x0000000000036d30       0x20 build/cooja/contiki-ng-cooja.a(contiki-main.o)
                                         0x38 (size before relaxing)
 .eh_frame      0x0000000000036d50       0x40 build/cooja/contiki-ng-cooja.a(autostart.o)
                                         0x58 (size before relaxing)
 .eh_frame      0x0000000000036d90      0x100 build/cooja/contiki-ng-cooja.a(ctimer.o)
                                        0x118 (size before relaxing)
 .eh_frame      0x0000000000036e90       0x60 build/cooja/contiki-ng-cooja.a(energest.o)
                                         0x78 (size before relaxing)
 .eh_frame      0x0000000000036ef0      0x1e0 build/cooja/contiki-ng-cooja.a(etimer.o)
                                        0x1f8 (size before relaxing)
 .eh_frame      0x00000000000370d0      0x120 build/cooja/contiki-ng-cooja.a(log.o)
                                        0x138 (size before relaxing)
 .eh_frame      0x00000000000371f0       0x20 build/cooja/contiki-ng-cooja.a(node-id.o)
                                         0x38 (size before relaxing)
 .eh_frame      0x0000000000037210      0x1c8 build/cooja/contiki-ng-cooja.a(process.o)
                                        0x1e0 (size before relaxing)
 .eh_frame      0x00000000000373d8       0x60 build/cooja/contiki-ng-cooja.a(rtimer.o)
                                         0x78 (size before relaxing)
 .eh_frame      0x0000000000037438       0xa0 build/cooja/contiki-ng-cooja.a(timer.o)
                                         0xb8 (size before relaxing)
 .eh_frame      0x00000000000374d8      0x1a0 build/cooja/contiki-ng-cooja.a(list.o)
                                        0x1b8 (size before relaxing)
 .eh_frame      0x0000000000037678       0xa0 build/cooja/contiki-ng-cooja.a(memb.o)
                                         0xb8 (size before relaxing)
 .eh_frame      0x0000000000037718      0x160 build/cooja/contiki-ng-cooja.a(button-hal.o)
                                        0x178 (size before relaxing)
 .eh_frame      0x0000000000037878       0xe0 build/cooja/contiki-ng-cooja.a(gpio-hal.o)
                                         0xf8 (size before relaxing)
 .eh_frame      0x0000000000037958       0x60 build/cooja/contiki-ng-cooja.a(serial-line.o)
                                         0x78 (size before relaxing)
 .eh_frame      0x00000000000379b8       0x60 build/cooja/contiki-ng-cooja.a(linkaddr.o)
                                         0x78 (size before relaxing)
 .eh_frame      0x0000000000037a18       0x80 build/cooja/contiki-ng-cooja.a(netstack.o)
                                         0x98 (size before relaxing)
 .eh_frame      0x0000000000037a98      0x288 build/cooja/contiki-ng-cooja.a(packetbuf.o)
                                        0x2a0 (size before relaxing)
 .eh_frame      0x0000000000037d20      0x1a0 build/cooja/contiki-ng-cooja.a(queuebuf.o)
                                        0x1b8 (size before relaxing)
 .eh_frame      0x0000000000037ec0       0x40 build/cooja/contiki-ng-cooja.a(printf.o)
                                         0x58 (size before relaxing)
 .eh_frame      0x0000000000037f00       0x20 build/cooja/contiki-ng-cooja.a(putchar.o)
                                         0x38 (size before relaxing)
 .eh_frame      0x0000000000037f20       0x20 build/cooja/contiki-ng-cooja.a(puts.o)
                                         0x38 (size before relaxing)
 .eh_frame      0x0000000000037f40       0x60 build/cooja/contiki-ng-cooja.a(snprintf.o)
                                         0x78 (size before relaxing)
 .eh_frame      0x0000000000037fa0       0x40 build/cooja/contiki-ng-cooja.a(sprintf.o)
                                         0x58 (size before relaxing)
 .eh_frame      0x0000000000037fe0      0x120 build/cooja/contiki-ng-cooja.a(strformat.o)
                                        0x138 (size before relaxing)
 .eh_frame      0x0000000000038100       0xe0 build/cooja/contiki-ng-cooja.a(csma.o)
                                         0xf8 (size before relaxing)
 .eh_frame      0x00000000000381e0      0x2e0 build/cooja/contiki-ng-cooja.a(sicslowpan.o)
                                        0x2f8 (size before relaxing)
 .eh_frame      0x00000000000384c0      0x248 build/cooja/contiki-ng-cooja.a(tcpip.o)
                                        0x260 (size before relaxing)
 .eh_frame      0x0000000000038708      0x1c0 build/cooja/contiki-ng-cooja.a(uip-ds6-nbr.o)
                                        0x1d8 (size before relaxing)
 .eh_frame      0x00000000000388c8      0x240 build/cooja/contiki-ng-cooja.a(uip-ds6-route.o)
                                        0x258 (size before relaxing)
 .eh_frame      0x0000000000038b08      0x328 build/cooja/contiki-ng-cooja.a(uip-ds6.o)
                                        0x340 (size before relaxing)
 .eh_frame      0x0000000000038e30       0xe0 build/cooja/contiki-ng-cooja.a(uip-packetqueue.o)
                                         0xf8 (size before relaxing)
 .eh_frame      0x0000000000038f10       0x40 build/cooja/contiki-ng-cooja.a(uip-udp-packet.o)
                                         0x58 (size before relaxing)
 .eh_frame      0x0000000000038f50      0x1e8 build/cooja/contiki-ng-cooja.a(uip6.o)
                                        0x200 (size before relaxing)
 .eh_frame      0x0000000000039138      0x200 build/cooja/contiki-ng-cooja.a(uipbuf.o)
                                        0x218 (size before relaxing)
 .eh_frame      0x0000000000039338       0x80 build/cooja/contiki-ng-cooja.a(uiplib.o)
                                         0x98 (size before relaxing)
 .eh_frame      0x00000000000393b8      0x1e0 build/cooja/contiki-ng-cooja.a(rpl.o)
                                        0x1f8 (size before relaxing)
 .eh_frame      0x0000000000039598       0xa0 build/cooja/contiki-ng-cooja.a(watchdog.o)
                                         0xb8 (size before relaxing)
 .eh_frame      0x0000000000039638       0x80 build/cooja/contiki-ng-cooja.a(int-master.o)
                                         0x98 (size before relaxing)
 .eh_frame      0x00000000000396b8       0xa0 build/cooja/contiki-ng-cooja.a(coap-timer-default.o)
                                         0xb8 (size before relaxing)
 .eh_frame      0x0000000000039758       0xc0 build/cooja/contiki-ng-cooja.a(stimer.o)
                                         0xd8 (size before relaxing)
 .eh_frame      0x0000000000039818       0xa0 build/cooja/contiki-ng-cooja.a(ringbuf.o)
                                         0xb8 (size before relaxing)
 .eh_frame      0x00000000000398b8      0x120 build/cooja/contiki-ng-cooja.a(link-stats.o)
                                        0x138 (size before relaxing)
 .eh_frame      0x00000000000399d8      0x3e0 build/cooja/contiki-ng-cooja.a(nbr-table.o)
                                        0x3f8 (size before relaxing)
 .eh_frame      0x0000000000039db8       0x48 build/cooja/contiki-ng-cooja.a(mac-sequence.o)
                                         0x60 (size before relaxing)
 .eh_frame      0x0000000000039e00       0xa8 build/cooja/contiki-ng-cooja.a(framer-802154.o)
                                         0xc0 (size before relaxing)
 .eh_frame      0x0000000000039ea8      0x1c8 build/cooja/contiki-ng-cooja.a(csma-output.o)
                                        0x1e0 (size before relaxing)
 .eh_frame      0x000000000003a070       0x40 build/cooja/contiki-ng-cooja.a(csma-security.o)
                                         0x58 (size before relaxing)
 .eh_frame      0x000000000003a0b0      0x148 build/cooja/contiki-ng-cooja.a(uip-icmp6.o)
                                        0x160 (size before relaxing)
 .eh_frame      0x000000000003a1f8       0x80 build/cooja/contiki-ng-cooja.a(uip-nd6.o)
                                         0x98 (size before relaxing)
 .eh_frame      0x000000000003a278      0x180 build/cooja/contiki-ng-cooja.a(uip-sr.o)
                                        0x198 (size before relaxing)
 .eh_frame      0x000000000003a3f8       0xa0 build/cooja/contiki-ng-cooja.a(rpl-dag-root.o)
                                         0xb8 (size before relaxing)
 .eh_frame      0x000000000003a498      0x360 build/cooja/contiki-ng-cooja.a(rpl-dag.o)
                                        0x378 (size before relaxing)
 .eh_frame      0x000000000003a7f8      0x128 build/cooja/contiki-ng-cooja.a(rpl-ext-header.o)
                                        0x140 (size before relaxing)
 .eh_frame      0x000000000003a920      0x1c0 build/cooja/contiki-ng-cooja.a(rpl-icmp6.o)
                                        0x1d8 (size before relaxing)
 .eh_frame      0x000000000003aae0      0x148 build/cooja/contiki-ng-cooja.a(rpl-mrhof.o)
                                        0x160 (size before relaxing)
 .eh_frame      0x000000000003ac28       0x40 build/cooja/contiki-ng-cooja.a(rpl-nbr-policy.o)
                                         0x58 (size before relaxing)
 .eh_frame      0x000000000003ac68      0x2b0 build/cooja/contiki-ng-cooja.a(rpl-neighbor.o)
                                        0x2c8 (size before relaxing)
 .eh_frame      0x000000000003af18      0x3a8 build/cooja/contiki-ng-cooja.a(rpl-timers.o)
                                        0x3c0 (size before relaxing)
 .eh_frame      0x000000000003b2c0       0x20 build/cooja/contiki-ng-cooja.a(assert.o)
                                         0x38 (size before relaxing)
 .eh_frame      0x000000000003b2e0       0x20 build/cooja/contiki-ng-cooja.a(mac.o)
                                         0x38 (size before relaxing)
 .eh_frame      0x000000000003b300      0x1a4 build/cooja/contiki-ng-cooja.a(frame802154.o)
                                        0x1c0 (size before relaxing)
 .eh_frame      0x000000000003b4a4        0x4 /usr/lib/gcc/x86_64-linux-gnu/11/crtendS.o
 *(.eh_frame.*)

.gcc_except_table
 *(.gcc_except_table .gcc_except_table.*)

.gnu_extab
 *(.gnu_extab*)

.exception_ranges
 *(.exception_ranges*)
                0x000000000003c6b0                . = DATA_SEGMENT_ALIGN (CONSTANT (MAXPAGESIZE), CONSTANT (COMMONPAGESIZE))

.eh_frame
 *(.eh_frame)
 *(.eh_frame.*)

.gnu_extab
 *(.gnu_extab)

.gcc_except_table
 *(.gcc_except_table .gcc_except_table.*)

.exception_ranges
 *(.exception_ranges*)

.tdata
 *(.tdata .tdata.* .gnu.linkonce.td.*)

.tbss
 *(.tbss .tbss.* .gnu.linkonce.tb.*)
 *(.tcommon)

.preinit_array
 *(.preinit_array)

.init_array     0x000000000003c6b0        0x8
 *(SORT_BY_INIT_PRIORITY(.init_array.*) SORT_BY_INIT_PRIORITY(.ctors.*))
 *(.init_array EXCLUDE_FILE(*crtend?.o *crtend.o *crtbegin?.o *crtbegin.o) .ctors)
 .init_array    0x000000000003c6b0        0x8 /usr/lib/gcc/x86_64-linux-gnu/11/crtbeginS.o

.fini_array     0x000000000003c6b8        0x8
 *(SORT_BY_INIT_PRIORITY(.fini_array.*) SORT_BY_INIT_PRIORITY(.dtors.*))
 *(.fini_array EXCLUDE_FILE(*crtend?.o *crtend.o *crtbegin?.o *crtbegin.o) .dtors)
 .fini_array    0x000000000003c6b8        0x8 /usr/lib/gcc/x86_64-linux-gnu/11/crtbeginS.o

.ctors
 *crtbegin.o(.ctors)
 *crtbegin?.o(.ctors)
 *(EXCLUDE_FILE(*crtend?.o *crtend.o) .ctors)
 *(SORT_BY_NAME(.ctors.*))
 *(.ctors)

.dtors
 *crtbegin.o(.dtors)
 *crtbegin?.o(.dtors)
 *(EXCLUDE_FILE(*crtend?.o *crtend.o) .dtors)
 *(SORT_BY_NAME(.dtors.*))
 *(.dtors)

.jcr
 *(.jcr)

.data.rel.ro    0x000000000003c6c0      0x370
 *(.data.rel.ro.local* .gnu.linkonce.d.rel.ro.local.*)
 .data.rel.ro.local
                0x000000000003c6c0       0x10 build/cooja/contiki-ng-cooja.a(beep.o)
                0x000000000003c6c0                beep_interface
 .data.rel.ro.local
                0x000000000003c6d0       0x10 build/cooja/contiki-ng-cooja.a(leds-arch.o)
                0x000000000003c6d0                leds_interface
 .data.rel.ro.local
                0x000000000003c6e0       0x10 build/cooja/contiki-ng-cooja.a(moteid.o)
                0x000000000003c6e0                moteid_interface
 *fill*         0x000000000003c6f0       0x10 
 .data.rel.ro.local
                0x000000000003c700       0x40 build/cooja/contiki-ng-cooja.a(pir-sensor.o)
                0x000000000003c700                pir_interface
                0x000000000003c720                pir_sensor
 .data.rel.ro.local
                0x000000000003c740       0x10 build/cooja/contiki-ng-cooja.a(rs232.o)
                0x000000000003c740                rs232_interface
 *fill*         0x000000000003c750       0x10 
 .data.rel.ro.local
                0x000000000003c760       0x40 build/cooja/contiki-ng-cooja.a(vib-sensor.o)
                0x000000000003c760                vib_interface
                0x000000000003c780                vib_sensor
 .data.rel.ro.local
                0x000000000003c7a0       0x10 build/cooja/contiki-ng-cooja.a(clock.o)
                0x000000000003c7a0                clock_interface
 .data.rel.ro.local
                0x000000000003c7b0       0x10 build/cooja/contiki-ng-cooja.a(cooja-log.o)
                0x000000000003c7b0                simlog_interface
 .data.rel.ro.local
                0x000000000003c7c0       0x10 build/cooja/contiki-ng-cooja.a(cfs-cooja.o)
                0x000000000003c7c0                cfs_interface
 *fill*         0x000000000003c7d0       0x10 
 .data.rel.ro.local
                0x000000000003c7e0       0x90 build/cooja/contiki-ng-cooja.a(cooja-radio.o)
                0x000000000003c7e0                radio_interface
                0x000000000003c800                cooja_radio_driver
 .data.rel.ro.local
                0x000000000003c870       0x10 build/cooja/contiki-ng-cooja.a(eeprom.o)
                0x000000000003c870                eeprom_interface
 .data.rel.ro.local
                0x000000000003c880       0x40 build/cooja/contiki-ng-cooja.a(buttons.o)
                0x000000000003c880                button_interface
                0x000000000003c8a0                button_sensor
 .data.rel.ro.local
                0x000000000003c8c0       0x38 build/cooja/contiki-ng-cooja.a(csma.o)
                0x000000000003c8c0                csma_driver
 *fill*         0x000000000003c8f8        0x8 
 .data.rel.ro.local
                0x000000000003c900       0x18 build/cooja/contiki-ng-cooja.a(coap-timer-default.o)
                0x000000000003c900                coap_timer_default_driver
 *fill*         0x000000000003c918        0x8 
 .data.rel.ro.local
                0x000000000003c920       0x18 build/cooja/contiki-ng-cooja.a(framer-802154.o)
                0x000000000003c920                framer_802154
 *(.data.rel.ro .data.rel.ro.* .gnu.linkonce.d.rel.ro.*)
 .data.rel.ro   0x000000000003c938        0x0 /usr/lib/gcc/x86_64-linux-gnu/11/../../../x86_64-linux-gnu/crti.o
 *fill*         0x000000000003c938        0x8 
 .data.rel.ro   0x000000000003c940       0x10 coap-server.o
                0x000000000003c940                autostart_processes
 *fill*         0x000000000003c950       0x10 
 .data.rel.ro   0x000000000003c960       0x20 build/cooja/contiki-ng-cooja.a(sicslowpan.o)
                0x000000000003c960                sicslowpan_driver
 .data.rel.ro   0x000000000003c980       0xa8 build/cooja/contiki-ng-cooja.a(rpl.o)
                0x000000000003c980                rpl_lite_driver
 .data.rel.ro   0x000000000003ca28        0x8 build/cooja/contiki-ng-cooja.a(rpl-dag.o)

.dynamic        0x000000000003ca30      0x1c0
 *(.dynamic)
 .dynamic       0x000000000003ca30      0x1c0 /usr/lib/gcc/x86_64-linux-gnu/11/../../../x86_64-linux-gnu/crti.o
                0x000000000003ca30                _DYNAMIC

.got            0x000000000003cbf0      0x408
 *(.got)
 .got           0x000000000003cbf0      0x408 /usr/lib/gcc/x86_64-linux-gnu/11/../../../x86_64-linux-gnu/crti.o
 *(.igot)
                0x000000000003dfe8                . = DATA_SEGMENT_RELRO_END (., (SIZEOF (.got.plt) >= 0x18)?0x18:0x0)

.got.plt        0x000000000003d000      0xc98
 *(.got.plt)
 .got.plt       0x000000000003d000      0xc98 /usr/lib/gcc/x86_64-linux-gnu/11/../../../x86_64-linux-gnu/crti.o
                0x000000000003d000                _GLOBAL_OFFSET_TABLE_
 *(.igot.plt)

.data           0x000000000003dca0      0x932
 *(.data .data.* .gnu.linkonce.d.*)
 .data          0x000000000003dca0        0x0 /usr/lib/gcc/x86_64-linux-gnu/11/../../../x86_64-linux-gnu/crti.o
 .data          0x000000000003dca0        0x0 /usr/lib/gcc/x86_64-linux-gnu/11/crtbeginS.o
 .data.rel.local
                0x000000000003dca0        0x8 /usr/lib/gcc/x86_64-linux-gnu/11/crtbeginS.o
                0x000000000003dca0                __dso_handle
 .data          0x000000000003dca8        0x0 coap-server.o
 *fill*         0x000000000003dca8       0x18 
 .data.rel.local
                0x000000000003dcc0       0x20 coap-server.o
                0x000000000003dcc0                actuator_server
 .data          0x000000000003dce0        0x0 build/cooja/mtype320481818.o
 .data.rel      0x000000000003dce0       0xa0 build/cooja/mtype320481818.o
                0x000000000003dce0                simInterfaces
                0x000000000003dd60                sensors
 .data          0x000000000003dd80        0x0 build/cooja/contiki-ng-cooja.a(simEnvChange.o)
 .data          0x000000000003dd80        0x0 build/cooja/contiki-ng-cooja.a(cooja_mt.o)
 .data          0x000000000003dd80        0x0 build/cooja/contiki-ng-cooja.a(cooja_mtarch.o)
 .data          0x000000000003dd80        0x0 build/cooja/contiki-ng-cooja.a(rtimer-arch.o)
 .data          0x000000000003dd80        0x0 build/cooja/contiki-ng-cooja.a(beep.o)
 .data          0x000000000003dd80        0x0 build/cooja/contiki-ng-cooja.a(leds-arch.o)
 .data          0x000000000003dd80        0x0 build/cooja/contiki-ng-cooja.a(moteid.o)
 .data          0x000000000003dd80        0x0 build/cooja/contiki-ng-cooja.a(pir-sensor.o)
 .data          0x000000000003dd80        0x0 build/cooja/contiki-ng-cooja.a(rs232.o)
 .data          0x000000000003dd80        0x0 build/cooja/contiki-ng-cooja.a(vib-sensor.o)
 .data          0x000000000003dd80        0x0 build/cooja/contiki-ng-cooja.a(clock.o)
 .data          0x000000000003dd80        0x0 build/cooja/contiki-ng-cooja.a(cooja-log.o)
 .data          0x000000000003dd80        0x0 build/cooja/contiki-ng-cooja.a(cfs-cooja.o)
 .data          0x000000000003dd80       0x20 build/cooja/contiki-ng-cooja.a(cooja-radio.o)
                0x000000000003dd80                simRadioHWOn
                0x000000000003dd84                simSignalStrength
                0x000000000003dd88                simLastSignalStrength
                0x000000000003dd8c                simPower
                0x000000000003dd90                simRadioChannel
                0x000000000003dd94                simLQI
                0x000000000003dd98                simLastLQI
 .data.rel.local
                0x000000000003dda0       0x20 build/cooja/contiki-ng-cooja.a(cooja-radio.o)
                0x000000000003dda0                cooja_radio_process
 .data          0x000000000003ddc0        0x0 build/cooja/contiki-ng-cooja.a(eeprom.o)
 .data          0x000000000003ddc0        0x0 build/cooja/contiki-ng-cooja.a(random.o)
 .data          0x000000000003ddc0        0x0 build/cooja/contiki-ng-cooja.a(sensors.o)
 .data.rel.local
                0x000000000003ddc0       0x20 build/cooja/contiki-ng-cooja.a(sensors.o)
                0x000000000003ddc0                sensors_process
 .data          0x000000000003dde0        0x0 build/cooja/contiki-ng-cooja.a(leds.o)
 .data          0x000000000003dde0        0x0 build/cooja/contiki-ng-cooja.a(gpio-hal-arch.o)
 .data          0x000000000003dde0        0x1 build/cooja/contiki-ng-cooja.a(buttons.o)
                0x000000000003dde0                simButtonIsActive
 *fill*         0x000000000003dde1       0x1f 
 .data.rel.local
                0x000000000003de00       0xb0 build/cooja/contiki-ng-cooja.a(buttons.o)
                0x000000000003dea0                button_hal_buttons
 .data          0x000000000003deb0        0x0 build/cooja/contiki-ng-cooja.a(res-actuator.o)
 *fill*         0x000000000003deb0       0x10 
 .data.rel.local
                0x000000000003dec0       0x48 build/cooja/contiki-ng-cooja.a(res-actuator.o)
                0x000000000003dec0                res_actuator
 .data          0x000000000003df08        0x0 build/cooja/contiki-ng-cooja.a(res-hello.o)
 *fill*         0x000000000003df08       0x18 
 .data.rel.local
                0x000000000003df20       0x48 build/cooja/contiki-ng-cooja.a(res-hello.o)
                0x000000000003df20                res_hello
 .data          0x000000000003df68        0x0 build/cooja/contiki-ng-cooja.a(coap-engine.o)
 .data.rel.local
                0x000000000003df68       0x10 build/cooja/contiki-ng-cooja.a(coap-engine.o)
 .data          0x000000000003df78        0x0 build/cooja/contiki-ng-cooja.a(coap-observe.o)
 *fill*         0x000000000003df78        0x8 
 .data.rel.local
                0x000000000003df80       0x20 build/cooja/contiki-ng-cooja.a(coap-observe.o)
 .data          0x000000000003dfa0        0x0 build/cooja/contiki-ng-cooja.a(coap-res-well-known-core.o)
 .data.rel.local
                0x000000000003dfa0       0x48 build/cooja/contiki-ng-cooja.a(coap-res-well-known-core.o)
                0x000000000003dfa0                res_well_known_core
 .data          0x000000000003dfe8        0x0 build/cooja/contiki-ng-cooja.a(coap-timer.o)
 .data.rel.local
                0x000000000003dfe8        0x8 build/cooja/contiki-ng-cooja.a(coap-timer.o)
 .data          0x000000000003dff0        0x0 build/cooja/contiki-ng-cooja.a(coap-transactions.o)
 .data.rel.local
                0x000000000003dff0       0x20 build/cooja/contiki-ng-cooja.a(coap-transactions.o)
 .data          0x000000000003e010        0x0 build/cooja/contiki-ng-cooja.a(coap-uip.o)
 *fill*         0x000000000003e010       0x10 
 .data.rel.local
                0x000000000003e020       0x20 build/cooja/contiki-ng-cooja.a(coap-uip.o)
                0x000000000003e020                coap_engine
 .data          0x000000000003e040        0x0 build/cooja/contiki-ng-cooja.a(coap.o)
 .data.rel.local
                0x000000000003e040        0x8 build/cooja/contiki-ng-cooja.a(coap.o)
                0x000000000003e040                coap_error_message
 .data          0x000000000003e048        0x0 build/cooja/contiki-ng-cooja.a(contiki-main.o)
 .data          0x000000000003e048        0x0 build/cooja/contiki-ng-cooja.a(autostart.o)
 .data          0x000000000003e048        0x0 build/cooja/contiki-ng-cooja.a(ctimer.o)
 *fill*         0x000000000003e048       0x18 
 .data.rel.local
                0x000000000003e060       0x40 build/cooja/contiki-ng-cooja.a(ctimer.o)
                0x000000000003e080                ctimer_process
 .data          0x000000000003e0a0        0x0 build/cooja/contiki-ng-cooja.a(energest.o)
 .data          0x000000000003e0a0        0x0 build/cooja/contiki-ng-cooja.a(etimer.o)
 .data.rel.local
                0x000000000003e0a0       0x20 build/cooja/contiki-ng-cooja.a(etimer.o)
                0x000000000003e0a0                etimer_process
 .data          0x000000000003e0c0        0x4 build/cooja/contiki-ng-cooja.a(log.o)
                0x000000000003e0c0                curr_log_level_main
 *fill*         0x000000000003e0c4       0x1c 
 .data.rel      0x000000000003e0e0      0x138 build/cooja/contiki-ng-cooja.a(log.o)
                0x000000000003e0e0                all_modules
 .data          0x000000000003e218        0x0 build/cooja/contiki-ng-cooja.a(node-id.o)
 .data          0x000000000003e218        0x0 build/cooja/contiki-ng-cooja.a(process.o)
 .data          0x000000000003e218        0x0 build/cooja/contiki-ng-cooja.a(rtimer.o)
 .data          0x000000000003e218        0x0 build/cooja/contiki-ng-cooja.a(timer.o)
 .data          0x000000000003e218        0x0 build/cooja/contiki-ng-cooja.a(list.o)
 .data          0x000000000003e218        0x0 build/cooja/contiki-ng-cooja.a(memb.o)
 .data          0x000000000003e218        0x0 build/cooja/contiki-ng-cooja.a(button-hal.o)
 *fill*         0x000000000003e218        0x8 
 .data.rel.local
                0x000000000003e220       0x20 build/cooja/contiki-ng-cooja.a(button-hal.o)
                0x000000000003e220                button_hal_process
 .data          0x000000000003e240        0x0 build/cooja/contiki-ng-cooja.a(gpio-hal.o)
 .data.rel.local
                0x000000000003e240        0x8 build/cooja/contiki-ng-cooja.a(gpio-hal.o)
 .data          0x000000000003e248        0x0 build/cooja/contiki-ng-cooja.a(serial-line.o)
 *fill*         0x000000000003e248       0x18 
 .data.rel.local
                0x000000000003e260       0x20 build/cooja/contiki-ng-cooja.a(serial-line.o)
                0x000000000003e260                serial_line_process
 .data          0x000000000003e280        0x0 build/cooja/contiki-ng-cooja.a(linkaddr.o)
 .data          0x000000000003e280        0x0 build/cooja/contiki-ng-cooja.a(netstack.o)
 .data.rel.local
                0x000000000003e280        0x8 build/cooja/contiki-ng-cooja.a(netstack.o)
 .data          0x000000000003e288        0x0 build/cooja/contiki-ng-cooja.a(packetbuf.o)
 .data.rel.local
                0x000000000003e288        0x8 build/cooja/contiki-ng-cooja.a(packetbuf.o)
 .data          0x000000000003e290        0x0 build/cooja/contiki-ng-cooja.a(queuebuf.o)
 .data.rel.local
                0x000000000003e290       0x38 build/cooja/contiki-ng-cooja.a(queuebuf.o)
 .data          0x000000000003e2c8        0x0 build/cooja/contiki-ng-cooja.a(printf.o)
 *fill*         0x000000000003e2c8        0x8 
 .data.rel.local
                0x000000000003e2d0       0x10 build/cooja/contiki-ng-cooja.a(printf.o)
 .data          0x000000000003e2e0        0x0 build/cooja/contiki-ng-cooja.a(putchar.o)
 .data          0x000000000003e2e0        0x0 build/cooja/contiki-ng-cooja.a(puts.o)
 .data          0x000000000003e2e0        0x0 build/cooja/contiki-ng-cooja.a(snprintf.o)
 .data          0x000000000003e2e0        0x0 build/cooja/contiki-ng-cooja.a(sprintf.o)
 .data          0x000000000003e2e0        0x0 build/cooja/contiki-ng-cooja.a(strformat.o)
 .data          0x000000000003e2e0        0x0 build/cooja/contiki-ng-cooja.a(csma.o)
 .data          0x000000000003e2e0        0x0 build/cooja/contiki-ng-cooja.a(sicslowpan.o)
 .data          0x000000000003e2e0        0x0 build/cooja/contiki-ng-cooja.a(tcpip.o)
 .data.rel.local
                0x000000000003e2e0       0x20 build/cooja/contiki-ng-cooja.a(tcpip.o)
                0x000000000003e2e0                tcpip_process
 .data          0x000000000003e300        0x0 build/cooja/contiki-ng-cooja.a(uip-ds6-nbr.o)
 .data.rel.local
                0x000000000003e300       0x20 build/cooja/contiki-ng-cooja.a(uip-ds6-nbr.o)
 .data          0x000000000003e320        0x0 build/cooja/contiki-ng-cooja.a(uip-ds6-route.o)
 .data.rel.local
                0x000000000003e320       0x28 build/cooja/contiki-ng-cooja.a(uip-ds6-route.o)
 .data          0x000000000003e348        0x0 build/cooja/contiki-ng-cooja.a(uip-ds6.o)
 .data          0x000000000003e348        0x0 build/cooja/contiki-ng-cooja.a(uip-packetqueue.o)
 *fill*         0x000000000003e348        0x8 
 .data.rel.local
                0x000000000003e350       0x18 build/cooja/contiki-ng-cooja.a(uip-packetqueue.o)
 .data          0x000000000003e368        0x0 build/cooja/contiki-ng-cooja.a(uip-udp-packet.o)
 .data          0x000000000003e368        0x0 build/cooja/contiki-ng-cooja.a(uip6.o)
 .data          0x000000000003e368        0x0 build/cooja/contiki-ng-cooja.a(uipbuf.o)
 .data          0x000000000003e368        0x0 build/cooja/contiki-ng-cooja.a(uiplib.o)
 .data          0x000000000003e368        0x0 build/cooja/contiki-ng-cooja.a(rpl.o)
 .data          0x000000000003e368        0x0 build/cooja/contiki-ng-cooja.a(watchdog.o)
 .data          0x000000000003e368        0x0 build/cooja/contiki-ng-cooja.a(int-master.o)
 .data          0x000000000003e368        0x0 build/cooja/contiki-ng-cooja.a(coap-timer-default.o)
 *fill*         0x000000000003e368       0x18 
 .data.rel.local
                0x000000000003e380       0x20 build/cooja/contiki-ng-cooja.a(coap-timer-default.o)
                0x000000000003e380                coap_timer_process
 .data          0x000000000003e3a0        0x0 build/cooja/contiki-ng-cooja.a(stimer.o)
 .data          0x000000000003e3a0        0x0 build/cooja/contiki-ng-cooja.a(ringbuf.o)
 .data          0x000000000003e3a0        0x0 build/cooja/contiki-ng-cooja.a(link-stats.o)
 .data.rel.local