Archive member included to satisfy reference by file (symbol)

build/cooja/contiki-ng-cooja.a(simEnvChange.o)
                              build/cooja/mtype208023808.o (simDontFallAsleep)
build/cooja/contiki-ng-cooja.a(cooja_mt.o)
                              build/cooja/mtype208023808.o (cooja_mt_start)
build/cooja/contiki-ng-cooja.a(cooja_mtarch.o)
                              build/cooja/contiki-ng-cooja.a(cooja_mt.o) (cooja_mtarch_start)
build/cooja/contiki-ng-cooja.a(rtimer-arch.o)
                              build/cooja/mtype208023808.o (rtimer_arch_check)
build/cooja/contiki-ng-cooja.a(beep.o)
                              build/cooja/mtype208023808.o (beep_interface)
build/cooja/contiki-ng-cooja.a(leds-arch.o)
                              build/cooja/mtype208023808.o (leds_interface)
build/cooja/contiki-ng-cooja.a(moteid.o)
                              build/cooja/mtype208023808.o (moteid_interface)
build/cooja/contiki-ng-cooja.a(pir-sensor.o)
                              build/cooja/mtype208023808.o (pir_interface)
build/cooja/contiki-ng-cooja.a(rs232.o)
                              build/cooja/mtype208023808.o (rs232_interface)
build/cooja/contiki-ng-cooja.a(vib-sensor.o)
                              build/cooja/mtype208023808.o (vib_interface)
build/cooja/contiki-ng-cooja.a(clock.o)
                              build/cooja/mtype208023808.o (clock_interface)
build/cooja/contiki-ng-cooja.a(cooja-log.o)
                              build/cooja/mtype208023808.o (simlog_interface)
build/cooja/contiki-ng-cooja.a(cfs-cooja.o)
                              build/cooja/mtype208023808.o (cfs_interface)
build/cooja/contiki-ng-cooja.a(cooja-radio.o)
                              build/cooja/mtype208023808.o (radio_interface)
build/cooja/contiki-ng-cooja.a(eeprom.o)
                              build/cooja/mtype208023808.o (eeprom_interface)
build/cooja/contiki-ng-cooja.a(random.o)
                              build/cooja/contiki-ng-cooja.a(moteid.o) (random_init)
build/cooja/contiki-ng-cooja.a(sensors.o)
                              build/cooja/contiki-ng-cooja.a(pir-sensor.o) (sensors_changed)
build/cooja/contiki-ng-cooja.a(leds.o)
                              mqtt-client.o (leds_single_on)
build/cooja/contiki-ng-cooja.a(gpio-hal-arch.o)
                              build/cooja/contiki-ng-cooja.a(leds-arch.o) (gpio_hal_arch_register_pin_callback)
build/cooja/contiki-ng-cooja.a(buttons.o)
                              build/cooja/mtype208023808.o (button_interface)
build/cooja/contiki-ng-cooja.a(mqtt.o)
                              mqtt-client.o (mqtt_register)
build/cooja/contiki-ng-cooja.a(contiki-main.o)
                              build/cooja/mtype208023808.o (main)
build/cooja/contiki-ng-cooja.a(autostart.o)
                              build/cooja/contiki-ng-cooja.a(contiki-main.o) (autostart_start)
build/cooja/contiki-ng-cooja.a(ctimer.o)
                              build/cooja/contiki-ng-cooja.a(contiki-main.o) (ctimer_init)
build/cooja/contiki-ng-cooja.a(energest.o)
                              build/cooja/contiki-ng-cooja.a(contiki-main.o) (energest_init)
build/cooja/contiki-ng-cooja.a(etimer.o)
                              build/cooja/contiki-ng-cooja.a(contiki-main.o) (etimer_process)
build/cooja/contiki-ng-cooja.a(log.o)
                              build/cooja/contiki-ng-cooja.a(contiki-main.o) (curr_log_level_main)
build/cooja/contiki-ng-cooja.a(node-id.o)
                              mqtt-client.o (node_id)
build/cooja/contiki-ng-cooja.a(process.o)
                              build/cooja/contiki-ng-cooja.a(mqtt.o) (process_current)
build/cooja/contiki-ng-cooja.a(rtimer.o)
                              build/cooja/contiki-ng-cooja.a(contiki-main.o) (rtimer_init)
build/cooja/contiki-ng-cooja.a(timer.o)
                              build/cooja/contiki-ng-cooja.a(mqtt.o) (timer_set)
build/cooja/contiki-ng-cooja.a(list.o)
                              build/cooja/contiki-ng-cooja.a(mqtt.o) (list_init)
build/cooja/contiki-ng-cooja.a(button-hal.o)
                              build/cooja/mtype208023808.o (button_hal_init)
build/cooja/contiki-ng-cooja.a(gpio-hal.o)
                              build/cooja/contiki-ng-cooja.a(button-hal.o) (gpio_hal_register_handler)
build/cooja/contiki-ng-cooja.a(serial-line.o)
                              build/cooja/contiki-ng-cooja.a(rs232.o) (serial_line_input_byte)
build/cooja/contiki-ng-cooja.a(linkaddr.o)
                              mqtt-client.o (linkaddr_node_addr)
build/cooja/contiki-ng-cooja.a(netstack.o)
                              build/cooja/contiki-ng-cooja.a(contiki-main.o) (netstack_init)
build/cooja/contiki-ng-cooja.a(packetbuf.o)
                              build/cooja/contiki-ng-cooja.a(cooja-radio.o) (packetbuf_clear)
build/cooja/contiki-ng-cooja.a(queuebuf.o)
                              build/cooja/contiki-ng-cooja.a(contiki-main.o) (queuebuf_init)
build/cooja/contiki-ng-cooja.a(printf.o)
[...]
Memory Configuration

Name             Origin             Length             Attributes
*default*        0x0000000000000000 0xffffffffffffffff

Linker script and memory map

LOAD /usr/lib/gcc/x86_64-linux-gnu/11/../../../x86_64-linux-gnu/crti.o
LOAD /usr/lib/gcc/x86_64-linux-gnu/11/crtbeginS.o
LOAD mqtt-client.o
LOAD build/cooja/mtype208023808.o
LOAD build/cooja/contiki-ng-cooja.a
LOAD /usr/lib/gcc/x86_64-linux-gnu/11/libgcc.a
LOAD /usr/lib/gcc/x86_64-linux-gnu/11/libgcc_s.so
START GROUP
LOAD /usr/lib/gcc/x86_64-linux-gnu/11/../../../x86_64-linux-gnu/libgcc_s.so.1
LOAD /usr/lib/gcc/x86_64-linux-gnu/11/libgcc.a
END GROUP
LOAD /usr/lib/gcc/x86_64-linux-gnu/11/../../../x86_64-linux-gnu/libc.so
START GROUP
LOAD /lib/x86_64-linux-gnu/libc.so.6
LOAD /usr/lib/x86_64-linux-gnu/libc_nonshared.a
LOAD /lib64/ld-linux-x86-64.so.2
END GROUP
LOAD /usr/lib/gcc/x86_64-linux-gnu/11/libgcc.a
LOAD /usr/lib/gcc/x86_64-linux-gnu/11/libgcc_s.so
START GROUP
LOAD /usr/lib/gcc/x86_64-linux-gnu/11/../../../x86_64-linux-gnu/libgcc_s.so.1
LOAD /usr/lib/gcc/x86_64-linux-gnu/11/libgcc.a
END GROUP
LOAD /usr/lib/gcc/x86_64-linux-gnu/11/crtendS.o
LOAD /usr/lib/gcc/x86_64-linux-gnu/11/../../../x86_64-linux-gnu/crtn.o
                0x00000000000002a8                . = (SEGMENT_START ("text-segment", 0x0) + SIZEOF_HEADERS)

.note.gnu.property
                0x00000000000002a8       0x20
 .note.gnu.property
                0x00000000000002a8       0x20 /usr/lib/gcc/x86_64-linux-gnu/11/../../../x86_64-linux-gnu/crti.o

.note.gnu.build-id
                0x00000000000002c8       0x24
 *(.note.gnu.build-id)
 .note.gnu.build-id
                0x00000000000002c8       0x24 /usr/lib/gcc/x86_64-linux-gnu/11/../../../x86_64-linux-gnu/crti.o

.hash
 *(.hash)

.gnu.hash       0x00000000000002f0     0x14c0
 *(.gnu.hash)
 .gnu.hash      0x00000000000002f0     0x14c0 /usr/lib/gcc/x86_64-linux-gnu/11/../../../x86_64-linux-gnu/crti.o

.dynsym         0x00000000000017b0     0x40b0
 *(.dynsym)
 .dynsym        0x00000000000017b0     0x40b0 /usr/lib/gcc/x86_64-linux-gnu/11/../../../x86_64-linux-gnu/crti.o

.dynstr         0x0000000000005860     0x30dc
 *(.dynstr)
 .dynstr        0x0000000000005860     0x30dc /usr/lib/gcc/x86_64-linux-gnu/11/../../../x86_64-linux-gnu/crti.o

.gnu.version    0x000000000000893c      0x564
 *(.gnu.version)
 .gnu.version   0x000000000000893c      0x564 /usr/lib/gcc/x86_64-linux-gnu/11/../../../x86_64-linux-gnu/crti.o

.gnu.version_d  0x0000000000008ea0        0x0
 *(.gnu.version_d)
 .gnu.version_d
                0x0000000000008ea0        0x0 /usr/lib/gcc/x86_64-linux-gnu/11/../../../x86_64-linux-gnu/crti.o

.gnu.version_r  0x0000000000008ea0       0x40
 *(.gnu.version_r)
 .gnu.version_r
                0x0000000000008ea0       0x40 /usr/lib/gcc/x86_64-linux-gnu/11/../../../x86_64-linux-gnu/crti.o

.rela.dyn       0x0000000000008ee0     0x1f08
 *(.rela.init)
 *(.rela.text .rela.text.* .rela.gnu.linkonce.t.*)
 .rela.text     0x0000000000008ee0        0x0 /usr/lib/gcc/x86_64-linux-gnu/11/../../../x86_64-linux-gnu/crti.o
 *(.rela.fini)
 *(.rela.rodata .rela.rodata.* .rela.gnu.linkonce.r.*)
 *(.rela.data .rela.data.* .rela.gnu.linkonce.d.*)
 .rela.data.rel.local
                0x0000000000008ee0      0x720 /usr/lib/gcc/x86_64-linux-gnu/11/../../../x86_64-linux-gnu/crti.o
 .rela.data.rel.ro
                0x0000000000009600      0x288 /usr/lib/gcc/x86_64-linux-gnu/11/../../../x86_64-linux-gnu/crti.o
 .rela.data.rel
                0x0000000000009888      0x3a8 /usr/lib/gcc/x86_64-linux-gnu/11/../../../x86_64-linux-gnu/crti.o
 .rela.data.rel.ro.local
                0x0000000000009c30      0x5a0 /usr/lib/gcc/x86_64-linux-gnu/11/../../../x86_64-linux-gnu/crti.o
 *(.rela.tdata .rela.tdata.* .rela.gnu.linkonce.td.*)
 *(.rela.tbss .rela.tbss.* .rela.gnu.linkonce.tb.*)
 *(.rela.ctors)
 *(.rela.dtors)
 *(.rela.got)
 .rela.got      0x000000000000a1d0      0xbe8 /usr/lib/gcc/x86_64-linux-gnu/11/../../../x86_64-linux-gnu/crti.o
 *(.rela.bss .rela.bss.* .rela.gnu.linkonce.b.*)
 *(.rela.ldata .rela.ldata.* .rela.gnu.linkonce.l.*)
 *(.rela.lbss .rela.lbss.* .rela.gnu.linkonce.lb.*)
 *(.rela.lrodata .rela.lrodata.* .rela.gnu.linkonce.lr.*)
 *(.rela.ifunc)
 .rela.ifunc    0x000000000000adb8        0x0 /usr/lib/gcc/x86_64-linux-gnu/11/../../../x86_64-linux-gnu/crti.o
 .rela.fini_array
                0x000000000000adb8       0x18 /usr/lib/gcc/x86_64-linux-gnu/11/../../../x86_64-linux-gnu/crti.o
 .rela.init_array
                0x000000000000add0       0x18 /usr/lib/gcc/x86_64-linux-gnu/11/../../../x86_64-linux-gnu/crti.o

.rela.plt       0x000000000000ade8     0x2310
 *(.rela.plt)
 .rela.plt      0x000000000000ade8     0x2310 /usr/lib/gcc/x86_64-linux-gnu/11/../../../x86_64-linux-gnu/crti.o
 *(.rela.iplt)

.relr.dyn
 *(.relr.dyn)
                0x000000000000e000                . = ALIGN (CONSTANT (MAXPAGESIZE))

.init           0x000000000000e000       0x1b
 *(SORT_NONE(.init))
 .init          0x000000000000e000       0x16 /usr/lib/gcc/x86_64-linux-gnu/11/../../../x86_64-linux-gnu/crti.o
                0x000000000000e000                _init
 .init          0x000000000000e016        0x5 /usr/lib/gcc/x86_64-linux-gnu/11/../../../x86_64-linux-gnu/crtn.o

.plt            0x000000000000e020     0x1770
 *(.plt)
 .plt           0x000000000000e020     0x1770 /usr/lib/gcc/x86_64-linux-gnu/11/../../../x86_64-linux-gnu/crti.o
 *(.iplt)

.plt.got        0x000000000000f790       0x30
 *(.plt.got)
 .plt.got       0x000000000000f790       0x30 /usr/lib/gcc/x86_64-linux-gnu/11/../../../x86_64-linux-gnu/crti.o

.plt.sec        0x000000000000f7c0     0x1760
 *(.plt.sec)
 .plt.sec       0x000000000000f7c0     0x1760 /usr/lib/gcc/x86_64-linux-gnu/11/../../../x86_64-linux-gnu/crti.o

.text           0x0000000000010f20    0x21706
 *(.text.unlikely .text.*_unlikely .text.unlikely.*)
 *(.text.exit .text.exit.*)
 *(.text.startup .text.startup.*)
 *(.text.hot .text.hot.*)
 *(SORT_BY_NAME(.text.sorted.*))
 *(.text .stub .text.* .gnu.linkonce.t.*)
 .text          0x0000000000010f20        0x0 /usr/lib/gcc/x86_64-linux-gnu/11/../../../x86_64-linux-gnu/crti.o
 .text          0x0000000000010f20       0xb9 /usr/lib/gcc/x86_64-linux-gnu/11/crtbeginS.o
 .text          0x0000000000010fd9      0x883 mqtt-client.o
 .text          0x000000000001185c      0x374 build/cooja/mtype208023808.o
                0x0000000000011912                platform_init_stage_one
                0x0000000000011927                platform_init_stage_two
                0x000000000001193c                platform_init_stage_three
                0x0000000000011951                platform_main_loop
                0x00000000000119eb                JNI_OnLoad
                0x0000000000011a02                Java_org_contikios_cooja_corecomm_Lib10_init
                0x0000000000011a55                Java_org_contikios_cooja_corecomm_Lib10_getMemory
                0x0000000000011ab4                Java_org_contikios_cooja_corecomm_Lib10_setMemory
                0x0000000000011b13                Java_org_contikios_cooja_corecomm_Lib10_tick
                0x0000000000011ba1                Java_org_contikios_cooja_corecomm_Lib10_setReferenceAddress
 .text          0x0000000000011bd0       0x93 build/cooja/contiki-ng-cooja.a(simEnvChange.o)
                0x0000000000011bd0                doActionsBeforeTick
                0x0000000000011c19                doActionsAfterTick
 .text          0x0000000000011c63       0xab build/cooja/contiki-ng-cooja.a(cooja_mt.o)
                0x0000000000011c63                cooja_mt_start
                0x0000000000011ca3                cooja_mt_exec
                0x0000000000011ce6                cooja_mt_yield
 .text          0x0000000000011d0e      0x10e build/cooja/contiki-ng-cooja.a(cooja_mtarch.o)
                0x0000000000011d0e                cooja_mtarch_start
                0x0000000000011db1                cooja_sw
                0x0000000000011dde                cooja_mtarch_exec
                0x0000000000011e0c                cooja_mtarch_yield
 .text          0x0000000000011e1c       0xcc build/cooja/contiki-ng-cooja.a(rtimer-arch.o)
                0x0000000000011e1c                rtimer_arch_init
                0x0000000000011e42                rtimer_arch_schedule
                0x0000000000011e6c                rtimer_arch_next
                0x0000000000011e80                rtimer_arch_pending
                0x0000000000011e93                rtimer_arch_check
                0x0000000000011ed4                rtimer_arch_now
 .text          0x0000000000011ee8       0xe6 build/cooja/contiki-ng-cooja.a(beep.o)
                0x0000000000011ee8                beep_alarm
                0x0000000000011f03                beep_beep
                0x0000000000011f1b                beep
                0x0000000000011f30                beep_down
                0x0000000000011f48                beep_on
                0x0000000000011f5d                beep_off
                0x0000000000011f72                beep_spinup
                0x0000000000011f87                beep_quick
                0x0000000000011f9f                beep_long
 .text          0x0000000000011fce       0x80 build/cooja/contiki-ng-cooja.a(leds-arch.o)
                0x0000000000011fe7                leds_arch_init
 .text          0x000000000001204e       0x41 build/cooja/contiki-ng-cooja.a(moteid.o)
 .text          0x000000000001208f       0xfa build/cooja/contiki-ng-cooja.a(pir-sensor.o)
 .text          0x0000000000012189      0x18b build/cooja/contiki-ng-cooja.a(rs232.o)
                0x0000000000012189                rs232_init
                0x0000000000012194                rs232_set_speed
                0x00000000000121a4                rs232_set_input
                0x00000000000121be                rs232_send
                0x00000000000121dd                rs232_print
                0x000000000001220b                slip_arch_writeb
 .text          0x0000000000012314       0xfa build/cooja/contiki-ng-cooja.a(vib-sensor.o)
 .text          0x000000000001240e       0x6f build/cooja/contiki-ng-cooja.a(clock.o)
                0x000000000001240e                clock_init
                0x0000000000012419                clock_time
                0x000000000001242d                clock_seconds
                0x0000000000012459                clock_delay
 .text          0x000000000001247d      0x214 build/cooja/contiki-ng-cooja.a(cooja-log.o)
                0x000000000001247d                simlog_char
                0x00000000000124d7                simlog
                0x000000000001255c                log_message
                0x00000000000125a1                log_set_putchar_with_slip
                0x00000000000125b8                dbg_putchar
                0x0000000000012639                dbg_send_bytes
 .text          0x0000000000012691      0x39b build/cooja/contiki-ng-cooja.a(cfs-cooja.o)
                0x0000000000012691                cfs_open
                0x000000000001270e                cfs_close
                0x0000000000012723                cfs_read
                0x00000000000127ea                cfs_write
                0x00000000000128fa                cfs_seek
                0x00000000000129a9                cfs_remove
                0x00000000000129d9                cfs_opendir
                0x00000000000129f0                cfs_readdir
                0x0000000000012a07                cfs_closedir
 .text          0x0000000000012a2c      0x79f build/cooja/contiki-ng-cooja.a(cooja-radio.o)
                0x0000000000012a8b                radio_set_channel
                0x0000000000012aa5                radio_set_txpower
                0x0000000000012ac2                radio_signal_strength_last
                0x0000000000012ad5                radio_signal_strength_current
                0x0000000000012ae8                radio_LQI
 .text          0x00000000000131cb      0x163 build/cooja/contiki-ng-cooja.a(eeprom.o)
                0x00000000000131cb                eeprom_init
                0x00000000000131da                eeprom_read
                0x0000000000013279                eeprom_write
 .text          0x000000000001332e       0x2f build/cooja/contiki-ng-cooja.a(random.o)
                0x000000000001332e                random_init
                0x000000000001334e                random_rand
 .text          0x000000000001335d      0x35f build/cooja/contiki-ng-cooja.a(sensors.o)
                0x00000000000133a6                sensors_first
                0x00000000000133ba                sensors_next
                0x00000000000133e9                sensors_changed
                0x0000000000013436                sensors_find
 .text          0x00000000000136bc      0x3ad build/cooja/contiki-ng-cooja.a(leds.o)
                0x00000000000136bc                leds_init
                0x0000000000013707                leds_single_on
                0x0000000000013774                leds_single_off
                0x00000000000137e1                leds_single_toggle
                0x0000000000013819                leds_on
                0x00000000000138aa                leds_off
                0x000000000001393b                leds_toggle
                0x0000000000013997                leds_set
                0x00000000000139c0                leds_get
 .text          0x0000000000013a69      0x41b build/cooja/contiki-ng-cooja.a(gpio-hal-arch.o)
                0x0000000000013a69                gpio_hal_arch_register_pin_callback
                0x0000000000013b10                gpio_hal_arch_init
                0x0000000000013b66                gpio_hal_arch_no_port_interrupt_enable
                0x0000000000013bb3                gpio_hal_arch_no_port_interrupt_disable
                0x0000000000013c00                gpio_hal_arch_no_port_pin_cfg_set
                0x0000000000013c36                gpio_hal_arch_no_port_pin_cfg_get
                0x0000000000013c6a                gpio_hal_arch_no_port_pin_set_input
                0x0000000000013c7d                gpio_hal_arch_no_port_pin_set_output
                0x0000000000013c90                gpio_hal_arch_no_port_set_pin
                0x0000000000013cb4                gpio_hal_arch_no_port_clear_pin
                0x0000000000013cd8                gpio_hal_arch_no_port_read_pin
                0x0000000000013d05                gpio_hal_arch_no_port_write_pin
                0x0000000000013d2f                gpio_hal_arch_no_port_set_pins
                0x0000000000013d7e                gpio_hal_arch_no_port_clear_pins
                0x0000000000013dcd                gpio_hal_arch_no_port_read_pins
                0x0000000000013e1b                gpio_hal_arch_no_port_write_pins
 .text          0x0000000000013e84       0xa8 build/cooja/contiki-ng-cooja.a(buttons.o)
 .text          0x0000000000013f2c     0x3e29 build/cooja/contiki-ng-cooja.a(mqtt.o)
                0x00000000000143cd                mqtt_decode_var_byte_int
                0x00000000000144d2                mqtt_encode_var_byte_int
                0x00000000000175bd                mqtt_init
                0x0000000000017697                mqtt_register
                0x000000000001775f                mqtt_connect
                0x000000000001789f                mqtt_disconnect
                0x00000000000178f0                mqtt_subscribe
                0x00000000000179f9                mqtt_unsubscribe
                0x0000000000017af2                mqtt_publish
                0x0000000000017c2d                mqtt_set_username_password
                0x0000000000017cde                mqtt_set_last_will
 .text          0x0000000000017d55      0x400 build/cooja/contiki-ng-cooja.a(contiki-main.o)
                0x0000000000017d55                main
 .text          0x0000000000018155       0xbd build/cooja/contiki-ng-cooja.a(autostart.o)
                0x0000000000018155                autostart_start
                0x00000000000181b6                autostart_exit
 .text          0x0000000000018212      0x441 build/cooja/contiki-ng-cooja.a(ctimer.o)
                0x0000000000018374                ctimer_init
                0x00000000000183a9                ctimer_set
                0x00000000000183ed                ctimer_set_with_process
                0x00000000000184a7                ctimer_reset
                0x0000000000018518                ctimer_restart
                0x0000000000018589                ctimer_stop
                0x00000000000185e7                ctimer_expired
 .text          0x0000000000018653       0x25 build/cooja/contiki-ng-cooja.a(energest.o)
                0x0000000000018653                energest_init
                0x000000000001865e                energest_flush
                0x0000000000018669                energest_get_total_time
 .text          0x0000000000018678      0x57c build/cooja/contiki-ng-cooja.a(etimer.o)
                0x0000000000018920                etimer_request_poll
                0x00000000000189d2                etimer_set
                0x0000000000018a08                etimer_reset_with_new_interval
                0x0000000000018a43                etimer_reset
                0x0000000000018a6e                etimer_restart
                0x0000000000018a99                etimer_adjust
                0x0000000000018aca                etimer_expired
                0x0000000000018ae9                etimer_expiration_time
                0x0000000000018b09                etimer_start_time
                0x0000000000018b1e                etimer_pending
                0x0000000000018b38                etimer_next_expiration_time
                0x0000000000018b59                etimer_stop
 .text          0x0000000000018bf4      0x539 build/cooja/contiki-ng-cooja.a(log.o)
                0x0000000000018bf4                log_6addr
                0x0000000000018c5a                log_6addr_compact_snprint
                0x0000000000018d35                log_6addr_compact
                0x0000000000018d9b                log_lladdr
                0x0000000000018e1b                log_lladdr_compact
                0x0000000000018e9d                log_bytes
                0x0000000000018efd                log_set_level
                0x000000000001900b                log_get_level
                0x00000000000190c2                log_level_to_str
 .text          0x000000000001912d       0x36 build/cooja/contiki-ng-cooja.a(node-id.o)
                0x000000000001912d                node_id_init
 .text          0x0000000000019163      0x673 build/cooja/contiki-ng-cooja.a(process.o)
                0x0000000000019163                process_alloc_event
                0x000000000001917d                process_start
                0x00000000000193ed                process_exit
                0x0000000000019419                process_init
                0x0000000000019610                process_run
                0x0000000000019645                process_nevents
                0x0000000000019665                process_post
                0x000000000001972d                process_post_synch
                0x000000000001977b                process_poll
                0x00000000000197b8                process_is_running
 .text          0x00000000000197d6      0x101 build/cooja/contiki-ng-cooja.a(rtimer.o)
                0x00000000000197d6                rtimer_init
                0x00000000000197e6                rtimer_set
                0x0000000000019867                rtimer_run_next
 .text          0x00000000000198d7       0xfd build/cooja/contiki-ng-cooja.a(timer.o)
                0x00000000000198d7                timer_set
                0x0000000000019906                timer_reset
                0x0000000000019942                timer_restart
                0x0000000000019961                timer_expired
                0x000000000001999c                timer_remaining
 .text          0x00000000000199d4      0x39b build/cooja/contiki-ng-cooja.a(list.o)
                0x00000000000199d4                list_init
                0x00000000000199ee                list_head
                0x0000000000019a03                list_copy
                0x0000000000019a24                list_tail
                0x0000000000019a6d                list_add
                0x0000000000019ad1                list_push
                0x0000000000019b14                list_chop
                0x0000000000019ba1                list_pop
                0x0000000000019bdb                list_remove
                0x0000000000019c67                list_length
                0x0000000000019ca2                list_insert
                0x0000000000019d05                list_item_next
                0x0000000000019d28                list_contains
 .text          0x0000000000019d6f      0x574 build/cooja/contiki-ng-cooja.a(button-hal.o)
                0x0000000000019f3a                button_hal_get_by_id
                0x0000000000019f88                button_hal_get_by_index
                0x0000000000019fbf                button_hal_get_state
                0x000000000001a022                button_hal_init
 .text          0x000000000001a2e3      0x181 build/cooja/contiki-ng-cooja.a(gpio-hal.o)
                0x000000000001a2e3                gpio_hal_register_handler
                0x000000000001a30c                gpio_hal_event_handler
                0x000000000001a377                gpio_hal_init
                0x000000000001a396                gpio_hal_arch_port_toggle_pin
                0x000000000001a3cd                gpio_hal_arch_port_toggle_pins
                0x000000000001a3fe                gpio_hal_arch_no_port_toggle_pin
                0x000000000001a438                gpio_hal_arch_no_port_toggle_pins
 .text          0x000000000001a464      0x238 build/cooja/contiki-ng-cooja.a(serial-line.o)
                0x000000000001a464                serial_line_input_byte
                0x000000000001a65f                serial_line_init
 .text          0x000000000001a69c       0x80 build/cooja/contiki-ng-cooja.a(linkaddr.o)
                0x000000000001a69c                linkaddr_copy
                0x000000000001a6bd                linkaddr_cmp
                0x000000000001a6f3                linkaddr_set_node_addr
 .text          0x000000000001a71c      0x12b build/cooja/contiki-ng-cooja.a(netstack.o)
                0x000000000001a71c                netstack_process_ip_callback
                0x000000000001a7bd                netstack_ip_packet_processor_add
                0x000000000001a7ed                uip_ds6_ip_packet_processor_rm
                0x000000000001a816                netstack_init
 .text          0x000000000001a847      0x4a8 build/cooja/contiki-ng-cooja.a(packetbuf.o)
                0x000000000001a847                packetbuf_clear
                0x000000000001a875                packetbuf_copyfrom
                0x000000000001a8ce                packetbuf_copyto
                0x000000000001a974                packetbuf_hdralloc
                0x000000000001aa03                packetbuf_hdrreduce
                0x000000000001aa53                packetbuf_set_datalen
                0x000000000001aa6f                packetbuf_dataptr
                0x000000000001aa94                packetbuf_hdrptr
                0x000000000001aaa5                packetbuf_datalen
                0x000000000001aab6                packetbuf_hdrlen
                0x000000000001aad2                packetbuf_totlen
                0x000000000001aaf4                packetbuf_remaininglen
                0x000000000001ab0c                packetbuf_attr_clear
                0x000000000001ab71                packetbuf_attr_copyto
                0x000000000001abbc                packetbuf_attr_copyfrom
                0x000000000001ac07                packetbuf_set_attr
                0x000000000001ac37                packetbuf_attr
                0x000000000001ac58                packetbuf_set_addr
                0x000000000001ac9e                packetbuf_addr
                0x000000000001acc8                packetbuf_holds_broadcast
 .text          0x000000000001acef      0x382 build/cooja/contiki-ng-cooja.a(queuebuf.o)
                0x000000000001ad04                queuebuf_init
                0x000000000001ad2d                queuebuf_numfree
                0x000000000001ad46                queuebuf_new_from_packetbuf
                0x000000000001adf9                queuebuf_update_attr_from_packetbuf
                0x000000000001ae3c                queuebuf_update_from_packetbuf
                0x000000000001ae98                queuebuf_free
                0x000000000001aef4                queuebuf_to_packetbuf
                0x000000000001af6d                queuebuf_dataptr
                0x000000000001afb4                queuebuf_datalen
                0x000000000001afe4                queuebuf_addr
                0x000000000001b02b                queuebuf_attr
                0x000000000001b066                queuebuf_debug_print
 .text          0x000000000001b071      0x116 build/cooja/contiki-ng-cooja.a(printf.o)
                0x000000000001b0a6                log_printf
 .text          0x000000000001b187       0x1e build/cooja/contiki-ng-cooja.a(putchar.o)
                0x000000000001b187                log_putchar
 .text          0x000000000001b1a5       0x3d build/cooja/contiki-ng-cooja.a(puts.o)
                0x000000000001b1a5                log_puts
 .text          0x000000000001b1e2      0x1f8 build/cooja/contiki-ng-cooja.a(snprintf.o)
                0x000000000001b26d                log_snprintf
                0x000000000001b352                log_vsnprintf
 .text          0x000000000001b3da      0x152 build/cooja/contiki-ng-cooja.a(sprintf.o)
                0x000000000001b425                log_sprintf
 .text          0x000000000001b52c     0x170b build/cooja/contiki-ng-cooja.a(strformat.o)
                0x000000000001b89f                format_str
                0x000000000001b980                format_str_v
 .text          0x000000000001cc37      0x292 build/cooja/contiki-ng-cooja.a(csma.o)
 .text          0x000000000001cec9     0x3747 build/cooja/contiki-ng-cooja.a(sicslowpan.o)
                0x000000000001d69f                netstack_sniffer_add
                0x000000000001d6b9                netstack_sniffer_remove
                0x00000000000205d9                sicslowpan_init
                0x0000000000020600                sicslowpan_get_last_rssi
 .text          0x0000000000020610      0xbaa build/cooja/contiki-ng-cooja.a(tcp-socket.o)
                0x0000000000020d49                tcp_socket_register
                0x0000000000020e11                tcp_socket_connect
                0x0000000000020ece                tcp_socket_listen
                0x0000000000020f5b                tcp_socket_unlisten
                0x0000000000020fe7                tcp_socket_send
                0x00000000000210a4                tcp_socket_send_str
                0x00000000000210db                tcp_socket_close
                0x0000000000021110                tcp_socket_unregister
                0x0000000000021179                tcp_socket_max_sendlen
                0x00000000000211a1                tcp_socket_queuelen
 .text          0x00000000000211ba      0xc96 build/cooja/contiki-ng-cooja.a(tcpip.o)
                0x00000000000211ea                tcpip_output
                0x00000000000212ec                tcp_connect
                0x0000000000021353                tcp_unlisten
                0x00000000000213c3                tcp_listen
                0x000000000002142f                tcp_attach
                0x000000000002145d                udp_attach
                0x000000000002148b                udp_new
                0x00000000000214e6                udp_broadcast_new
                0x00000000000217f9                tcpip_input
                0x00000000000219d1                tcpip_ipv6_output
                0x0000000000021c2a                tcpip_poll_udp
                0x0000000000021c58                tcpip_poll_tcp
                0x0000000000021c86                tcpip_uipcall
 .text          0x0000000000021e50      0x416 build/cooja/contiki-ng-cooja.a(uip-ds6-nbr.o)
                0x0000000000021e50                uip_ds6_neighbors_init
                0x0000000000021e79                uip_ds6_nbr_add
                0x0000000000021f17                uip_ds6_nbr_rm
                0x0000000000021f74                uip_ds6_nbr_update_ll
                0x0000000000022079                uip_ds6_nbr_get_ipaddr
                0x0000000000022099                uip_ds6_nbr_get_ll
                0x00000000000220c1                uip_ds6_nbr_num
                0x0000000000022113                uip_ds6_nbr_head
                0x000000000002212c                uip_ds6_nbr_next
                0x0000000000022154                uip_ds6_nbr_lookup
                0x00000000000221bd                uip_ds6_nbr_ll_lookup
                0x00000000000221e5                uip_ds6_nbr_ipaddr_from_lladdr
                0x0000000000022219                uip_ds6_nbr_lladdr_from_ipaddr
                0x0000000000022255                uip_ds6_link_callback
 .text          0x0000000000022266      0x3f9 build/cooja/contiki-ng-cooja.a(uip-ds6-route.o)
                0x00000000000222bd                uip_ds6_route_init
                0x00000000000222e6                uip_ds6_route_count_nexthop_neighbors
                0x00000000000222f5                uip_ds6_route_nexthop
                0x0000000000022308                uip_ds6_route_head
                0x0000000000022317                uip_ds6_route_next
                0x000000000002232a                uip_ds6_route_is_nexthop
                0x000000000002233d                uip_ds6_route_num_routes
                0x000000000002234c                uip_ds6_route_lookup
                0x000000000002235f                uip_ds6_route_add
                0x000000000002237b                uip_ds6_route_rm
                0x000000000002238a                uip_ds6_route_rm_by_nexthop
                0x0000000000022399                uip_ds6_defrt_head
                0x00000000000223b2                uip_ds6_defrt_add
                0x0000000000022472                uip_ds6_defrt_rm
                0x00000000000224e8                uip_ds6_defrt_lookup
                0x000000000002255f                uip_ds6_defrt_choose
                0x00000000000225e2                uip_ds6_defrt_periodic
 .text          0x000000000002265f      0xebc build/cooja/contiki-ng-cooja.a(uip-ds6.o)
                0x000000000002265f                uip_ds6_default_prefix
                0x0000000000022670                uip_ds6_set_default_prefix
                0x0000000000022698                uip_ds6_init
                0x0000000000022937                uip_ds6_periodic
                0x00000000000229d9                uip_ds6_list_loop
                0x0000000000022ac2                uip_ds6_prefix_add
                0x0000000000022b93                uip_ds6_prefix_rm
                0x0000000000022bb1                uip_ds6_prefix_lookup
                0x0000000000022c08                uip_ds6_is_addr_onlink
                0x0000000000022c9c                uip_ds6_addr_add
                0x0000000000022de7                uip_ds6_addr_rm
                0x0000000000022ea2                uip_ds6_addr_lookup
                0x0000000000022ef7                uip_ds6_get_link_local
                0x0000000000022f9c                uip_ds6_get_global
                0x0000000000023041                uip_ds6_maddr_add
                0x00000000000230bd                uip_ds6_maddr_rm
                0x00000000000230db                uip_ds6_maddr_lookup
                0x0000000000023133                uip_ds6_aaddr_add
                0x00000000000231af                uip_ds6_aaddr_rm
                0x00000000000231cd                uip_ds6_aaddr_lookup
                0x0000000000023225                uip_ds6_select_src
                0x00000000000233af                uip_ds6_set_addr_iid
                0x00000000000233e8                uip_ds6_set_lladdr_from_iid
                0x000000000002341f                get_match_length
                0x00000000000234cd                uip_ds6_compute_reachable_time
 .text          0x000000000002351b      0x1b9 build/cooja/contiki-ng-cooja.a(uip-packetqueue.o)
                0x000000000002355a                uip_packetqueue_new
                0x0000000000023574                uip_packetqueue_alloc
                0x00000000000235ee                uip_packetqueue_free
                0x0000000000023646                uip_packetqueue_buf
                0x0000000000023672                uip_packetqueue_buflen
                0x00000000000236a1                uip_packetqueue_set_buflen
 .text          0x00000000000236d4     0x3915 build/cooja/contiki-ng-cooja.a(uip6.o)
                0x00000000000236d4                uip_add32
                0x00000000000238de                uip_chksum
                0x00000000000239c4                uip_icmp6chksum
                0x00000000000239d8                uip_tcpchksum
                0x00000000000239ec                uip_udpchksum
                0x0000000000023a00                uip_init
                0x0000000000023ac5                uip_connect
                0x0000000000023c6f                uip_remove_ext_hdr
                0x0000000000023d70                uip_udp_new
                0x0000000000023edc                uip_unlisten
                0x0000000000023f2b                uip_listen
                0x000000000002424d                uip_process
                0x0000000000026e6f                uip_htons
                0x0000000000026e92                uip_htonl
                0x0000000000026eda                uip_send
 .text          0x0000000000026fe9      0x5b1 build/cooja/contiki-ng-cooja.a(uipbuf.o)
                0x0000000000026fe9                uipbuf_clear
                0x000000000002701b                uipbuf_add_ext_hdr
                0x00000000000270b3                uipbuf_set_len
                0x00000000000270e5                uipbuf_set_len_field
                0x0000000000027118                uipbuf_get_len_field
                0x0000000000027143                uipbuf_get_next_header
                0x00000000000272b5                uipbuf_get_last_header
                0x0000000000027348                uipbuf_search_header
                0x000000000002740f                uipbuf_get_attr
                0x0000000000027440                uipbuf_set_attr
                0x0000000000027480                uipbuf_set_default_attr
                0x00000000000274c0                uipbuf_clear_attr
                0x00000000000274e7                uipbuf_set_attr_flag
                0x000000000002750a                uipbuf_clr_attr_flag
                0x0000000000027533                uipbuf_is_attr_flag
                0x0000000000027558                uipbuf_init
 .text          0x000000000002759a      0x57d build/cooja/contiki-ng-cooja.a(uiplib.o)
                0x000000000002759a                uiplib_ip6addrconv
                0x0000000000027776                uiplib_ip4addrconv
                0x0000000000027848                uiplib_ipaddr_print
                0x00000000000278ae                uiplib_ipaddr_snprint
 .text          0x0000000000027b17      0x66e build/cooja/contiki-ng-cooja.a(rpl.o)
                0x0000000000027b17                rpl_lollipop_greater_than
                0x0000000000027b7b                rpl_get_global_address
                0x0000000000027d1b                rpl_link_callback
                0x0000000000027d85                rpl_has_joined
                0x0000000000027db8                rpl_is_reachable
                0x0000000000027e5e                rpl_reset_prefix
                0x0000000000027ed5                rpl_set_prefix_from_addr
                0x0000000000027ff0                rpl_set_prefix
                0x000000000002815a                rpl_set_leaf_only
                0x0000000000028174                rpl_get_leaf_only
 .text          0x0000000000028185       0x49 build/cooja/contiki-ng-cooja.a(watchdog.o)
                0x0000000000028185                watchdog_init
                0x0000000000028190                watchdog_start
                0x000000000002819b                watchdog_periodic
                0x00000000000281b8                watchdog_stop
                0x00000000000281c3                watchdog_reboot
 .text          0x00000000000281ce       0x61 build/cooja/contiki-ng-cooja.a(int-master.o)
                0x00000000000281ce                int_master_enable
                0x00000000000281e3                int_master_read_and_disable
                0x0000000000028203                int_master_status_set
                0x000000000002821a                int_master_is_enabled
 .text          0x000000000002822f      0x125 build/cooja/contiki-ng-cooja.a(stimer.o)
                0x000000000002822f                stimer_set
                0x000000000002825e                stimer_reset
                0x000000000002829a                stimer_restart
                0x00000000000282b9                stimer_expired
                0x00000000000282fb                stimer_remaining
                0x0000000000028333                stimer_elapsed
 .text          0x0000000000028354      0x21a build/cooja/contiki-ng-cooja.a(memb.o)
                0x0000000000028354                memb_init
                0x00000000000283b7                memb_alloc
                0x0000000000028431                memb_free
                0x00000000000284c4                memb_inmemb
                0x000000000002851b                memb_numfree
 .text          0x000000000002856e      0x19d build/cooja/contiki-ng-cooja.a(ringbuf.o)
                0x000000000002856e                ringbuf_init
                0x00000000000285af                ringbuf_put
                0x000000000002863e                ringbuf_get
                0x00000000000286bc                ringbuf_size
                0x00000000000286d8                ringbuf_elements
 .text          0x000000000002870b      0x481 build/cooja/contiki-ng-cooja.a(link-stats.o)
                0x000000000002870b                link_stats_from_lladdr
                0x0000000000028733                link_stats_get_lladdr
                0x000000000002875b                link_stats_is_fresh
                0x00000000000287a3                guess_etx_from_rssi
                0x0000000000028828                link_stats_packet_sent
                0x000000000002898c                link_stats_input_callback
                0x0000000000028aee                link_stats_reset
                0x0000000000028b4a                link_stats_init
 .text          0x0000000000028b8c      0xcb3 build/cooja/contiki-ng-cooja.a(nbr-table.o)
                0x0000000000028fea                nbr_table_count_entries
                0x000000000002908c                nbr_table_gc_get_worst
                0x00000000000290cf                nbr_table_can_accept_new
                0x0000000000029284                nbr_table_entry_is_allowed
                0x0000000000029331                nbr_table_register
                0x00000000000293c3                nbr_table_is_registered
                0x000000000002941a                nbr_table_head
                0x0000000000029488                nbr_table_next
                0x0000000000029505                nbr_table_add_lladdr
                0x0000000000029665                nbr_table_get_from_lladdr
                0x00000000000296c4                nbr_table_remove
                0x000000000002971e                nbr_table_lock
                0x0000000000029753                nbr_table_unlock
                0x0000000000029788                nbr_table_get_lladdr
                0x00000000000297cb                nbr_table_clear
                0x0000000000029808                nbr_table_key_head
                0x0000000000029821                nbr_table_key_next
 .text          0x000000000002983f      0x1e0 build/cooja/contiki-ng-cooja.a(mac-sequence.o)
                0x000000000002983f                mac_sequence_is_duplicate
                0x0000000000029920                mac_sequence_register_seqno
 .text          0x0000000000029a1f      0x451 build/cooja/contiki-ng-cooja.a(framer-802154.o)
                0x0000000000029bba                framer_802154_setup_params
 .text          0x0000000000029e70      0xae3 build/cooja/contiki-ng-cooja.a(csma-output.o)
                0x000000000002a652                csma_output_packet
                0x000000000002a91b                csma_output_init
 .text          0x000000000002a953       0x3d build/cooja/contiki-ng-cooja.a(csma-security.o)
                0x000000000002a953                csma_security_create_frame
                0x000000000002a979                csma_security_parse_frame
 .text          0x000000000002a990      0x8b7 build/cooja/contiki-ng-cooja.a(uip-icmp6.o)
                0x000000000002aa0d                uip_icmp6_input
                0x000000000002aa6b                uip_icmp6_register_input_handler
                0x000000000002abfd                uip_icmp6_error_output
                0x000000000002af62                uip_icmp6_send
                0x000000000002b1ae                uip_icmp6_echo_reply_callback_add
                0x000000000002b1f5                uip_icmp6_echo_reply_callback_rm
                0x000000000002b21e                uip_icmp6_init
 .text          0x000000000002b247      0x87f build/cooja/contiki-ng-cooja.a(uip-nd6.o)
                0x000000000002baac                uip_nd6_init
 .text          0x000000000002bac6      0x7e7 build/cooja/contiki-ng-cooja.a(uip-sr.o)
                0x000000000002bac6                uip_sr_num_nodes
                0x000000000002bb71                uip_sr_get_node
                0x000000000002bbd9                uip_sr_is_addr_reachable
                0x000000000002bca1                uip_sr_expire_parent
                0x000000000002bd10                uip_sr_update_node
                0x000000000002be84                uip_sr_init
                0x000000000002beb7                uip_sr_node_head
                0x000000000002bed0                uip_sr_node_next
                0x000000000002beee                uip_sr_periodic
                0x000000000002c02a                uip_sr_free_all
                0x000000000002c0a9                uip_sr_link_snprint
 .text          0x000000000002c2ad      0x35a build/cooja/contiki-ng-cooja.a(rpl-dag-root.o)
                0x000000000002c2ad                rpl_dag_root_print_links
                0x000000000002c422                rpl_dag_root_set_prefix
                0x000000000002c45e                rpl_dag_root_start
                0x000000000002c5c7                rpl_dag_root_is_root
 .text          0x000000000002c607     0x1219 build/cooja/contiki-ng-cooja.a(rpl-dag.o)
                0x000000000002c607                rpl_dag_state_to_str
                0x000000000002c665                rpl_dag_get_root_ipaddr
                0x000000000002c6af                rpl_dag_leave
                0x000000000002c75a                rpl_dag_poison_and_leave
                0x000000000002c778                rpl_dag_periodic
                0x000000000002c83c                rpl_is_addr_in_our_dag
                0x000000000002c898                rpl_get_default_instance
                0x000000000002c8bf                rpl_get_any_dag
                0x000000000002c92c                rpl_refresh_routes
                0x000000000002c98e                rpl_global_repair
                0x000000000002ca50                rpl_local_repair
                0x000000000002cab2                rpl_dag_ready_to_advertise
                0x000000000002cb0a                rpl_dag_update_state
                0x000000000002d3cd                rpl_process_dio
                0x000000000002d46f                rpl_process_dis
                0x000000000002d4c3                rpl_process_dao
                0x000000000002d56c                rpl_process_dao_ack
                0x000000000002d61c                rpl_process_hbh
                0x000000000002d67b                rpl_dag_init_root
                0x000000000002d7fc                rpl_dag_init
 .text          0x000000000002d820      0xdef build/cooja/contiki-ng-cooja.a(rpl-ext-header.o)
                0x000000000002d820                rpl_ext_header_srh_get_next_hop
                0x000000000002d931                rpl_ext_header_srh_update
                0x000000000002dfc0                rpl_ext_header_hbh_update
                0x000000000002e360                rpl_ext_header_update
                0x000000000002e40a                rpl_ext_header_remove
 .text          0x000000000002e60f     0x16eb build/cooja/contiki-ng-cooja.a(rpl-icmp6.o)
                0x000000000002e7a3                rpl_icmp6_update_nbr_table
                0x000000000002e858                rpl_icmp6_dis_output
                0x000000000002ef7c                rpl_icmp6_dio_output
                0x000000000002f8ac                rpl_icmp6_dao_output
                0x000000000002fc1d                rpl_icmp6_dao_ack_output
                0x000000000002fcb3                rpl_icmp6_init
 .text          0x000000000002fcfa      0x36f build/cooja/contiki-ng-cooja.a(rpl-mrhof.o)
 .text          0x0000000000030069       0x8c build/cooja/contiki-ng-cooja.a(rpl-nbr-policy.o)
                0x00000000000300b1                rpl_nbr_gc_get_worst
 .text          0x00000000000300f5      0xadd build/cooja/contiki-ng-cooja.a(rpl-neighbor.o)
                0x0000000000030188                rpl_neighbor_snprint
                0x00000000000304b6                rpl_neighbor_print_list
                0x000000000003058d                rpl_neighbor_count
                0x0000000000030678                rpl_neighbor_get_from_lladdr
                0x00000000000306a3                rpl_neighbor_is_acceptable_parent
                0x00000000000306ef                rpl_neighbor_get_link_metric
                0x000000000003073b                rpl_neighbor_rank_via_nbr
                0x0000000000030787                rpl_neighbor_get_lladdr
                0x00000000000307b2                rpl_neighbor_get_ipaddr
                0x00000000000307e0                rpl_neighbor_get_link_stats
                0x000000000003080e                rpl_neighbor_is_fresh
                0x000000000003083c                rpl_neighbor_is_parent
                0x0000000000030875                rpl_neighbor_set_preferred_parent
                0x000000000003092c                rpl_neighbor_remove_all
                0x0000000000030992                rpl_neighbor_get_from_ipaddr
                0x0000000000030acb                rpl_neighbor_select_best
                0x0000000000030bab                rpl_neighbor_init
 .text          0x0000000000030bd2      0xd3d build/cooja/contiki-ng-cooja.a(rpl-timers.o)
                0x0000000000030bd2                rpl_timers_schedule_periodic_dis
                0x0000000000030d88                rpl_timers_dio_reset
                0x0000000000030f0c                rpl_timers_schedule_unicast_dio
                0x00000000000310f3                rpl_timers_schedule_dao
                0x00000000000311f9                rpl_timers_schedule_dao_ack
                0x00000000000312be                rpl_timers_notify_dao_ack
                0x0000000000031333                get_probing_delay
                0x000000000003137a                get_probing_target
                0x00000000000315b8                rpl_schedule_probing
                0x00000000000315ff                rpl_schedule_probing_now
                0x000000000003168d                rpl_timers_unschedule_leaving
                0x00000000000316d7                rpl_timers_schedule_leaving
                0x0000000000031735                rpl_timers_init
                0x00000000000317e7                rpl_timers_stop_dag_timers
                0x0000000000031889                rpl_timers_unschedule_state_update
                0x00000000000318b6                rpl_timers_schedule_state_update
 .text          0x000000000003190f       0x34 build/cooja/contiki-ng-cooja.a(assert.o)
                0x000000000003190f                _xassert
 .text          0x0000000000031943       0x3a build/cooja/contiki-ng-cooja.a(mac.o)
                0x0000000000031943                mac_call_sent_callback
 .text          0x000000000003197d      0xca9 build/cooja/contiki-ng-cooja.a(frame802154.o)
                0x00000000000319ab                frame802154_get_pan_id
                0x00000000000319bc                frame802154_set_pan_id
                0x00000000000319d8                frame802154_has_panid
                0x0000000000031bb7                frame802154_check_dest_panid
                0x0000000000031c55                frame802154_is_broadcast_addr
                0x0000000000031cac                frame802154_extract_linkaddr
                0x0000000000031f46                frame802154_hdrlen
                0x0000000000031fc5                frame802154_create_fcf
                0x0000000000032097                frame802154_create
                0x0000000000032241                frame802154_parse_fcf
                0x0000000000032338                frame802154_parse
 .text          0x0000000000032626        0x0 /usr/lib/gcc/x86_64-linux-gnu/11/crtendS.o
 .text          0x0000000000032626        0x0 /usr/lib/gcc/x86_64-linux-gnu/11/../../../x86_64-linux-gnu/crtn.o
 *(.gnu.warning)

.fini           0x0000000000032628        0xd
 *(SORT_NONE(.fini))
 .fini          0x0000000000032628        0x8 /usr/lib/gcc/x86_64-linux-gnu/11/../../../x86_64-linux-gnu/crti.o
                0x0000000000032628                _fini
 .fini          0x0000000000032630        0x5 /usr/lib/gcc/x86_64-linux-gnu/11/../../../x86_64-linux-gnu/crtn.o
                [!provide]                        PROVIDE (__etext = .)
                [!provide]                        PROVIDE (_etext = .)
                [!provide]                        PROVIDE (etext = .)
                0x0000000000033000                . = ALIGN (CONSTANT (MAXPAGESIZE))
                0x0000000000033000                . = SEGMENT_START ("rodata-segment", (ALIGN (CONSTANT (MAXPAGESIZE)) + (. & (CONSTANT (MAXPAGESIZE) - 0x1))))

.rodata         0x0000000000033000      0xefd
 *(.rodata .rodata.* .gnu.linkonce.r.*)
 .rodata        0x0000000000033000      0x42f mqtt-client.o
 .rodata        0x000000000003342f        0x6 build/cooja/contiki-ng-cooja.a(leds-arch.o)
                0x000000000003342f                leds_arch_leds
 .rodata        0x0000000000033435        0x4 build/cooja/contiki-ng-cooja.a(pir-sensor.o)
 .rodata        0x0000000000033439        0x3 build/cooja/contiki-ng-cooja.a(rs232.o)
 .rodata        0x000000000003343c        0xa build/cooja/contiki-ng-cooja.a(vib-sensor.o)
 *fill*         0x0000000000033446        0x2 
 .rodata        0x0000000000033448       0x26 build/cooja/contiki-ng-cooja.a(cfs-cooja.o)
 *fill*         0x000000000003346e        0x2 
 .rodata        0x0000000000033470       0x68 build/cooja/contiki-ng-cooja.a(cooja-radio.o)
 .rodata        0x00000000000334d8        0x8 build/cooja/contiki-ng-cooja.a(sensors.o)
 .rodata        0x00000000000334e0       0x14 build/cooja/contiki-ng-cooja.a(buttons.o)
                0x00000000000334ec                button_hal_button_count
 .rodata        0x00000000000334f4      0x29c build/cooja/contiki-ng-cooja.a(mqtt.o)
 .rodata        0x0000000000033790       0xec build/cooja/contiki-ng-cooja.a(contiki-main.o)
 .rodata        0x000000000003387c        0xf build/cooja/contiki-ng-cooja.a(ctimer.o)
 .rodata        0x000000000003388b        0xc build/cooja/contiki-ng-cooja.a(etimer.o)
 *fill*         0x0000000000033897        0x1 
 .rodata        0x0000000000033898       0xc0 build/cooja/contiki-ng-cooja.a(log.o)
 .rodata        0x0000000000033958       0x13 build/cooja/contiki-ng-cooja.a(button-hal.o)
 .rodata        0x000000000003396b        0xe build/cooja/contiki-ng-cooja.a(serial-line.o)
 *fill*         0x0000000000033979        0x7 
 .rodata        0x0000000000033980        0x8 build/cooja/contiki-ng-cooja.a(linkaddr.o)
                0x0000000000033980                linkaddr_null
 *fill*         0x0000000000033988        0x8 
 .rodata        0x0000000000033990      0x280 build/cooja/contiki-ng-cooja.a(strformat.o)
 .rodata        0x0000000000033c10        0x5 build/cooja/contiki-ng-cooja.a(csma.o)
 .rodata        0x0000000000033c15       0x1d build/cooja/contiki-ng-cooja.a(sicslowpan.o)
                0x0000000000033c15                unc_llconf
                0x0000000000033c19                unc_ctxconf
                0x0000000000033c1d                unc_mxconf
                0x0000000000033c21                llprefix
 .rodata        0x0000000000033c32       0x13 build/cooja/contiki-ng-cooja.a(tcp-socket.o)
 .rodata        0x0000000000033c45        0xd build/cooja/contiki-ng-cooja.a(tcpip.o)
 *fill*         0x0000000000033c52        0x6 
 .rodata        0x0000000000033c58       0x4c build/cooja/contiki-ng-cooja.a(uip-ds6-route.o)
 .rodata        0x0000000000033ca4       0x48 build/cooja/contiki-ng-cooja.a(uip6.o)
 .rodata        0x0000000000033cec       0x2d build/cooja/contiki-ng-cooja.a(uiplib.o)
 .rodata        0x0000000000033d19        0x9 build/cooja/contiki-ng-cooja.a(rpl.o)
 *fill*         0x0000000000033d22        0x6 
 .rodata        0x0000000000033d28       0x28 build/cooja/contiki-ng-cooja.a(csma-output.o)
 .rodata        0x0000000000033d50       0x44 build/cooja/contiki-ng-cooja.a(uip-sr.o)
 .rodata        0x0000000000033d94       0xd7 build/cooja/contiki-ng-cooja.a(rpl-dag.o)
 *fill*         0x0000000000033e6b        0x5 
 .rodata        0x0000000000033e70       0x58 build/cooja/contiki-ng-cooja.a(rpl-neighbor.o)
 .rodata        0x0000000000033ec8        0xc build/cooja/contiki-ng-cooja.a(rpl-timers.o)
 *fill*         0x0000000000033ed4        0x4 
 .rodata        0x0000000000033ed8       0x25 build/cooja/contiki-ng-cooja.a(assert.o)

.rodata1
 *(.rodata1)

.eh_frame_hdr   0x0000000000033f00     0x18f4
 *(.eh_frame_hdr)
 .eh_frame_hdr  0x0000000000033f00     0x18f4 mqtt-client.o
                0x0000000000033f00                __GNU_EH_FRAME_HDR
 *(.eh_frame_entry .eh_frame_entry.*)

.eh_frame       0x00000000000357f8     0x6430
 *(.eh_frame)
 .eh_frame      0x00000000000357f8       0x40 /usr/lib/gcc/x86_64-linux-gnu/11/../../../x86_64-linux-gnu/crti.o
 .eh_frame      0x0000000000035838       0x18 /usr/lib/gcc/x86_64-linux-gnu/11/../../../x86_64-linux-gnu/crti.o
                                         0x30 (size before relaxing)
 .eh_frame      0x0000000000035850       0x18 /usr/lib/gcc/x86_64-linux-gnu/11/../../../x86_64-linux-gnu/crti.o
                                         0x30 (size before relaxing)
 .eh_frame      0x0000000000035868       0xa0 mqtt-client.o
                                         0xb8 (size before relaxing)
 .eh_frame      0x0000000000035908      0x198 build/cooja/mtype208023808.o
                                        0x1b0 (size before relaxing)
 .eh_frame      0x0000000000035aa0       0x40 build/cooja/contiki-ng-cooja.a(simEnvChange.o)
                                         0x58 (size before relaxing)
 .eh_frame      0x0000000000035ae0       0x60 build/cooja/contiki-ng-cooja.a(cooja_mt.o)
                                         0x78 (size before relaxing)
 .eh_frame      0x0000000000035b40       0x80 build/cooja/contiki-ng-cooja.a(cooja_mtarch.o)
                                         0x98 (size before relaxing)
 .eh_frame      0x0000000000035bc0       0xc0 build/cooja/contiki-ng-cooja.a(rtimer-arch.o)
                                         0xd8 (size before relaxing)
 .eh_frame      0x0000000000035c80      0x160 build/cooja/contiki-ng-cooja.a(beep.o)
                                        0x178 (size before relaxing)
 .eh_frame      0x0000000000035de0       0x80 build/cooja/contiki-ng-cooja.a(leds-arch.o)
                                         0x98 (size before relaxing)
 .eh_frame      0x0000000000035e60       0x40 build/cooja/contiki-ng-cooja.a(moteid.o)
                                         0x58 (size before relaxing)
 .eh_frame      0x0000000000035ea0       0xa0 build/cooja/contiki-ng-cooja.a(pir-sensor.o)
                                         0xb8 (size before relaxing)
 .eh_frame      0x0000000000035f40      0x100 build/cooja/contiki-ng-cooja.a(rs232.o)
                                        0x118 (size before relaxing)
 .eh_frame      0x0000000000036040       0xa0 build/cooja/contiki-ng-cooja.a(vib-sensor.o)
                                         0xb8 (size before relaxing)
 .eh_frame      0x00000000000360e0       0xc0 build/cooja/contiki-ng-cooja.a(clock.o)
                                         0xd8 (size before relaxing)
 .eh_frame      0x00000000000361a0      0x100 build/cooja/contiki-ng-cooja.a(cooja-log.o)
                                        0x118 (size before relaxing)
 .eh_frame      0x00000000000362a0      0x160 build/cooja/contiki-ng-cooja.a(cfs-cooja.o)
                                        0x178 (size before relaxing)
 .eh_frame      0x0000000000036400      0x360 build/cooja/contiki-ng-cooja.a(cooja-radio.o)
                                        0x378 (size before relaxing)
 .eh_frame      0x0000000000036760       0xa0 build/cooja/contiki-ng-cooja.a(eeprom.o)
                                         0xb8 (size before relaxing)
 .eh_frame      0x0000000000036800       0x40 build/cooja/contiki-ng-cooja.a(random.o)
                                         0x58 (size before relaxing)
 .eh_frame      0x0000000000036840       0xc0 build/cooja/contiki-ng-cooja.a(sensors.o)
                                         0xd8 (size before relaxing)
 .eh_frame      0x0000000000036900      0x120 build/cooja/contiki-ng-cooja.a(leds.o)
                                        0x138 (size before relaxing)
 .eh_frame      0x0000000000036a20      0x220 build/cooja/contiki-ng-cooja.a(gpio-hal-arch.o)
                                        0x238 (size before relaxing)
 .eh_frame      0x0000000000036c40       0xa0 build/cooja/contiki-ng-cooja.a(buttons.o)
                                         0xb8 (size before relaxing)
 .eh_frame      0x0000000000036ce0      0x4e0 build/cooja/contiki-ng-cooja.a(mqtt.o)
                                        0x4f8 (size before relaxing)
 .eh_frame      0x00000000000371c0       0x20 build/cooja/contiki-ng-cooja.a(contiki-main.o)
                                         0x38 (size before relaxing)
 .eh_frame      0x00000000000371e0       0x40 build/cooja/contiki-ng-cooja.a(autostart.o)
                                         0x58 (size before relaxing)
 .eh_frame      0x0000000000037220      0x100 build/cooja/contiki-ng-cooja.a(ctimer.o)
                                        0x118 (size before relaxing)
 .eh_frame      0x0000000000037320       0x60 build/cooja/contiki-ng-cooja.a(energest.o)
                                         0x78 (size before relaxing)
 .eh_frame      0x0000000000037380      0x1e0 build/cooja/contiki-ng-cooja.a(etimer.o)
                                        0x1f8 (size before relaxing)
 .eh_frame      0x0000000000037560      0x120 build/cooja/contiki-ng-cooja.a(log.o)
                                        0x138 (size before relaxing)
 .eh_frame      0x0000000000037680       0x20 build/cooja/contiki-ng-cooja.a(node-id.o)
                                         0x38 (size before relaxing)
 .eh_frame      0x00000000000376a0      0x1c8 build/cooja/contiki-ng-cooja.a(process.o)
                                        0x1e0 (size before relaxing)
 .eh_frame      0x0000000000037868       0x60 build/cooja/contiki-ng-cooja.a(rtimer.o)
                                         0x78 (size before relaxing)
 .eh_frame      0x00000000000378c8       0xa0 build/cooja/contiki-ng-cooja.a(timer.o)
                                         0xb8 (size before relaxing)
 .eh_frame      0x0000000000037968      0x1a0 build/cooja/contiki-ng-cooja.a(list.o)
                                        0x1b8 (size before relaxing)
 .eh_frame      0x0000000000037b08      0x160 build/cooja/contiki-ng-cooja.a(button-hal.o)
                                        0x178 (size before relaxing)
 .eh_frame      0x0000000000037c68       0xe0 build/cooja/contiki-ng-cooja.a(gpio-hal.o)
                                         0xf8 (size before relaxing)
 .eh_frame      0x0000000000037d48       0x60 build/cooja/contiki-ng-cooja.a(serial-line.o)
                                         0x78 (size before relaxing)
 .eh_frame      0x0000000000037da8       0x60 build/cooja/contiki-ng-cooja.a(linkaddr.o)
                                         0x78 (size before relaxing)
 .eh_frame      0x0000000000037e08       0x80 build/cooja/contiki-ng-cooja.a(netstack.o)
                                         0x98 (size before relaxing)
 .eh_frame      0x0000000000037e88      0x288 build/cooja/contiki-ng-cooja.a(packetbuf.o)
                                        0x2a0 (size before relaxing)
 .eh_frame      0x0000000000038110      0x1a0 build/cooja/contiki-ng-cooja.a(queuebuf.o)
                                        0x1b8 (size before relaxing)
 .eh_frame      0x00000000000382b0       0x40 build/cooja/contiki-ng-cooja.a(printf.o)
                                         0x58 (size before relaxing)
 .eh_frame      0x00000000000382f0       0x20 build/cooja/contiki-ng-cooja.a(putchar.o)
                                         0x38 (size before relaxing)
 .eh_frame      0x0000000000038310       0x20 build/cooja/contiki-ng-cooja.a(puts.o)
                                         0x38 (size before relaxing)
 .eh_frame      0x0000000000038330       0x60 build/cooja/contiki-ng-cooja.a(snprintf.o)
                                         0x78 (size before relaxing)
 .eh_frame      0x0000000000038390       0x40 build/cooja/contiki-ng-cooja.a(sprintf.o)
                                         0x58 (size before relaxing)
 .eh_frame      0x00000000000383d0      0x120 build/cooja/contiki-ng-cooja.a(strformat.o)
                                        0x138 (size before relaxing)
 .eh_frame      0x00000000000384f0       0xe0 build/cooja/contiki-ng-cooja.a(csma.o)
                                         0xf8 (size before relaxing)
 .eh_frame      0x00000000000385d0      0x2e0 build/cooja/contiki-ng-cooja.a(sicslowpan.o)
                                        0x2f8 (size before relaxing)
 .eh_frame      0x00000000000388b0      0x248 build/cooja/contiki-ng-cooja.a(tcp-socket.o)
                                        0x260 (size before relaxing)
 .eh_frame      0x0000000000038af8      0x308 build/cooja/contiki-ng-cooja.a(tcpip.o)
                                        0x320 (size before relaxing)
 .eh_frame      0x0000000000038e00      0x1c0 build/cooja/contiki-ng-cooja.a(uip-ds6-nbr.o)
                                        0x1d8 (size before relaxing)
 .eh_frame      0x0000000000038fc0      0x240 build/cooja/contiki-ng-cooja.a(uip-ds6-route.o)
                                        0x258 (size before relaxing)
 .eh_frame      0x0000000000039200      0x328 build/cooja/contiki-ng-cooja.a(uip-ds6.o)
                                        0x340 (size before relaxing)
 .eh_frame      0x0000000000039528       0xe0 build/cooja/contiki-ng-cooja.a(uip-packetqueue.o)
                                         0xf8 (size before relaxing)
 .eh_frame      0x0000000000039608      0x2b0 build/cooja/contiki-ng-cooja.a(uip6.o)
                                        0x2c8 (size before relaxing)
 .eh_frame      0x00000000000398b8      0x200 build/cooja/contiki-ng-cooja.a(uipbuf.o)
                                        0x218 (size before relaxing)
 .eh_frame      0x0000000000039ab8       0x80 build/cooja/contiki-ng-cooja.a(uiplib.o)
                                         0x98 (size before relaxing)
 .eh_frame      0x0000000000039b38      0x1e0 build/cooja/contiki-ng-cooja.a(rpl.o)
                                        0x1f8 (size before relaxing)
 .eh_frame      0x0000000000039d18       0xa0 build/cooja/contiki-ng-cooja.a(watchdog.o)
                                         0xb8 (size before relaxing)
 .eh_frame      0x0000000000039db8       0x80 build/cooja/contiki-ng-cooja.a(int-master.o)
                                         0x98 (size before relaxing)
 .eh_frame      0x0000000000039e38       0xc0 build/cooja/contiki-ng-cooja.a(stimer.o)
                                         0xd8 (size before relaxing)
 .eh_frame      0x0000000000039ef8       0xa0 build/cooja/contiki-ng-cooja.a(memb.o)
                                         0xb8 (size before relaxing)
 .eh_frame      0x0000000000039f98       0xa0 build/cooja/contiki-ng-cooja.a(ringbuf.o)
                                         0xb8 (size before relaxing)
 .eh_frame      0x000000000003a038      0x120 build/cooja/contiki-ng-cooja.a(link-stats.o)
                                        0x138 (size before relaxing)
 .eh_frame      0x000000000003a158      0x3e0 build/cooja/contiki-ng-cooja.a(nbr-table.o)
                                        0x3f8 (size before relaxing)
 .eh_frame      0x000000000003a538       0x48 build/cooja/contiki-ng-cooja.a(mac-sequence.o)
                                         0x60 (size before relaxing)
 .eh_frame      0x000000000003a580       0xa8 build/cooja/contiki-ng-cooja.a(framer-802154.o)
                                         0xc0 (size before relaxing)
 .eh_frame      0x000000000003a628      0x1c8 build/cooja/contiki-ng-cooja.a(csma-output.o)
                                        0x1e0 (size before relaxing)
 .eh_frame      0x000000000003a7f0       0x40 build/cooja/contiki-ng-cooja.a(csma-security.o)
                                         0x58 (size before relaxing)
 .eh_frame      0x000000000003a830      0x148 build/cooja/contiki-ng-cooja.a(uip-icmp6.o)
                                        0x160 (size before relaxing)
 .eh_frame      0x000000000003a978       0x80 build/cooja/contiki-ng-cooja.a(uip-nd6.o)
                                         0x98 (size before relaxing)
 .eh_frame      0x000000000003a9f8      0x180 build/cooja/contiki-ng-cooja.a(uip-sr.o)
                                        0x198 (size before relaxing)
 .eh_frame      0x000000000003ab78       0xa0 build/cooja/contiki-ng-cooja.a(rpl-dag-root.o)
                                         0xb8 (size before relaxing)
 .eh_frame      0x000000000003ac18      0x360 build/cooja/contiki-ng-cooja.a(rpl-dag.o)
                                        0x378 (size before relaxing)
 .eh_frame      0x000000000003af78      0x128 build/cooja/contiki-ng-cooja.a(rpl-ext-header.o)
                                        0x140 (size before relaxing)
 .eh_frame      0x000000000003b0a0      0x1c0 build/cooja/contiki-ng-cooja.a(rpl-icmp6.o)
                                        0x1d8 (size before relaxing)
 .eh_frame      0x000000000003b260      0x148 build/cooja/contiki-ng-cooja.a(rpl-mrhof.o)
                                        0x160 (size before relaxing)
 .eh_frame      0x000000000003b3a8       0x40 build/cooja/contiki-ng-cooja.a(rpl-nbr-policy.o)
                                         0x58 (size before relaxing)
 .eh_frame      0x000000000003b3e8      0x2b0 build/cooja/contiki-ng-cooja.a(rpl-neighbor.o)
                                        0x2c8 (size before relaxing)
 .eh_frame      0x000000000003b698      0x3a8 build/cooja/contiki-ng-cooja.a(rpl-timers.o)
                                        0x3c0 (size before relaxing)
 .eh_frame      0x000000000003ba40       0x20 build/cooja/contiki-ng-cooja.a(assert.o)
                                         0x38 (size before relaxing)
 .eh_frame      0x000000000003ba60       0x20 build/cooja/contiki-ng-cooja.a(mac.o)
                                         0x38 (size before relaxing)
 .eh_frame      0x000000000003ba80      0x1a4 build/cooja/contiki-ng-cooja.a(frame802154.o)
                                        0x1c0 (size before relaxing)
 .eh_frame      0x000000000003bc24        0x4 /usr/lib/gcc/x86_64-linux-gnu/11/crtendS.o
 *(.eh_frame.*)

.gcc_except_table
 *(.gcc_except_table .gcc_except_table.*)

.gnu_extab
 *(.gnu_extab*)

.exception_ranges
 *(.exception_ranges*)
                0x000000000003d6d0                . = DATA_SEGMENT_ALIGN (CONSTANT (MAXPAGESIZE), CONSTANT (COMMONPAGESIZE))

.eh_frame
 *(.eh_frame)
 *(.eh_frame.*)

.gnu_extab
 *(.gnu_extab)

.gcc_except_table
 *(.gcc_except_table .gcc_except_table.*)

.exception_ranges
 *(.exception_ranges*)

.tdata
 *(.tdata .tdata.* .gnu.linkonce.td.*)

.tbss
 *(.tbss .tbss.* .gnu.linkonce.tb.*)
 *(.tcommon)

.preinit_array
 *(.preinit_array)

.init_array     0x000000000003d6d0        0x8
 *(SORT_BY_INIT_PRIORITY(.init_array.*) SORT_BY_INIT_PRIORITY(.ctors.*))
 *(.init_array EXCLUDE_FILE(*crtend?.o *crtend.o *crtbegin?.o *crtbegin.o) .ctors)
 .init_array    0x000000000003d6d0        0x8 /usr/lib/gcc/x86_64-linux-gnu/11/crtbeginS.o

.fini_array     0x000000000003d6d8        0x8
 *(SORT_BY_INIT_PRIORITY(.fini_array.*) SORT_BY_INIT_PRIORITY(.dtors.*))
 *(.fini_array EXCLUDE_FILE(*crtend?.o *crtend.o *crtbegin?.o *crtbegin.o) .dtors)
 .fini_array    0x000000000003d6d8        0x8 /usr/lib/gcc/x86_64-linux-gnu/11/crtbeginS.o

.ctors
 *crtbegin.o(.ctors)
 *crtbegin?.o(.ctors)
 *(EXCLUDE_FILE(*crtend?.o *crtend.o) .ctors)
 *(SORT_BY_NAME(.ctors.*))
 *(.ctors)

.dtors
 *crtbegin.o(.dtors)
 *crtbegin?.o(.dtors)
 *(EXCLUDE_FILE(*crtend?.o *crtend.o) .dtors)
 *(SORT_BY_NAME(.dtors.*))
 *(.dtors)

.jcr
 *(.jcr)

.data.rel.ro    0x000000000003d6e0      0x350
 *(.data.rel.ro.local* .gnu.linkonce.d.rel.ro.local.*)
 .data.rel.ro.local
                0x000000000003d6e0       0x10 build/cooja/contiki-ng-cooja.a(beep.o)
                0x000000000003d6e0                beep_interface
 .data.rel.ro.local
                0x000000000003d6f0       0x10 build/cooja/contiki-ng-cooja.a(leds-arch.o)
                0x000000000003d6f0                leds_interface
 .data.rel.ro.local
                0x000000000003d700       0x10 build/cooja/contiki-ng-cooja.a(moteid.o)
                0x000000000003d700                moteid_interface
 *fill*         0x000000000003d710       0x10 
 .data.rel.ro.local
                0x000000000003d720       0x40 build/cooja/contiki-ng-cooja.a(pir-sensor.o)
                0x000000000003d720                pir_interface
                0x000000000003d740                pir_sensor
 .data.rel.ro.local
                0x000000000003d760       0x10 build/cooja/contiki-ng-cooja.a(rs232.o)
                0x000000000003d760                rs232_interface
 *fill*         0x000000000003d770       0x10 
 .data.rel.ro.local
                0x000000000003d780       0x40 build/cooja/contiki-ng-cooja.a(vib-sensor.o)
                0x000000000003d780                vib_interface
                0x000000000003d7a0                vib_sensor
 .data.rel.ro.local
                0x000000000003d7c0       0x10 build/cooja/contiki-ng-cooja.a(clock.o)
                0x000000000003d7c0                clock_interface
 .data.rel.ro.local
                0x000000000003d7d0       0x10 build/cooja/contiki-ng-cooja.a(cooja-log.o)
                0x000000000003d7d0                simlog_interface
 .data.rel.ro.local
                0x000000000003d7e0       0x10 build/cooja/contiki-ng-cooja.a(cfs-cooja.o)
                0x000000000003d7e0                cfs_interface
 *fill*         0x000000000003d7f0       0x10 
 .data.rel.ro.local
                0x000000000003d800       0x90 build/cooja/contiki-ng-cooja.a(cooja-radio.o)
                0x000000000003d800                radio_interface
                0x000000000003d820                cooja_radio_driver
 .data.rel.ro.local
                0x000000000003d890       0x10 build/cooja/contiki-ng-cooja.a(eeprom.o)
                0x000000000003d890                eeprom_interface
 .data.rel.ro.local
                0x000000000003d8a0       0x40 build/cooja/contiki-ng-cooja.a(buttons.o)
                0x000000000003d8a0                button_interface
                0x000000000003d8c0                button_sensor
 .data.rel.ro.local
                0x000000000003d8e0       0x38 build/cooja/contiki-ng-cooja.a(csma.o)
                0x000000000003d8e0                csma_driver
 *fill*         0x000000000003d918        0x8 
 .data.rel.ro.local
                0x000000000003d920       0x18 build/cooja/contiki-ng-cooja.a(framer-802154.o)
                0x000000000003d920                framer_802154
 *(.data.rel.ro .data.rel.ro.* .gnu.linkonce.d.rel.ro.*)
 .data.rel.ro   0x000000000003d938        0x0 /usr/lib/gcc/x86_64-linux-gnu/11/../../../x86_64-linux-gnu/crti.o
 *fill*         0x000000000003d938        0x8 
 .data.rel.ro   0x000000000003d940       0x10 mqtt-client.o
                0x000000000003d940                autostart_processes
 *fill*         0x000000000003d950       0x10 
 .data.rel.ro   0x000000000003d960       0x20 build/cooja/contiki-ng-cooja.a(sicslowpan.o)
                0x000000000003d960                sicslowpan_driver
 .data.rel.ro   0x000000000003d980       0xa8 build/cooja/contiki-ng-cooja.a(rpl.o)
                0x000000000003d980                rpl_lite_driver
 .data.rel.ro   0x000000000003da28        0x8 build/cooja/contiki-ng-cooja.a(rpl-dag.o)

.dynamic        0x000000000003da30      0x1c0
 *(.dynamic)
 .dynamic       0x000000000003da30      0x1c0 /usr/lib/gcc/x86_64-linux-gnu/11/../../../x86_64-linux-gnu/crti.o
                0x000000000003da30                _DYNAMIC

.got            0x000000000003dbf0      0x3f8
 *(.got)
 .got           0x000000000003dbf0      0x3f8 /usr/lib/gcc/x86_64-linux-gnu/11/../../../x86_64-linux-gnu/crti.o
 *(.igot)
                0x000000000003dfe8                . = DATA_SEGMENT_RELRO_END (., (SIZEOF (.got.plt) >= 0x18)?0x18:0x0)

.got.plt        0x000000000003e000      0xbc8
 *(.got.plt)
 .got.plt       0x000000000003e000      0xbc8 /usr/lib/gcc/x86_64-linux-gnu/11/../../../x86_64-linux-gnu/crti.o
                0x000000000003e000                _GLOBAL_OFFSET_TABLE_
 *(.igot.plt)

.data           0x000000000003ebe0      0x812
 *(.data .data.* .gnu.linkonce.d.*)
 .data          0x000000000003ebe0        0x0 /usr/lib/gcc/x86_64-linux-gnu/11/../../../x86_64-linux-gnu/crti.o
 .data          0x000000000003ebe0        0x0 /usr/lib/gcc/x86_64-linux-gnu/11/crtbeginS.o
 .data.rel.local
                0x000000000003ebe0        0x8 /usr/lib/gcc/x86_64-linux-gnu/11/crtbeginS.o
                0x000000000003ebe0                __dso_handle
 .data          0x000000000003ebe8        0x0 mqtt-client.o
 *fill*         0x000000000003ebe8       0x18 
 .data.rel.local
                0x000000000003ec00       0x40 mqtt-client.o
                0x000000000003ec20                mqtt_client_process
 .data          0x000000000003ec40        0x0 build/cooja/mtype208023808.o
 .data.rel      0x000000000003ec40       0xa0 build/cooja/mtype208023808.o
                0x000000000003ec40                simInterfaces
                0x000000000003ecc0                sensors
 .data          0x000000000003ece0        0x0 build/cooja/contiki-ng-cooja.a(simEnvChange.o)
 .data          0x000000000003ece0        0x0 build/cooja/contiki-ng-cooja.a(cooja_mt.o)
 .data          0x000000000003ece0        0x0 build/cooja/contiki-ng-cooja.a(cooja_mtarch.o)
 .data          0x000000000003ece0        0x0 build/cooja/contiki-ng-cooja.a(rtimer-arch.o)
 .data          0x000000000003ece0        0x0 build/cooja/contiki-ng-cooja.a(beep.o)
 .data          0x000000000003ece0        0x0 build/cooja/contiki-ng-cooja.a(leds-arch.o)
 .data          0x000000000003ece0        0x0 build/cooja/contiki-ng-cooja.a(moteid.o)
 .data          0x000000000003ece0        0x0 build/cooja/contiki-ng-cooja.a(pir-sensor.o)
 .data          0x000000000003ece0        0x0 build/cooja/contiki-ng-cooja.a(rs232.o)
 .data          0x000000000003ece0        0x0 build/cooja/contiki-ng-cooja.a(vib-sensor.o)
 .data          0x000000000003ece0        0x0 build/cooja/contiki-ng-cooja.a(clock.o)
 .data          0x000000000003ece0        0x0 build/cooja/contiki-ng-cooja.a(cooja-log.o)
 .data          0x000000000003ece0        0x0 build/cooja/contiki-ng-cooja.a(cfs-cooja.o)
 .data          0x000000000003ece0       0x20 build/cooja/contiki-ng-cooja.a(cooja-radio.o)
                0x000000000003ece0                simRadioHWOn
                0x000000000003ece4                simSignalStrength
                0x000000000003ece8                simLastSignalStrength
                0x000000000003ecec                simPower
                0x000000000003ecf0                simRadioChannel
                0x000000000003ecf4                simLQI
                0x000000000003ecf8                simLastLQI
 .data.rel.local
                0x000000000003ed00       0x20 build/cooja/contiki-ng-cooja.a(cooja-radio.o)
                0x000000000003ed00                cooja_radio_process
 .data          0x000000000003ed20        0x0 build/cooja/contiki-ng-cooja.a(eeprom.o)
 .data          0x000000000003ed20        0x0 build/cooja/contiki-ng-cooja.a(random.o)
 .data          0x000000000003ed20        0x0 build/cooja/contiki-ng-cooja.a(sensors.o)
 .data.rel.local
                0x000000000003ed20       0x20 build/cooja/contiki-ng-cooja.a(sensors.o)
                0x000000000003ed20                sensors_process
 .data          0x000000000003ed40        0x0 build/cooja/contiki-ng-cooja.a(leds.o)
 .data          0x000000000003ed40        0x0 build/cooja/contiki-ng-cooja.a(gpio-hal-arch.o)
 .data          0x000000000003ed40        0x1 build/cooja/contiki-ng-cooja.a(buttons.o)
                0x000000000003ed40                simButtonIsActive
 *fill*         0x000000000003ed41       0x1f 
 .data.rel.local
                0x000000000003ed60       0xb0 build/cooja/contiki-ng-cooja.a(buttons.o)
                0x000000000003ee00                button_hal_buttons
 .data          0x000000000003ee10        0x0 build/cooja/contiki-ng-cooja.a(mqtt.o)
 *fill*         0x000000000003ee10       0x10 
 .data.rel.local
                0x000000000003ee20       0x40 build/cooja/contiki-ng-cooja.a(mqtt.o)
                0x000000000003ee40                mqtt_process
 .data          0x000000000003ee60        0x0 build/cooja/contiki-ng-cooja.a(contiki-main.o)
 .data          0x000000000003ee60        0x0 build/cooja/contiki-ng-cooja.a(autostart.o)
 .data          0x000000000003ee60        0x0 build/cooja/contiki-ng-cooja.a(ctimer.o)
 .data.rel.local
                0x000000000003ee60       0x40 build/cooja/contiki-ng-cooja.a(ctimer.o)
                0x000000000003ee80                ctimer_process
 .data          0x000000000003eea0        0x0 build/cooja/contiki-ng-cooja.a(energest.o)
 .data          0x000000000003eea0        0x0 build/cooja/contiki-ng-cooja.a(etimer.o)
 .data.rel.local
                0x000000000003eea0       0x20 build/cooja/contiki-ng-cooja.a(etimer.o)
                0x000000000003eea0                etimer_process
 .data          0x000000000003eec0        0x4 build/cooja/contiki-ng-cooja.a(log.o)
                0x000000000003eec0                curr_log_level_main
 *fill*         0x000000000003eec4       0x1c 
 .data.rel      0x000000000003eee0      0x138 build/cooja/contiki-ng-cooja.a(log.o)
                0x000000000003eee0                all_modules
 .data          0x000000000003f018        0x0 build/cooja/contiki-ng-cooja.a(node-id.o)
 .data          0x000000000003f018        0x0 build/cooja/contiki-ng-cooja.a(process.o)
 .data          0x000000000003f018        0x0 build/cooja/contiki-ng-cooja.a(rtimer.o)
 .data          0x000000000003f018        0x0 build/cooja/contiki-ng-cooja.a(timer.o)
 .data          0x000000000003f018        0x0 build/cooja/contiki-ng-cooja.a(list.o)
 .data          0x000000000003f018        0x0 build/cooja/contiki-ng-cooja.a(button-hal.o)
 *fill*         0x000000000003f018        0x8 
 .data.rel.local
                0x000000000003f020       0x20 build/cooja/contiki-ng-cooja.a(button-hal.o)
                0x000000000003f020                button_hal_process
 .data          0x000000000003f040        0x0 build/cooja/contiki-ng-cooja.a(gpio-hal.o)
 .data.rel.local
                0x000000000003f040        0x8 build/cooja/contiki-ng-cooja.a(gpio-hal.o)
 .data          0x000000000003f048        0x0 build/cooja/contiki-ng-cooja.a(serial-line.o)
 *fill*         0x000000000003f048       0x18 
 .data.rel.local
                0x000000000003f060       0x20 build/cooja/contiki-ng-cooja.a(serial-line.o)
                0x000000000003f060                serial_line_process
 .data          0x000000000003f080        0x0 build/cooja/contiki-ng-cooja.a(linkaddr.o)
 .data          0x000000000003f080        0x0 build/cooja/contiki-ng-cooja.a(netstack.o)
 .data.rel.local
                0x000000000003f080        0x8 build/cooja/contiki-ng-cooja.a(netstack.o)
 .data          0x000000000003f088        0x0 build/cooja/contiki-ng-cooja.a(packetbuf.o)
 .data.rel.local
                0x000000000003f088        0x8 build/cooja/contiki-ng-cooja.a(packetbuf.o)
 .data          0x000000000003f090        0x0 build/cooja/contiki-ng-cooja.a(queuebuf.o)
 .data.rel.local
                0x000000000003f090       0x38 build/cooja/contiki-ng-cooja.a(queuebuf.o)
 .data          0x000000000003f0c8        0x0 build/cooja/contiki-ng-cooja.a(printf.o)
 *fill*         0x000000000003f0c8        0x8 
 .data.rel.local
                0x000000000003f0d0       0x10 build/cooja/contiki-ng-cooja.a(printf.o)
 .data          0x000000000003f0e0        0x0 build/cooja/contiki-ng-cooja.a(putchar.o)
 .data          0x000000000003f0e0        0x0 build/cooja/contiki-ng-cooja.a(puts.o)
 .data          0x000000000003f0e0        0x0 build/cooja/contiki-ng-cooja.a(snprintf.o)
 .data          0x000000000003f0e0        0x0 build/cooja/contiki-ng-cooja.a(sprintf.o)
 .data          0x000000000003f0e0        0x0 build/cooja/contiki-ng-cooja.a(strformat.o)
 .data          0x000000000003f0e0        0x0 build/cooja/contiki-ng-cooja.a(csma.o)
 .data          0x000000000003f0e0        0x0 build/cooja/contiki-ng-cooja.a(sicslowpan.o)
 .data          0x000000000003f0e0        0x0 build/cooja/contiki-ng-cooja.a(tcp-socket.o)
 .data.rel.local
                0x000000000003f0e0       0x40 build/cooja/contiki-ng-cooja.a(tcp-socket.o)
                0x000000000003f100                tcp_socket_process
 .data          0x000000000003f120        0x0 build/cooja/contiki-ng-cooja.a(tcpip.o)
 .data.rel.local
                0x000000000003f120       0x20 build/cooja/contiki-ng-cooja.a(tcpip.o)
                0x000000000003f120                tcpip_process
 .data          0x000000000003f140        0x0 build/cooja/contiki-ng-cooja.a(uip-ds6-nbr.o)
 .data.rel.local
                0x000000000003f140       0x20 build/cooja/contiki-ng-cooja.a(uip-ds6-nbr.o)
 .data          0x000000000003f160        0x0 build/cooja/contiki-ng-cooja.a(uip-ds6-route.o)
 .data.rel.local
                0x000000000003f160       0x28 build/cooja/contiki-ng-cooja.a(uip-ds6-route.o)
 .data          0x000000000003f188        0x0 build/cooja/contiki-ng-cooja.a(uip-ds6.o)
 .data          0x000000000003f188        0x0 build/cooja/contiki-ng-cooja.a(uip-packetqueue.o)
 *fill*         0x000000000003f188        0x8 
 .data.rel.local
                0x000000000003f190       0x18 build/cooja/contiki-ng-cooja.a(uip-packetqueue.o)
 .data          0x000000000003f1a8        0x0 build/cooja/contiki-ng-cooja.a(uip6.o)
 .data          0x000000000003f1a8        0x0 build/cooja/contiki-ng-cooja.a(uipbuf.o)
 .data          0x000000000003f1a8        0x0 build/cooja/contiki-ng-cooja.a(uiplib.o)
 .data          0x000000000003f1a8        0x0 build/cooja/contiki-ng-cooja.a(rpl.o)
 .data          0x000000000003f1a8        0x0 build/cooja/contiki-ng-cooja.a(watchdog.o)
 .data          0x000000000003f1a8        0x0 build/cooja/contiki-ng-cooja.a(int-master.o)
 .data          0x000000000003f1a8        0x0 build/cooja/contiki-ng-cooja.a(stimer.o)
 .data          0x000000000003f1a8        0x0 build/cooja/contiki-ng-cooja.a(memb.o)
 .data          0x000000000003f1a8        0x0 build/cooja/contiki-ng-cooja.a(ringbuf.o)
 .data          0x000000000003f1a8        0x0 build/cooja/contiki-ng-cooja.a(link-stats.o)
 *fill*         0x000000000003f1a8        0x8 
 .data.rel.local
                0x000000000003f1b0       0x20 build/cooja/contiki-ng-cooja.a(link-stats.o)
 .data          0x000000000003f1d0        0x0 build/cooja/contiki-ng-cooja.a(nbr-table.o)
 .data.rel.local
                0x000000000003f1d0       0x20 build/cooja/contiki-ng-cooja.a(nbr-table.o)
 .data          0x000000000003f1f0        0x0 build/cooja/contiki-ng-cooja.a(mac-sequence.o)
 .data          0x000000000003f1f0        0x0 build/cooja/contiki-ng-cooja.a(framer-802154.o)
 .data          0x000000000003f1f0        0x0 build/cooja/contiki-ng-cooja.a(csma-output.o)
 .data.rel.local
                0x000000000003f1f0       0x60 build/cooja/contiki-ng-cooja.a(csma-output.o)
 .data          0x000000000003f250        0x0 build/cooja/contiki-ng-cooja.a(csma-security.o)
 .data          0x000000000003f250        0x0 build/cooja/contiki-ng-cooja.a(uip-icmp6.o)
 .data.rel.local
                0x000000000003f250       0x48 build/cooja/contiki-ng-cooja.a(uip-icmp6.o)
 .data          0x000000000003f298        0x0 build/cooja/contiki-ng-cooja.a(uip-nd6.o)
 *fill*         0x000000000003f298        0x8 
 .data.rel.local
                0x000000000003f2a0       0x18 build/cooja/contiki-ng-cooja.a(uip-nd6.o)
 .data          0x000000000003f2b8        0x0 build/cooja/contiki-ng-cooja.a(uip-sr.o)
 *fill*         0x000000000003f2b8        0x8 
 .data.rel.local
                0x000000000003f2c0       0x28 build/cooja/contiki-ng-cooja.a(uip-sr.o)
 .data          0x000000000003f2e8        0x0 build/cooja/contiki-ng-cooja.a(rpl-dag-root.o)
 .data          0x000000000003f2e8        0x0 build/cooja/contiki-ng-cooja.a(rpl-dag.o)
 .data          0x000000000003f2e8        0x0 build/cooja/contiki-ng-cooja.a(rpl-ext-header.o)
 .data          0x000000000003f2e8        0x0 build/cooja/contiki-ng-cooja.a(rpl-icmp6.o)
 *fill*         0x000000000003f2e8        0x8 
 .data.rel.local
                0x000000000003f2f0       0x78 build/cooja/contiki-ng-cooja.a(rpl-icmp6.o)
 .data          0x000000000003f368        0x0 build/cooja/contiki-ng-cooja.a(rpl-mrhof.o)
 *fill*         0x000000000003f368       0x18 
 .data.rel.local
                0x000000000003f380       0x48 build/cooja/contiki-ng-cooja.a(rpl-mrhof.o)
                0x000000000003f380                rpl_mrhof
 .data          0x000000000003f3c8        0x0 build/cooja/contiki-ng-cooja.a(rpl-nbr-policy.o)
 .data          0x000000000003f3c8        0x0 build/cooja/contiki-ng-cooja.a(rpl-neighbor.o)
 *fill*         0x000000000003f3c8        0x8 
 .data.rel.local
                0x000000000003f3d0       0x20 build/cooja/contiki-ng-cooja.a(rpl-neighbor.o)
                0x000000000003f3e8                rpl_neighbors
 .data          0x000000000003f3f0        0x0 build/cooja/contiki-ng-cooja.a(rpl-timers.o)
 .data          0x000000000003f3f0        0x0 build/cooja/contiki-ng-cooja.a(assert.o)
 .data          0x000000000003f3f0        0x0 build/cooja/contiki-ng-cooja.a(mac.o)
 .data          0x000000000003f3f0        0x2 build/cooja/contiki-ng-cooja.a(frame802154.o)
 .data          0x000000000003f3f2        0x0 /usr/lib/gcc/x86_64-linux-gnu/11/crtendS.o
 .data          0x000000000003f3f2        0x0 /usr/lib/gcc/x86_64-linux-gnu/11/../../../x86_64-linux-gnu/crtn.o

.tm_clone_table
                0x000000000003f3f8        0x0
 .tm_clone_table
                0x000000000003f3f8        0x0 /usr/lib/gcc/x86_64-linux-gnu/11/crtbeginS.o
 .tm_clone_table
                0x000000000003f3f8        0x0 /usr/lib/gcc/x86_64-linux-gnu/11/crtendS.o

.data1
 *(.data1)
                [!provide]                        PROVIDE (_edata = .)
                [!provide]                        PROVIDE (edata = .)
                0x000000000003f3f8                . = .
                [!provide]                        PROVIDE (__bss_start = .)

.bss            0x000000000003f400    0x18220
 *(.dynbss)
 .dynbss        0x000000000003f400        0x0 /usr/lib/gcc/x86_64-linux-gnu/11/../../../x86_64-linux-gnu/crti.o
 *(.bss .bss.* .gnu.linkonce.b.*)
 .bss           0x000000000003f400        0x0 /usr/lib/gcc/x86_64-linux-gnu/11/../../../x86_64-linux-gnu/crti.o
 .bss           0x000000000003f400        0x1 /usr/lib/gcc/x86_64-linux-gnu/11/crtbeginS.o
 *fill*         0x000000000003f401       0x1f 
 .bss           0x000000000003f420      0xb70 mqtt-client.o
                0x000000000003f420                broker_address
 *fill*         0x000000000003ff90       0x10 
 .bss           0x000000000003ffa0     0x4060 build/cooja/mtype208023808.o
                0x000000000003ffa0                sensors_flags
                0x000000000003ffa8                referenceVar
 .bss           0x0000000000044000       0x18 build/cooja/contiki-ng-cooja.a(simEnvChange.o)
                0x0000000000044000                simDontFallAsleep
                0x0000000000044004                simProcessRunValue
                0x0000000000044008                simEtimerPending
                0x0000000000044010                simEtimerNextExpirationTime
 .bss           0x0000000000044018        0x8 build/cooja/contiki-ng-cooja.a(cooja_mt.o)
 .bss           0x0000000000044020        0x8 build/cooja/contiki-ng-cooja.a(cooja_mtarch.o)
 .bss           0x0000000000044028       0x18 build/cooja/contiki-ng-cooja.a(rtimer-arch.o)
                0x0000000000044028                simRtimerPending
                0x0000000000044030                simRtimerNextExpirationTime
                0x0000000000044038                simRtimerCurrentTicks
 .bss           0x0000000000044040        0x1 build/cooja/contiki-ng-cooja.a(beep.o)
                0x0000000000044040                simBeeped
 .bss           0x0000000000044041        0x1 build/cooja/contiki-ng-cooja.a(leds-arch.o)
                0x0000000000044041                simLedsValue
 *fill*         0x0000000000044042        0x2 
 .bss           0x0000000000044044        0xc build/cooja/contiki-ng-cooja.a(moteid.o)
                0x0000000000044044                simMoteID
                0x0000000000044048                simMoteIDChanged
                0x000000000004404c                simRandomSeed
 .bss           0x0000000000044050        0x3 build/cooja/contiki-ng-cooja.a(pir-sensor.o)
                0x0000000000044050                simPirChanged
                0x0000000000044051                simPirIsActive
                0x0000000000044052                simPirValue
 *fill*         0x0000000000044053        0xd 
 .bss           0x0000000000044060      0x810 build/cooja/contiki-ng-cooja.a(rs232.o)
                0x0000000000044060                simSerialReceivingData
                0x0000000000044860                simSerialReceivingLength
                0x0000000000044864                simSerialReceivingFlag
 .bss           0x0000000000044870        0x3 build/cooja/contiki-ng-cooja.a(vib-sensor.o)
                0x0000000000044870                simVibChanged
                0x0000000000044871                simVibIsActive
                0x0000000000044872                simVibValue
 *fill*         0x0000000000044873        0x5 
 .bss           0x0000000000044878        0x8 build/cooja/contiki-ng-cooja.a(clock.o)
                0x0000000000044878                simCurrentTime
 .bss           0x0000000000044880     0x200d build/cooja/contiki-ng-cooja.a(cooja-log.o)
                0x0000000000044880                simLoggedData
                0x0000000000046880                simLoggedLength
                0x0000000000046884                simLoggedFlag
 *fill*         0x000000000004688d       0x13 
 .bss           0x00000000000468a0      0xfc0 build/cooja/contiki-ng-cooja.a(cfs-cooja.o)
                0x00000000000468a0                simCFSData
                0x0000000000047840                simCFSSize
                0x0000000000047844                simCFSChanged
                0x0000000000047848                simCFSRead
                0x000000000004784c                simCFSWritten
 .bss           0x0000000000047860      0x15c build/cooja/contiki-ng-cooja.a(cooja-radio.o)
                0x0000000000047860                simReceiving
                0x0000000000047880                simInDataBuffer
                0x0000000000047900                simInSize
                0x0000000000047908                simLastPacketTimestamp
                0x0000000000047920                simOutDataBuffer
                0x00000000000479a0                simOutSize
 *fill*         0x00000000000479bc        0x4 
 .bss           0x00000000000479c0      0x40c build/cooja/contiki-ng-cooja.a(eeprom.o)
                0x00000000000479c0                simEEPROMData
                0x0000000000047dc0                simEEPROMChanged
                0x0000000000047dc4                simEEPROMRead
                0x0000000000047dc8                simEEPROMWritten
 .bss           0x0000000000047dcc        0x0 build/cooja/contiki-ng-cooja.a(random.o)
 .bss           0x0000000000047dcc        0xc build/cooja/contiki-ng-cooja.a(sensors.o)
                0x0000000000047dcc                sensors_event
 .bss           0x0000000000047dd8        0x0 build/cooja/contiki-ng-cooja.a(leds.o)
 *fill*         0x0000000000047dd8        0x8 
 .bss           0x0000000000047de0       0x40 build/cooja/contiki-ng-cooja.a(gpio-hal-arch.o)
 .bss           0x0000000000047e20        0x2 build/cooja/contiki-ng-cooja.a(buttons.o)
                0x0000000000047e20                simButtonChanged
                0x0000000000047e21                simButtonIsDown
 *fill*         0x0000000000047e22        0x6 
 .bss           0x0000000000047e28       0x21 build/cooja/contiki-ng-cooja.a(mqtt.o)