Archive member included to satisfy reference by file (symbol)

build/cooja/contiki-ng-cooja.a(simEnvChange.o)
                              build/cooja/mtype482822930.o (simDontFallAsleep)
build/cooja/contiki-ng-cooja.a(cooja_mt.o)
                              build/cooja/mtype482822930.o (cooja_mt_start)
build/cooja/contiki-ng-cooja.a(cooja_mtarch.o)
                              build/cooja/contiki-ng-cooja.a(cooja_mt.o) (cooja_mtarch_start)
build/cooja/contiki-ng-cooja.a(rtimer-arch.o)
                              build/cooja/mtype482822930.o (rtimer_arch_check)
build/cooja/contiki-ng-cooja.a(beep.o)
                              build/cooja/mtype482822930.o (beep_interface)
build/cooja/contiki-ng-cooja.a(leds-arch.o)
                              build/cooja/mtype482822930.o (leds_interface)
build/cooja/contiki-ng-cooja.a(moteid.o)
                              build/cooja/mtype482822930.o (moteid_interface)
build/cooja/contiki-ng-cooja.a(pir-sensor.o)
                              build/cooja/mtype482822930.o (pir_interface)
build/cooja/contiki-ng-cooja.a(rs232.o)
                              build/cooja/mtype482822930.o (rs232_interface)
build/cooja/contiki-ng-cooja.a(vib-sensor.o)
                              build/cooja/mtype482822930.o (vib_interface)
build/cooja/contiki-ng-cooja.a(clock.o)
                              build/cooja/mtype482822930.o (clock_interface)
build/cooja/contiki-ng-cooja.a(cooja-log.o)
                              build/cooja/mtype482822930.o (simlog_interface)
build/cooja/contiki-ng-cooja.a(cfs-cooja.o)
                              build/cooja/mtype482822930.o (cfs_interface)
build/cooja/contiki-ng-cooja.a(cooja-radio.o)
                              build/cooja/mtype482822930.o (radio_interface)
build/cooja/contiki-ng-cooja.a(eeprom.o)
                              build/cooja/mtype482822930.o (eeprom_interface)
build/cooja/contiki-ng-cooja.a(random.o)
                              build/cooja/contiki-ng-cooja.a(moteid.o) (random_init)
build/cooja/contiki-ng-cooja.a(sensors.o)
                              build/cooja/contiki-ng-cooja.a(pir-sensor.o) (sensors_changed)
build/cooja/contiki-ng-cooja.a(leds.o)
                              mqtt-client.o (leds_off)
build/cooja/contiki-ng-cooja.a(gpio-hal-arch.o)
                              build/cooja/contiki-ng-cooja.a(leds-arch.o) (gpio_hal_arch_register_pin_callback)
build/cooja/contiki-ng-cooja.a(buttons.o)
                              build/cooja/mtype482822930.o (button_interface)
build/cooja/contiki-ng-cooja.a(mqtt.o)
                              mqtt-client.o (mqtt_disconnect)
build/cooja/contiki-ng-cooja.a(contiki-main.o)
                              build/cooja/mtype482822930.o (main)
build/cooja/contiki-ng-cooja.a(autostart.o)
                              build/cooja/contiki-ng-cooja.a(contiki-main.o) (autostart_start)
build/cooja/contiki-ng-cooja.a(ctimer.o)
                              build/cooja/contiki-ng-cooja.a(contiki-main.o) (ctimer_init)
build/cooja/contiki-ng-cooja.a(energest.o)
                              build/cooja/contiki-ng-cooja.a(contiki-main.o) (energest_init)
build/cooja/contiki-ng-cooja.a(etimer.o)
                              build/cooja/contiki-ng-cooja.a(contiki-main.o) (etimer_process)
build/cooja/contiki-ng-cooja.a(log.o)
                              build/cooja/contiki-ng-cooja.a(contiki-main.o) (curr_log_level_main)
build/cooja/contiki-ng-cooja.a(node-id.o)
                              build/cooja/contiki-ng-cooja.a(contiki-main.o) (node_id)
build/cooja/contiki-ng-cooja.a(process.o)
                              build/cooja/contiki-ng-cooja.a(mqtt.o) (process_current)
build/cooja/contiki-ng-cooja.a(rtimer.o)
                              build/cooja/contiki-ng-cooja.a(contiki-main.o) (rtimer_init)
build/cooja/contiki-ng-cooja.a(timer.o)
                              mqtt-client.o (timer_set)
build/cooja/contiki-ng-cooja.a(list.o)
                              build/cooja/contiki-ng-cooja.a(mqtt.o) (list_init)
build/cooja/contiki-ng-cooja.a(button-hal.o)
                              mqtt-client.o (button_hal_release_event)
build/cooja/contiki-ng-cooja.a(gpio-hal.o)
                              build/cooja/contiki-ng-cooja.a(button-hal.o) (gpio_hal_register_handler)
build/cooja/contiki-ng-cooja.a(serial-line.o)
                              build/cooja/contiki-ng-cooja.a(rs232.o) (serial_line_input_byte)
build/cooja/contiki-ng-cooja.a(linkaddr.o)
                              mqtt-client.o (linkaddr_node_addr)
build/cooja/contiki-ng-cooja.a(netstack.o)
                              build/cooja/contiki-ng-cooja.a(contiki-main.o) (netstack_init)
build/cooja/contiki-ng-cooja.a(packetbuf.o)
                              build/cooja/contiki-ng-cooja.a(cooja-radio.o) (packetbuf_clear)
build/cooja/contiki-ng-cooja.a(queuebuf.o)
                              build/cooja/contiki-ng-cooja.a(contiki-main.o) (queuebuf_init)
build/cooja/contiki-ng-cooja.a(printf.o)
[...]
Memory Configuration

Name             Origin             Length             Attributes
*default*        0x0000000000000000 0xffffffffffffffff

Linker script and memory map

LOAD /usr/lib/gcc/x86_64-linux-gnu/11/../../../x86_64-linux-gnu/crti.o
LOAD /usr/lib/gcc/x86_64-linux-gnu/11/crtbeginS.o
LOAD mqtt-client.o
LOAD build/cooja/mtype482822930.o
LOAD build/cooja/contiki-ng-cooja.a
LOAD /usr/lib/gcc/x86_64-linux-gnu/11/libgcc.a
LOAD /usr/lib/gcc/x86_64-linux-gnu/11/libgcc_s.so
START GROUP
LOAD /usr/lib/gcc/x86_64-linux-gnu/11/../../../x86_64-linux-gnu/libgcc_s.so.1
LOAD /usr/lib/gcc/x86_64-linux-gnu/11/libgcc.a
END GROUP
LOAD /usr/lib/gcc/x86_64-linux-gnu/11/../../../x86_64-linux-gnu/libc.so
START GROUP
LOAD /lib/x86_64-linux-gnu/libc.so.6
LOAD /usr/lib/x86_64-linux-gnu/libc_nonshared.a
LOAD /lib64/ld-linux-x86-64.so.2
END GROUP
LOAD /usr/lib/gcc/x86_64-linux-gnu/11/libgcc.a
LOAD /usr/lib/gcc/x86_64-linux-gnu/11/libgcc_s.so
START GROUP
LOAD /usr/lib/gcc/x86_64-linux-gnu/11/../../../x86_64-linux-gnu/libgcc_s.so.1
LOAD /usr/lib/gcc/x86_64-linux-gnu/11/libgcc.a
END GROUP
LOAD /usr/lib/gcc/x86_64-linux-gnu/11/crtendS.o
LOAD /usr/lib/gcc/x86_64-linux-gnu/11/../../../x86_64-linux-gnu/crtn.o
                0x00000000000002a8                . = (SEGMENT_START ("text-segment", 0x0) + SIZEOF_HEADERS)

.note.gnu.property
                0x00000000000002a8       0x20
 .note.gnu.property
                0x00000000000002a8       0x20 /usr/lib/gcc/x86_64-linux-gnu/11/../../../x86_64-linux-gnu/crti.o

.note.gnu.build-id
                0x00000000000002c8       0x24
 *(.note.gnu.build-id)
 .note.gnu.build-id
                0x00000000000002c8       0x24 /usr/lib/gcc/x86_64-linux-gnu/11/../../../x86_64-linux-gnu/crti.o

.hash
 *(.hash)

.gnu.hash       0x00000000000002f0     0x14b8
 *(.gnu.hash)
 .gnu.hash      0x00000000000002f0     0x14b8 /usr/lib/gcc/x86_64-linux-gnu/11/../../../x86_64-linux-gnu/crti.o

.dynsym         0x00000000000017a8     0x4098
 *(.dynsym)
 .dynsym        0x00000000000017a8     0x4098 /usr/lib/gcc/x86_64-linux-gnu/11/../../../x86_64-linux-gnu/crti.o

.dynstr         0x0000000000005840     0x30c8
 *(.dynstr)
 .dynstr        0x0000000000005840     0x30c8 /usr/lib/gcc/x86_64-linux-gnu/11/../../../x86_64-linux-gnu/crti.o

.gnu.version    0x0000000000008908      0x562
 *(.gnu.version)
 .gnu.version   0x0000000000008908      0x562 /usr/lib/gcc/x86_64-linux-gnu/11/../../../x86_64-linux-gnu/crti.o

.gnu.version_d  0x0000000000008e70        0x0
 *(.gnu.version_d)
 .gnu.version_d
                0x0000000000008e70        0x0 /usr/lib/gcc/x86_64-linux-gnu/11/../../../x86_64-linux-gnu/crti.o

.gnu.version_r  0x0000000000008e70       0x40
 *(.gnu.version_r)
 .gnu.version_r
                0x0000000000008e70       0x40 /usr/lib/gcc/x86_64-linux-gnu/11/../../../x86_64-linux-gnu/crti.o

.rela.dyn       0x0000000000008eb0     0x1ef0
 *(.rela.init)
 *(.rela.text .rela.text.* .rela.gnu.linkonce.t.*)
 .rela.text     0x0000000000008eb0        0x0 /usr/lib/gcc/x86_64-linux-gnu/11/../../../x86_64-linux-gnu/crti.o
 *(.rela.fini)
 *(.rela.rodata .rela.rodata.* .rela.gnu.linkonce.r.*)
 *(.rela.data .rela.data.* .rela.gnu.linkonce.d.*)
 .rela.data.rel.local
                0x0000000000008eb0      0x720 /usr/lib/gcc/x86_64-linux-gnu/11/../../../x86_64-linux-gnu/crti.o
 .rela.data.rel.ro
                0x00000000000095d0      0x288 /usr/lib/gcc/x86_64-linux-gnu/11/../../../x86_64-linux-gnu/crti.o
 .rela.data.rel
                0x0000000000009858      0x3a8 /usr/lib/gcc/x86_64-linux-gnu/11/../../../x86_64-linux-gnu/crti.o
 .rela.data.rel.ro.local
                0x0000000000009c00      0x5a0 /usr/lib/gcc/x86_64-linux-gnu/11/../../../x86_64-linux-gnu/crti.o
 *(.rela.tdata .rela.tdata.* .rela.gnu.linkonce.td.*)
 *(.rela.tbss .rela.tbss.* .rela.gnu.linkonce.tb.*)
 *(.rela.ctors)
 *(.rela.dtors)
 *(.rela.got)
 .rela.got      0x000000000000a1a0      0xbd0 /usr/lib/gcc/x86_64-linux-gnu/11/../../../x86_64-linux-gnu/crti.o
 *(.rela.bss .rela.bss.* .rela.gnu.linkonce.b.*)
 *(.rela.ldata .rela.ldata.* .rela.gnu.linkonce.l.*)
 *(.rela.lbss .rela.lbss.* .rela.gnu.linkonce.lb.*)
 *(.rela.lrodata .rela.lrodata.* .rela.gnu.linkonce.lr.*)
 *(.rela.ifunc)
 .rela.ifunc    0x000000000000ad70        0x0 /usr/lib/gcc/x86_64-linux-gnu/11/../../../x86_64-linux-gnu/crti.o
 .rela.fini_array
                0x000000000000ad70       0x18 /usr/lib/gcc/x86_64-linux-gnu/11/../../../x86_64-linux-gnu/crti.o
 .rela.init_array
                0x000000000000ad88       0x18 /usr/lib/gcc/x86_64-linux-gnu/11/../../../x86_64-linux-gnu/crti.o

.rela.plt       0x000000000000ada0     0x2310
 *(.rela.plt)
 .rela.plt      0x000000000000ada0     0x2310 /usr/lib/gcc/x86_64-linux-gnu/11/../../../x86_64-linux-gnu/crti.o
 *(.rela.iplt)

.relr.dyn
 *(.relr.dyn)
                0x000000000000e000                . = ALIGN (CONSTANT (MAXPAGESIZE))

.init           0x000000000000e000       0x1b
 *(SORT_NONE(.init))
 .init          0x000000000000e000       0x16 /usr/lib/gcc/x86_64-linux-gnu/11/../../../x86_64-linux-gnu/crti.o
                0x000000000000e000                _init
 .init          0x000000000000e016        0x5 /usr/lib/gcc/x86_64-linux-gnu/11/../../../x86_64-linux-gnu/crtn.o

.plt            0x000000000000e020     0x1770
 *(.plt)
 .plt           0x000000000000e020     0x1770 /usr/lib/gcc/x86_64-linux-gnu/11/../../../x86_64-linux-gnu/crti.o
 *(.iplt)

.plt.got        0x000000000000f790       0x30
 *(.plt.got)
 .plt.got       0x000000000000f790       0x30 /usr/lib/gcc/x86_64-linux-gnu/11/../../../x86_64-linux-gnu/crti.o

.plt.sec        0x000000000000f7c0     0x1760
 *(.plt.sec)
 .plt.sec       0x000000000000f7c0     0x1760 /usr/lib/gcc/x86_64-linux-gnu/11/../../../x86_64-linux-gnu/crti.o

.text           0x0000000000010f20    0x21bee
 *(.text.unlikely .text.*_unlikely .text.unlikely.*)
 *(.text.exit .text.exit.*)
 *(.text.startup .text.startup.*)
 *(.text.hot .text.hot.*)
 *(SORT_BY_NAME(.text.sorted.*))
 *(.text .stub .text.* .gnu.linkonce.t.*)
 .text          0x0000000000010f20        0x0 /usr/lib/gcc/x86_64-linux-gnu/11/../../../x86_64-linux-gnu/crti.o
 .text          0x0000000000010f20       0xb9 /usr/lib/gcc/x86_64-linux-gnu/11/crtbeginS.o
 .text          0x0000000000010fd9      0xebd mqtt-client.o
 .text          0x0000000000011e96      0x374 build/cooja/mtype482822930.o
                0x0000000000011f4c                platform_init_stage_one
                0x0000000000011f61                platform_init_stage_two
                0x0000000000011f76                platform_init_stage_three
                0x0000000000011f8b                platform_main_loop
                0x0000000000012025                JNI_OnLoad
                0x000000000001203c                Java_org_contikios_cooja_corecomm_Lib2_init
                0x000000000001208f                Java_org_contikios_cooja_corecomm_Lib2_getMemory
                0x00000000000120ee                Java_org_contikios_cooja_corecomm_Lib2_setMemory
                0x000000000001214d                Java_org_contikios_cooja_corecomm_Lib2_tick
                0x00000000000121db                Java_org_contikios_cooja_corecomm_Lib2_setReferenceAddress
 .text          0x000000000001220a       0x93 build/cooja/contiki-ng-cooja.a(simEnvChange.o)
                0x000000000001220a                doActionsBeforeTick
                0x0000000000012253                doActionsAfterTick
 .text          0x000000000001229d       0xab build/cooja/contiki-ng-cooja.a(cooja_mt.o)
                0x000000000001229d                cooja_mt_start
                0x00000000000122dd                cooja_mt_exec
                0x0000000000012320                cooja_mt_yield
 .text          0x0000000000012348      0x10e build/cooja/contiki-ng-cooja.a(cooja_mtarch.o)
                0x0000000000012348                cooja_mtarch_start
                0x00000000000123eb                cooja_sw
                0x0000000000012418                cooja_mtarch_exec
                0x0000000000012446                cooja_mtarch_yield
 .text          0x0000000000012456       0xcc build/cooja/contiki-ng-cooja.a(rtimer-arch.o)
                0x0000000000012456                rtimer_arch_init
                0x000000000001247c                rtimer_arch_schedule
                0x00000000000124a6                rtimer_arch_next
                0x00000000000124ba                rtimer_arch_pending
                0x00000000000124cd                rtimer_arch_check
                0x000000000001250e                rtimer_arch_now
 .text          0x0000000000012522       0xe6 build/cooja/contiki-ng-cooja.a(beep.o)
                0x0000000000012522                beep_alarm
                0x000000000001253d                beep_beep
                0x0000000000012555                beep
                0x000000000001256a                beep_down
                0x0000000000012582                beep_on
                0x0000000000012597                beep_off
                0x00000000000125ac                beep_spinup
                0x00000000000125c1                beep_quick
                0x00000000000125d9                beep_long
 .text          0x0000000000012608       0x80 build/cooja/contiki-ng-cooja.a(leds-arch.o)
                0x0000000000012621                leds_arch_init
 .text          0x0000000000012688       0x41 build/cooja/contiki-ng-cooja.a(moteid.o)
 .text          0x00000000000126c9       0xfa build/cooja/contiki-ng-cooja.a(pir-sensor.o)
 .text          0x00000000000127c3      0x18b build/cooja/contiki-ng-cooja.a(rs232.o)
                0x00000000000127c3                rs232_init
                0x00000000000127ce                rs232_set_speed
                0x00000000000127de                rs232_set_input
                0x00000000000127f8                rs232_send
                0x0000000000012817                rs232_print
                0x0000000000012845                slip_arch_writeb
 .text          0x000000000001294e       0xfa build/cooja/contiki-ng-cooja.a(vib-sensor.o)
 .text          0x0000000000012a48       0x6f build/cooja/contiki-ng-cooja.a(clock.o)
                0x0000000000012a48                clock_init
                0x0000000000012a53                clock_time
                0x0000000000012a67                clock_seconds
                0x0000000000012a93                clock_delay
 .text          0x0000000000012ab7      0x214 build/cooja/contiki-ng-cooja.a(cooja-log.o)
                0x0000000000012ab7                simlog_char
                0x0000000000012b11                simlog
                0x0000000000012b96                log_message
                0x0000000000012bdb                log_set_putchar_with_slip
                0x0000000000012bf2                dbg_putchar
                0x0000000000012c73                dbg_send_bytes
 .text          0x0000000000012ccb      0x39b build/cooja/contiki-ng-cooja.a(cfs-cooja.o)
                0x0000000000012ccb                cfs_open
                0x0000000000012d48                cfs_close
                0x0000000000012d5d                cfs_read
                0x0000000000012e24                cfs_write
                0x0000000000012f34                cfs_seek
                0x0000000000012fe3                cfs_remove
                0x0000000000013013                cfs_opendir
                0x000000000001302a                cfs_readdir
                0x0000000000013041                cfs_closedir
 .text          0x0000000000013066      0x79f build/cooja/contiki-ng-cooja.a(cooja-radio.o)
                0x00000000000130c5                radio_set_channel
                0x00000000000130df                radio_set_txpower
                0x00000000000130fc                radio_signal_strength_last
                0x000000000001310f                radio_signal_strength_current
                0x0000000000013122                radio_LQI
 .text          0x0000000000013805      0x163 build/cooja/contiki-ng-cooja.a(eeprom.o)
                0x0000000000013805                eeprom_init
                0x0000000000013814                eeprom_read
                0x00000000000138b3                eeprom_write
 .text          0x0000000000013968       0x2f build/cooja/contiki-ng-cooja.a(random.o)
                0x0000000000013968                random_init
                0x0000000000013988                random_rand
 .text          0x0000000000013997      0x35f build/cooja/contiki-ng-cooja.a(sensors.o)
                0x00000000000139e0                sensors_first
                0x00000000000139f4                sensors_next
                0x0000000000013a23                sensors_changed
                0x0000000000013a70                sensors_find
 .text          0x0000000000013cf6      0x3ad build/cooja/contiki-ng-cooja.a(leds.o)
                0x0000000000013cf6                leds_init
                0x0000000000013d41                leds_single_on
                0x0000000000013dae                leds_single_off
                0x0000000000013e1b                leds_single_toggle
                0x0000000000013e53                leds_on
                0x0000000000013ee4                leds_off
                0x0000000000013f75                leds_toggle
                0x0000000000013fd1                leds_set
                0x0000000000013ffa                leds_get
 .text          0x00000000000140a3      0x41b build/cooja/contiki-ng-cooja.a(gpio-hal-arch.o)
                0x00000000000140a3                gpio_hal_arch_register_pin_callback
                0x000000000001414a                gpio_hal_arch_init
                0x00000000000141a0                gpio_hal_arch_no_port_interrupt_enable
                0x00000000000141ed                gpio_hal_arch_no_port_interrupt_disable
                0x000000000001423a                gpio_hal_arch_no_port_pin_cfg_set
                0x0000000000014270                gpio_hal_arch_no_port_pin_cfg_get
                0x00000000000142a4                gpio_hal_arch_no_port_pin_set_input
                0x00000000000142b7                gpio_hal_arch_no_port_pin_set_output
                0x00000000000142ca                gpio_hal_arch_no_port_set_pin
                0x00000000000142ee                gpio_hal_arch_no_port_clear_pin
                0x0000000000014312                gpio_hal_arch_no_port_read_pin
                0x000000000001433f                gpio_hal_arch_no_port_write_pin
                0x0000000000014369                gpio_hal_arch_no_port_set_pins
                0x00000000000143b8                gpio_hal_arch_no_port_clear_pins
                0x0000000000014407                gpio_hal_arch_no_port_read_pins
                0x0000000000014455                gpio_hal_arch_no_port_write_pins
 .text          0x00000000000144be       0xa8 build/cooja/contiki-ng-cooja.a(buttons.o)
 .text          0x0000000000014566     0x3e29 build/cooja/contiki-ng-cooja.a(mqtt.o)
                0x0000000000014a07                mqtt_decode_var_byte_int
                0x0000000000014b0c                mqtt_encode_var_byte_int
                0x0000000000017bf7                mqtt_init
                0x0000000000017cd1                mqtt_register
                0x0000000000017d99                mqtt_connect
                0x0000000000017ed9                mqtt_disconnect
                0x0000000000017f2a                mqtt_subscribe
                0x0000000000018033                mqtt_unsubscribe
                0x000000000001812c                mqtt_publish
                0x0000000000018267                mqtt_set_username_password
                0x0000000000018318                mqtt_set_last_will
 .text          0x000000000001838f      0x400 build/cooja/contiki-ng-cooja.a(contiki-main.o)
                0x000000000001838f                main
 .text          0x000000000001878f       0xbd build/cooja/contiki-ng-cooja.a(autostart.o)
                0x000000000001878f                autostart_start
                0x00000000000187f0                autostart_exit
 .text          0x000000000001884c      0x441 build/cooja/contiki-ng-cooja.a(ctimer.o)
                0x00000000000189ae                ctimer_init
                0x00000000000189e3                ctimer_set
                0x0000000000018a27                ctimer_set_with_process
                0x0000000000018ae1                ctimer_reset
                0x0000000000018b52                ctimer_restart
                0x0000000000018bc3                ctimer_stop
                0x0000000000018c21                ctimer_expired
 .text          0x0000000000018c8d       0x25 build/cooja/contiki-ng-cooja.a(energest.o)
                0x0000000000018c8d                energest_init
                0x0000000000018c98                energest_flush
                0x0000000000018ca3                energest_get_total_time
 .text          0x0000000000018cb2      0x57c build/cooja/contiki-ng-cooja.a(etimer.o)
                0x0000000000018f5a                etimer_request_poll
                0x000000000001900c                etimer_set
                0x0000000000019042                etimer_reset_with_new_interval
                0x000000000001907d                etimer_reset
                0x00000000000190a8                etimer_restart
                0x00000000000190d3                etimer_adjust
                0x0000000000019104                etimer_expired
                0x0000000000019123                etimer_expiration_time
                0x0000000000019143                etimer_start_time
                0x0000000000019158                etimer_pending
                0x0000000000019172                etimer_next_expiration_time
                0x0000000000019193                etimer_stop
 .text          0x000000000001922e      0x539 build/cooja/contiki-ng-cooja.a(log.o)
                0x000000000001922e                log_6addr
                0x0000000000019294                log_6addr_compact_snprint
                0x000000000001936f                log_6addr_compact
                0x00000000000193d5                log_lladdr
                0x0000000000019455                log_lladdr_compact
                0x00000000000194d7                log_bytes
                0x0000000000019537                log_set_level
                0x0000000000019645                log_get_level
                0x00000000000196fc                log_level_to_str
 .text          0x0000000000019767       0x36 build/cooja/contiki-ng-cooja.a(node-id.o)
                0x0000000000019767                node_id_init
 .text          0x000000000001979d      0x673 build/cooja/contiki-ng-cooja.a(process.o)
                0x000000000001979d                process_alloc_event
                0x00000000000197b7                process_start
                0x0000000000019a27                process_exit
                0x0000000000019a53                process_init
                0x0000000000019c4a                process_run
                0x0000000000019c7f                process_nevents
                0x0000000000019c9f                process_post
                0x0000000000019d67                process_post_synch
                0x0000000000019db5                process_poll
                0x0000000000019df2                process_is_running
 .text          0x0000000000019e10      0x101 build/cooja/contiki-ng-cooja.a(rtimer.o)
                0x0000000000019e10                rtimer_init
                0x0000000000019e20                rtimer_set
                0x0000000000019ea1                rtimer_run_next
 .text          0x0000000000019f11       0xfd build/cooja/contiki-ng-cooja.a(timer.o)
                0x0000000000019f11                timer_set
                0x0000000000019f40                timer_reset
                0x0000000000019f7c                timer_restart
                0x0000000000019f9b                timer_expired
                0x0000000000019fd6                timer_remaining
 .text          0x000000000001a00e      0x39b build/cooja/contiki-ng-cooja.a(list.o)
                0x000000000001a00e                list_init
                0x000000000001a028                list_head
                0x000000000001a03d                list_copy
                0x000000000001a05e                list_tail
                0x000000000001a0a7                list_add
                0x000000000001a10b                list_push
                0x000000000001a14e                list_chop
                0x000000000001a1db                list_pop
                0x000000000001a215                list_remove
                0x000000000001a2a1                list_length
                0x000000000001a2dc                list_insert
                0x000000000001a33f                list_item_next
                0x000000000001a362                list_contains
 .text          0x000000000001a3a9      0x574 build/cooja/contiki-ng-cooja.a(button-hal.o)
                0x000000000001a574                button_hal_get_by_id
                0x000000000001a5c2                button_hal_get_by_index
                0x000000000001a5f9                button_hal_get_state
                0x000000000001a65c                button_hal_init
 .text          0x000000000001a91d      0x181 build/cooja/contiki-ng-cooja.a(gpio-hal.o)
                0x000000000001a91d                gpio_hal_register_handler
                0x000000000001a946                gpio_hal_event_handler
                0x000000000001a9b1                gpio_hal_init
                0x000000000001a9d0                gpio_hal_arch_port_toggle_pin
                0x000000000001aa07                gpio_hal_arch_port_toggle_pins
                0x000000000001aa38                gpio_hal_arch_no_port_toggle_pin
                0x000000000001aa72                gpio_hal_arch_no_port_toggle_pins
 .text          0x000000000001aa9e      0x238 build/cooja/contiki-ng-cooja.a(serial-line.o)
                0x000000000001aa9e                serial_line_input_byte
                0x000000000001ac99                serial_line_init
 .text          0x000000000001acd6       0x80 build/cooja/contiki-ng-cooja.a(linkaddr.o)
                0x000000000001acd6                linkaddr_copy
                0x000000000001acf7                linkaddr_cmp
                0x000000000001ad2d                linkaddr_set_node_addr
 .text          0x000000000001ad56      0x12b build/cooja/contiki-ng-cooja.a(netstack.o)
                0x000000000001ad56                netstack_process_ip_callback
                0x000000000001adf7                netstack_ip_packet_processor_add
                0x000000000001ae27                uip_ds6_ip_packet_processor_rm
                0x000000000001ae50                netstack_init
 .text          0x000000000001ae81      0x4a8 build/cooja/contiki-ng-cooja.a(packetbuf.o)
                0x000000000001ae81                packetbuf_clear
                0x000000000001aeaf                packetbuf_copyfrom
                0x000000000001af08                packetbuf_copyto
                0x000000000001afae                packetbuf_hdralloc
                0x000000000001b03d                packetbuf_hdrreduce
                0x000000000001b08d                packetbuf_set_datalen
                0x000000000001b0a9                packetbuf_dataptr
                0x000000000001b0ce                packetbuf_hdrptr
                0x000000000001b0df                packetbuf_datalen
                0x000000000001b0f0                packetbuf_hdrlen
                0x000000000001b10c                packetbuf_totlen
                0x000000000001b12e                packetbuf_remaininglen
                0x000000000001b146                packetbuf_attr_clear
                0x000000000001b1ab                packetbuf_attr_copyto
                0x000000000001b1f6                packetbuf_attr_copyfrom
                0x000000000001b241                packetbuf_set_attr
                0x000000000001b271                packetbuf_attr
                0x000000000001b292                packetbuf_set_addr
                0x000000000001b2d8                packetbuf_addr
                0x000000000001b302                packetbuf_holds_broadcast
 .text          0x000000000001b329      0x382 build/cooja/contiki-ng-cooja.a(queuebuf.o)
                0x000000000001b33e                queuebuf_init
                0x000000000001b367                queuebuf_numfree
                0x000000000001b380                queuebuf_new_from_packetbuf
                0x000000000001b433                queuebuf_update_attr_from_packetbuf
                0x000000000001b476                queuebuf_update_from_packetbuf
                0x000000000001b4d2                queuebuf_free
                0x000000000001b52e                queuebuf_to_packetbuf
                0x000000000001b5a7                queuebuf_dataptr
                0x000000000001b5ee                queuebuf_datalen
                0x000000000001b61e                queuebuf_addr
                0x000000000001b665                queuebuf_attr
                0x000000000001b6a0                queuebuf_debug_print
 .text          0x000000000001b6ab      0x116 build/cooja/contiki-ng-cooja.a(printf.o)
                0x000000000001b6e0                log_printf
 .text          0x000000000001b7c1       0x1e build/cooja/contiki-ng-cooja.a(putchar.o)
                0x000000000001b7c1                log_putchar
 .text          0x000000000001b7df       0x3d build/cooja/contiki-ng-cooja.a(puts.o)
                0x000000000001b7df                log_puts
 .text          0x000000000001b81c      0x1f8 build/cooja/contiki-ng-cooja.a(snprintf.o)
                0x000000000001b8a7                log_snprintf
                0x000000000001b98c                log_vsnprintf
 .text          0x000000000001ba14     0x170b build/cooja/contiki-ng-cooja.a(strformat.o)
                0x000000000001bd87                format_str
                0x000000000001be68                format_str_v
 .text          0x000000000001d11f      0x292 build/cooja/contiki-ng-cooja.a(csma.o)
 .text          0x000000000001d3b1     0x3747 build/cooja/contiki-ng-cooja.a(sicslowpan.o)
                0x000000000001db87                netstack_sniffer_add
                0x000000000001dba1                netstack_sniffer_remove
                0x0000000000020ac1                sicslowpan_init
                0x0000000000020ae8                sicslowpan_get_last_rssi
 .text          0x0000000000020af8      0xbaa build/cooja/contiki-ng-cooja.a(tcp-socket.o)
                0x0000000000021231                tcp_socket_register
                0x00000000000212f9                tcp_socket_connect
                0x00000000000213b6                tcp_socket_listen
                0x0000000000021443                tcp_socket_unlisten
                0x00000000000214cf                tcp_socket_send
                0x000000000002158c                tcp_socket_send_str
                0x00000000000215c3                tcp_socket_close
                0x00000000000215f8                tcp_socket_unregister
                0x0000000000021661                tcp_socket_max_sendlen
                0x0000000000021689                tcp_socket_queuelen
 .text          0x00000000000216a2      0xc96 build/cooja/contiki-ng-cooja.a(tcpip.o)
                0x00000000000216d2                tcpip_output
                0x00000000000217d4                tcp_connect
                0x000000000002183b                tcp_unlisten
                0x00000000000218ab                tcp_listen
                0x0000000000021917                tcp_attach
                0x0000000000021945                udp_attach
                0x0000000000021973                udp_new
                0x00000000000219ce                udp_broadcast_new
                0x0000000000021ce1                tcpip_input
                0x0000000000021eb9                tcpip_ipv6_output
                0x0000000000022112                tcpip_poll_udp
                0x0000000000022140                tcpip_poll_tcp
                0x000000000002216e                tcpip_uipcall
 .text          0x0000000000022338      0x416 build/cooja/contiki-ng-cooja.a(uip-ds6-nbr.o)
                0x0000000000022338                uip_ds6_neighbors_init
                0x0000000000022361                uip_ds6_nbr_add
                0x00000000000223ff                uip_ds6_nbr_rm
                0x000000000002245c                uip_ds6_nbr_update_ll
                0x0000000000022561                uip_ds6_nbr_get_ipaddr
                0x0000000000022581                uip_ds6_nbr_get_ll
                0x00000000000225a9                uip_ds6_nbr_num
                0x00000000000225fb                uip_ds6_nbr_head
                0x0000000000022614                uip_ds6_nbr_next
                0x000000000002263c                uip_ds6_nbr_lookup
                0x00000000000226a5                uip_ds6_nbr_ll_lookup
                0x00000000000226cd                uip_ds6_nbr_ipaddr_from_lladdr
                0x0000000000022701                uip_ds6_nbr_lladdr_from_ipaddr
                0x000000000002273d                uip_ds6_link_callback
 .text          0x000000000002274e      0x3f9 build/cooja/contiki-ng-cooja.a(uip-ds6-route.o)
                0x00000000000227a5                uip_ds6_route_init
                0x00000000000227ce                uip_ds6_route_count_nexthop_neighbors
                0x00000000000227dd                uip_ds6_route_nexthop
                0x00000000000227f0                uip_ds6_route_head
                0x00000000000227ff                uip_ds6_route_next
                0x0000000000022812                uip_ds6_route_is_nexthop
                0x0000000000022825                uip_ds6_route_num_routes
                0x0000000000022834                uip_ds6_route_lookup
                0x0000000000022847                uip_ds6_route_add
                0x0000000000022863                uip_ds6_route_rm
                0x0000000000022872                uip_ds6_route_rm_by_nexthop
                0x0000000000022881                uip_ds6_defrt_head
                0x000000000002289a                uip_ds6_defrt_add
                0x000000000002295a                uip_ds6_defrt_rm
                0x00000000000229d0                uip_ds6_defrt_lookup
                0x0000000000022a47                uip_ds6_defrt_choose
                0x0000000000022aca                uip_ds6_defrt_periodic
 .text          0x0000000000022b47      0xebc build/cooja/contiki-ng-cooja.a(uip-ds6.o)
                0x0000000000022b47                uip_ds6_default_prefix
                0x0000000000022b58                uip_ds6_set_default_prefix
                0x0000000000022b80                uip_ds6_init
                0x0000000000022e1f                uip_ds6_periodic
                0x0000000000022ec1                uip_ds6_list_loop
                0x0000000000022faa                uip_ds6_prefix_add
                0x000000000002307b                uip_ds6_prefix_rm
                0x0000000000023099                uip_ds6_prefix_lookup
                0x00000000000230f0                uip_ds6_is_addr_onlink
                0x0000000000023184                uip_ds6_addr_add
                0x00000000000232cf                uip_ds6_addr_rm
                0x000000000002338a                uip_ds6_addr_lookup
                0x00000000000233df                uip_ds6_get_link_local
                0x0000000000023484                uip_ds6_get_global
                0x0000000000023529                uip_ds6_maddr_add
                0x00000000000235a5                uip_ds6_maddr_rm
                0x00000000000235c3                uip_ds6_maddr_lookup
                0x000000000002361b                uip_ds6_aaddr_add
                0x0000000000023697                uip_ds6_aaddr_rm
                0x00000000000236b5                uip_ds6_aaddr_lookup
                0x000000000002370d                uip_ds6_select_src
                0x0000000000023897                uip_ds6_set_addr_iid
                0x00000000000238d0                uip_ds6_set_lladdr_from_iid
                0x0000000000023907                get_match_length
                0x00000000000239b5                uip_ds6_compute_reachable_time
 .text          0x0000000000023a03      0x8b7 build/cooja/contiki-ng-cooja.a(uip-icmp6.o)
                0x0000000000023a80                uip_icmp6_input
                0x0000000000023ade                uip_icmp6_register_input_handler
                0x0000000000023c70                uip_icmp6_error_output
                0x0000000000023fd5                uip_icmp6_send
                0x0000000000024221                uip_icmp6_echo_reply_callback_add
                0x0000000000024268                uip_icmp6_echo_reply_callback_rm
                0x0000000000024291                uip_icmp6_init
 .text          0x00000000000242ba      0x1b9 build/cooja/contiki-ng-cooja.a(uip-packetqueue.o)
                0x00000000000242f9                uip_packetqueue_new
                0x0000000000024313                uip_packetqueue_alloc
                0x000000000002438d                uip_packetqueue_free
                0x00000000000243e5                uip_packetqueue_buf
                0x0000000000024411                uip_packetqueue_buflen
                0x0000000000024440                uip_packetqueue_set_buflen
 .text          0x0000000000024473     0x3915 build/cooja/contiki-ng-cooja.a(uip6.o)
                0x0000000000024473                uip_add32
                0x000000000002467d                uip_chksum
                0x0000000000024763                uip_icmp6chksum
                0x0000000000024777                uip_tcpchksum
                0x000000000002478b                uip_udpchksum
                0x000000000002479f                uip_init
                0x0000000000024864                uip_connect
                0x0000000000024a0e                uip_remove_ext_hdr
                0x0000000000024b0f                uip_udp_new
                0x0000000000024c7b                uip_unlisten
                0x0000000000024cca                uip_listen
                0x0000000000024fec                uip_process
                0x0000000000027c0e                uip_htons
                0x0000000000027c31                uip_htonl
                0x0000000000027c79                uip_send
 .text          0x0000000000027d88      0x5b1 build/cooja/contiki-ng-cooja.a(uipbuf.o)
                0x0000000000027d88                uipbuf_clear
                0x0000000000027dba                uipbuf_add_ext_hdr
                0x0000000000027e52                uipbuf_set_len
                0x0000000000027e84                uipbuf_set_len_field
                0x0000000000027eb7                uipbuf_get_len_field
                0x0000000000027ee2                uipbuf_get_next_header
                0x0000000000028054                uipbuf_get_last_header
                0x00000000000280e7                uipbuf_search_header
                0x00000000000281ae                uipbuf_get_attr
                0x00000000000281df                uipbuf_set_attr
                0x000000000002821f                uipbuf_set_default_attr
                0x000000000002825f                uipbuf_clear_attr
                0x0000000000028286                uipbuf_set_attr_flag
                0x00000000000282a9                uipbuf_clr_attr_flag
                0x00000000000282d2                uipbuf_is_attr_flag
                0x00000000000282f7                uipbuf_init
 .text          0x0000000000028339      0x57d build/cooja/contiki-ng-cooja.a(uiplib.o)
                0x0000000000028339                uiplib_ip6addrconv
                0x0000000000028515                uiplib_ip4addrconv
                0x00000000000285e7                uiplib_ipaddr_print
                0x000000000002864d                uiplib_ipaddr_snprint
 .text          0x00000000000288b6      0x66e build/cooja/contiki-ng-cooja.a(rpl.o)
                0x00000000000288b6                rpl_lollipop_greater_than
                0x000000000002891a                rpl_get_global_address
                0x0000000000028aba                rpl_link_callback
                0x0000000000028b24                rpl_has_joined
                0x0000000000028b57                rpl_is_reachable
                0x0000000000028bfd                rpl_reset_prefix
                0x0000000000028c74                rpl_set_prefix_from_addr
                0x0000000000028d8f                rpl_set_prefix
                0x0000000000028ef9                rpl_set_leaf_only
                0x0000000000028f13                rpl_get_leaf_only
 .text          0x0000000000028f24       0x49 build/cooja/contiki-ng-cooja.a(watchdog.o)
                0x0000000000028f24                watchdog_init
                0x0000000000028f2f                watchdog_start
                0x0000000000028f3a                watchdog_periodic
                0x0000000000028f57                watchdog_stop
                0x0000000000028f62                watchdog_reboot
 .text          0x0000000000028f6d       0x61 build/cooja/contiki-ng-cooja.a(int-master.o)
                0x0000000000028f6d                int_master_enable
                0x0000000000028f82                int_master_read_and_disable
                0x0000000000028fa2                int_master_status_set
                0x0000000000028fb9                int_master_is_enabled
 .text          0x0000000000028fce      0x125 build/cooja/contiki-ng-cooja.a(stimer.o)
                0x0000000000028fce                stimer_set
                0x0000000000028ffd                stimer_reset
                0x0000000000029039                stimer_restart
                0x0000000000029058                stimer_expired
                0x000000000002909a                stimer_remaining
                0x00000000000290d2                stimer_elapsed
 .text          0x00000000000290f3      0x21a build/cooja/contiki-ng-cooja.a(memb.o)
                0x00000000000290f3                memb_init
                0x0000000000029156                memb_alloc
                0x00000000000291d0                memb_free
                0x0000000000029263                memb_inmemb
                0x00000000000292ba                memb_numfree
 .text          0x000000000002930d      0x19d build/cooja/contiki-ng-cooja.a(ringbuf.o)
                0x000000000002930d                ringbuf_init
                0x000000000002934e                ringbuf_put
                0x00000000000293dd                ringbuf_get
                0x000000000002945b                ringbuf_size
                0x0000000000029477                ringbuf_elements
 .text          0x00000000000294aa      0x481 build/cooja/contiki-ng-cooja.a(link-stats.o)
                0x00000000000294aa                link_stats_from_lladdr
                0x00000000000294d2                link_stats_get_lladdr
                0x00000000000294fa                link_stats_is_fresh
                0x0000000000029542                guess_etx_from_rssi
                0x00000000000295c7                link_stats_packet_sent
                0x000000000002972b                link_stats_input_callback
                0x000000000002988d                link_stats_reset
                0x00000000000298e9                link_stats_init
 .text          0x000000000002992b      0xcb3 build/cooja/contiki-ng-cooja.a(nbr-table.o)
                0x0000000000029d89                nbr_table_count_entries
                0x0000000000029e2b                nbr_table_gc_get_worst
                0x0000000000029e6e                nbr_table_can_accept_new
                0x000000000002a023                nbr_table_entry_is_allowed
                0x000000000002a0d0                nbr_table_register
                0x000000000002a162                nbr_table_is_registered
                0x000000000002a1b9                nbr_table_head
                0x000000000002a227                nbr_table_next
                0x000000000002a2a4                nbr_table_add_lladdr
                0x000000000002a404                nbr_table_get_from_lladdr
                0x000000000002a463                nbr_table_remove
                0x000000000002a4bd                nbr_table_lock
                0x000000000002a4f2                nbr_table_unlock
                0x000000000002a527                nbr_table_get_lladdr
                0x000000000002a56a                nbr_table_clear
                0x000000000002a5a7                nbr_table_key_head
                0x000000000002a5c0                nbr_table_key_next
 .text          0x000000000002a5de      0x1e0 build/cooja/contiki-ng-cooja.a(mac-sequence.o)
                0x000000000002a5de                mac_sequence_is_duplicate
                0x000000000002a6bf                mac_sequence_register_seqno
 .text          0x000000000002a7be      0x451 build/cooja/contiki-ng-cooja.a(framer-802154.o)
                0x000000000002a959                framer_802154_setup_params
 .text          0x000000000002ac0f      0xae3 build/cooja/contiki-ng-cooja.a(csma-output.o)
                0x000000000002b3f1                csma_output_packet
                0x000000000002b6ba                csma_output_init
 .text          0x000000000002b6f2       0x3d build/cooja/contiki-ng-cooja.a(csma-security.o)
                0x000000000002b6f2                csma_security_create_frame
                0x000000000002b718                csma_security_parse_frame
 .text          0x000000000002b72f      0x87f build/cooja/contiki-ng-cooja.a(uip-nd6.o)
                0x000000000002bf94                uip_nd6_init
 .text          0x000000000002bfae      0x7e7 build/cooja/contiki-ng-cooja.a(uip-sr.o)
                0x000000000002bfae                uip_sr_num_nodes
                0x000000000002c059                uip_sr_get_node
                0x000000000002c0c1                uip_sr_is_addr_reachable
                0x000000000002c189                uip_sr_expire_parent
                0x000000000002c1f8                uip_sr_update_node
                0x000000000002c36c                uip_sr_init
                0x000000000002c39f                uip_sr_node_head
                0x000000000002c3b8                uip_sr_node_next
                0x000000000002c3d6                uip_sr_periodic
                0x000000000002c512                uip_sr_free_all
                0x000000000002c591                uip_sr_link_snprint
 .text          0x000000000002c795      0x35a build/cooja/contiki-ng-cooja.a(rpl-dag-root.o)
                0x000000000002c795                rpl_dag_root_print_links
                0x000000000002c90a                rpl_dag_root_set_prefix
                0x000000000002c946                rpl_dag_root_start
                0x000000000002caaf                rpl_dag_root_is_root
 .text          0x000000000002caef     0x1219 build/cooja/contiki-ng-cooja.a(rpl-dag.o)
                0x000000000002caef                rpl_dag_state_to_str
                0x000000000002cb4d                rpl_dag_get_root_ipaddr
                0x000000000002cb97                rpl_dag_leave
                0x000000000002cc42                rpl_dag_poison_and_leave
                0x000000000002cc60                rpl_dag_periodic
                0x000000000002cd24                rpl_is_addr_in_our_dag
                0x000000000002cd80                rpl_get_default_instance
                0x000000000002cda7                rpl_get_any_dag
                0x000000000002ce14                rpl_refresh_routes
                0x000000000002ce76                rpl_global_repair
                0x000000000002cf38                rpl_local_repair
                0x000000000002cf9a                rpl_dag_ready_to_advertise
                0x000000000002cff2                rpl_dag_update_state
                0x000000000002d8b5                rpl_process_dio
                0x000000000002d957                rpl_process_dis
                0x000000000002d9ab                rpl_process_dao
                0x000000000002da54                rpl_process_dao_ack
                0x000000000002db04                rpl_process_hbh
                0x000000000002db63                rpl_dag_init_root
                0x000000000002dce4                rpl_dag_init
 .text          0x000000000002dd08      0xdef build/cooja/contiki-ng-cooja.a(rpl-ext-header.o)
                0x000000000002dd08                rpl_ext_header_srh_get_next_hop
                0x000000000002de19                rpl_ext_header_srh_update
                0x000000000002e4a8                rpl_ext_header_hbh_update
                0x000000000002e848                rpl_ext_header_update
                0x000000000002e8f2                rpl_ext_header_remove
 .text          0x000000000002eaf7     0x16eb build/cooja/contiki-ng-cooja.a(rpl-icmp6.o)
                0x000000000002ec8b                rpl_icmp6_update_nbr_table
                0x000000000002ed40                rpl_icmp6_dis_output
                0x000000000002f464                rpl_icmp6_dio_output
                0x000000000002fd94                rpl_icmp6_dao_output
                0x0000000000030105                rpl_icmp6_dao_ack_output
                0x000000000003019b                rpl_icmp6_init
 .text          0x00000000000301e2      0x36f build/cooja/contiki-ng-cooja.a(rpl-mrhof.o)
 .text          0x0000000000030551       0x8c build/cooja/contiki-ng-cooja.a(rpl-nbr-policy.o)
                0x0000000000030599                rpl_nbr_gc_get_worst
 .text          0x00000000000305dd      0xadd build/cooja/contiki-ng-cooja.a(rpl-neighbor.o)
                0x0000000000030670                rpl_neighbor_snprint
                0x000000000003099e                rpl_neighbor_print_list
                0x0000000000030a75                rpl_neighbor_count
                0x0000000000030b60                rpl_neighbor_get_from_lladdr
                0x0000000000030b8b                rpl_neighbor_is_acceptable_parent
                0x0000000000030bd7                rpl_neighbor_get_link_metric
                0x0000000000030c23                rpl_neighbor_rank_via_nbr
                0x0000000000030c6f                rpl_neighbor_get_lladdr
                0x0000000000030c9a                rpl_neighbor_get_ipaddr
                0x0000000000030cc8                rpl_neighbor_get_link_stats
                0x0000000000030cf6                rpl_neighbor_is_fresh
                0x0000000000030d24                rpl_neighbor_is_parent
                0x0000000000030d5d                rpl_neighbor_set_preferred_parent
                0x0000000000030e14                rpl_neighbor_remove_all
                0x0000000000030e7a                rpl_neighbor_get_from_ipaddr
                0x0000000000030fb3                rpl_neighbor_select_best
                0x0000000000031093                rpl_neighbor_init
 .text          0x00000000000310ba      0xd3d build/cooja/contiki-ng-cooja.a(rpl-timers.o)
                0x00000000000310ba                rpl_timers_schedule_periodic_dis
                0x0000000000031270                rpl_timers_dio_reset
                0x00000000000313f4                rpl_timers_schedule_unicast_dio
                0x00000000000315db                rpl_timers_schedule_dao
                0x00000000000316e1                rpl_timers_schedule_dao_ack
                0x00000000000317a6                rpl_timers_notify_dao_ack
                0x000000000003181b                get_probing_delay
                0x0000000000031862                get_probing_target
                0x0000000000031aa0                rpl_schedule_probing
                0x0000000000031ae7                rpl_schedule_probing_now
                0x0000000000031b75                rpl_timers_unschedule_leaving
                0x0000000000031bbf                rpl_timers_schedule_leaving
                0x0000000000031c1d                rpl_timers_init
                0x0000000000031ccf                rpl_timers_stop_dag_timers
                0x0000000000031d71                rpl_timers_unschedule_state_update
                0x0000000000031d9e                rpl_timers_schedule_state_update
 .text          0x0000000000031df7       0x34 build/cooja/contiki-ng-cooja.a(assert.o)
                0x0000000000031df7                _xassert
 .text          0x0000000000031e2b       0x3a build/cooja/contiki-ng-cooja.a(mac.o)
                0x0000000000031e2b                mac_call_sent_callback
 .text          0x0000000000031e65      0xca9 build/cooja/contiki-ng-cooja.a(frame802154.o)
                0x0000000000031e93                frame802154_get_pan_id
                0x0000000000031ea4                frame802154_set_pan_id
                0x0000000000031ec0                frame802154_has_panid
                0x000000000003209f                frame802154_check_dest_panid
                0x000000000003213d                frame802154_is_broadcast_addr
                0x0000000000032194                frame802154_extract_linkaddr
                0x000000000003242e                frame802154_hdrlen
                0x00000000000324ad                frame802154_create_fcf
                0x000000000003257f                frame802154_create
                0x0000000000032729                frame802154_parse_fcf
                0x0000000000032820                frame802154_parse
 .text          0x0000000000032b0e        0x0 /usr/lib/gcc/x86_64-linux-gnu/11/crtendS.o
 .text          0x0000000000032b0e        0x0 /usr/lib/gcc/x86_64-linux-gnu/11/../../../x86_64-linux-gnu/crtn.o
 *(.gnu.warning)

.fini           0x0000000000032b10        0xd
 *(SORT_NONE(.fini))
 .fini          0x0000000000032b10        0x8 /usr/lib/gcc/x86_64-linux-gnu/11/../../../x86_64-linux-gnu/crti.o
                0x0000000000032b10                _fini
 .fini          0x0000000000032b18        0x5 /usr/lib/gcc/x86_64-linux-gnu/11/../../../x86_64-linux-gnu/crtn.o
                [!provide]                        PROVIDE (__etext = .)
                [!provide]                        PROVIDE (_etext = .)
                [!provide]                        PROVIDE (etext = .)
                0x0000000000033000                . = ALIGN (CONSTANT (MAXPAGESIZE))
                0x0000000000033000                . = SEGMENT_START ("rodata-segment", (ALIGN (CONSTANT (MAXPAGESIZE)) + (. & (CONSTANT (MAXPAGESIZE) - 0x1))))

.rodata         0x0000000000033000      0xc2d
 *(.rodata .rodata.* .gnu.linkonce.r.*)
 .rodata        0x0000000000033000      0x164 mqtt-client.o
 .rodata        0x0000000000033164        0x6 build/cooja/contiki-ng-cooja.a(leds-arch.o)
                0x0000000000033164                leds_arch_leds
 .rodata        0x000000000003316a        0x4 build/cooja/contiki-ng-cooja.a(pir-sensor.o)
 .rodata        0x000000000003316e        0x3 build/cooja/contiki-ng-cooja.a(rs232.o)
 .rodata        0x0000000000033171        0xa build/cooja/contiki-ng-cooja.a(vib-sensor.o)
 *fill*         0x000000000003317b        0x5 
 .rodata        0x0000000000033180       0x26 build/cooja/contiki-ng-cooja.a(cfs-cooja.o)
 *fill*         0x00000000000331a6        0x2 
 .rodata        0x00000000000331a8       0x68 build/cooja/contiki-ng-cooja.a(cooja-radio.o)
 .rodata        0x0000000000033210        0x8 build/cooja/contiki-ng-cooja.a(sensors.o)
 .rodata        0x0000000000033218       0x14 build/cooja/contiki-ng-cooja.a(buttons.o)
                0x0000000000033224                button_hal_button_count
 .rodata        0x000000000003322c      0x29c build/cooja/contiki-ng-cooja.a(mqtt.o)
 .rodata        0x00000000000334c8       0xec build/cooja/contiki-ng-cooja.a(contiki-main.o)
 .rodata        0x00000000000335b4        0xf build/cooja/contiki-ng-cooja.a(ctimer.o)
 .rodata        0x00000000000335c3        0xc build/cooja/contiki-ng-cooja.a(etimer.o)
 *fill*         0x00000000000335cf        0x1 
 .rodata        0x00000000000335d0       0xc0 build/cooja/contiki-ng-cooja.a(log.o)
 .rodata        0x0000000000033690       0x13 build/cooja/contiki-ng-cooja.a(button-hal.o)
 .rodata        0x00000000000336a3        0xe build/cooja/contiki-ng-cooja.a(serial-line.o)
 *fill*         0x00000000000336b1        0x7 
 .rodata        0x00000000000336b8        0x8 build/cooja/contiki-ng-cooja.a(linkaddr.o)
                0x00000000000336b8                linkaddr_null
 .rodata        0x00000000000336c0      0x280 build/cooja/contiki-ng-cooja.a(strformat.o)
 .rodata        0x0000000000033940        0x5 build/cooja/contiki-ng-cooja.a(csma.o)
 .rodata        0x0000000000033945       0x1d build/cooja/contiki-ng-cooja.a(sicslowpan.o)
                0x0000000000033945                unc_llconf
                0x0000000000033949                unc_ctxconf
                0x000000000003394d                unc_mxconf
                0x0000000000033951                llprefix
 .rodata        0x0000000000033962       0x13 build/cooja/contiki-ng-cooja.a(tcp-socket.o)
 .rodata        0x0000000000033975        0xd build/cooja/contiki-ng-cooja.a(tcpip.o)
 *fill*         0x0000000000033982        0x6 
 .rodata        0x0000000000033988       0x4c build/cooja/contiki-ng-cooja.a(uip-ds6-route.o)
 .rodata        0x00000000000339d4       0x48 build/cooja/contiki-ng-cooja.a(uip6.o)
 .rodata        0x0000000000033a1c       0x2d build/cooja/contiki-ng-cooja.a(uiplib.o)
 .rodata        0x0000000000033a49        0x9 build/cooja/contiki-ng-cooja.a(rpl.o)
 *fill*         0x0000000000033a52        0x6 
 .rodata        0x0000000000033a58       0x28 build/cooja/contiki-ng-cooja.a(csma-output.o)
 .rodata        0x0000000000033a80       0x44 build/cooja/contiki-ng-cooja.a(uip-sr.o)
 .rodata        0x0000000000033ac4       0xd7 build/cooja/contiki-ng-cooja.a(rpl-dag.o)
 *fill*         0x0000000000033b9b        0x5 
 .rodata        0x0000000000033ba0       0x58 build/cooja/contiki-ng-cooja.a(rpl-neighbor.o)
 .rodata        0x0000000000033bf8        0xc build/cooja/contiki-ng-cooja.a(rpl-timers.o)
 *fill*         0x0000000000033c04        0x4 
 .rodata        0x0000000000033c08       0x25 build/cooja/contiki-ng-cooja.a(assert.o)

.rodata1
 *(.rodata1)

.eh_frame_hdr   0x0000000000033c30     0x194c
 *(.eh_frame_hdr)
 .eh_frame_hdr  0x0000000000033c30     0x194c mqtt-client.o
                0x0000000000033c30                __GNU_EH_FRAME_HDR
 *(.eh_frame_entry .eh_frame_entry.*)

.eh_frame       0x0000000000035580     0x6598
 *(.eh_frame)
 .eh_frame      0x0000000000035580       0x40 /usr/lib/gcc/x86_64-linux-gnu/11/../../../x86_64-linux-gnu/crti.o
 .eh_frame      0x00000000000355c0       0x18 /usr/lib/gcc/x86_64-linux-gnu/11/../../../x86_64-linux-gnu/crti.o
                                         0x30 (size before relaxing)
 .eh_frame      0x00000000000355d8       0x18 /usr/lib/gcc/x86_64-linux-gnu/11/../../../x86_64-linux-gnu/crti.o
                                         0x30 (size before relaxing)
 .eh_frame      0x00000000000355f0      0x248 mqtt-client.o
                                        0x260 (size before relaxing)
 .eh_frame      0x0000000000035838      0x198 build/cooja/mtype482822930.o
                                        0x1b0 (size before relaxing)
 .eh_frame      0x00000000000359d0       0x40 build/cooja/contiki-ng-cooja.a(simEnvChange.o)
                                         0x58 (size before relaxing)
 .eh_frame      0x0000000000035a10       0x60 build/cooja/contiki-ng-cooja.a(cooja_mt.o)
                                         0x78 (size before relaxing)
 .eh_frame      0x0000000000035a70       0x80 build/cooja/contiki-ng-cooja.a(cooja_mtarch.o)
                                         0x98 (size before relaxing)
 .eh_frame      0x0000000000035af0       0xc0 build/cooja/contiki-ng-cooja.a(rtimer-arch.o)
                                         0xd8 (size before relaxing)
 .eh_frame      0x0000000000035bb0      0x160 build/cooja/contiki-ng-cooja.a(beep.o)
                                        0x178 (size before relaxing)
 .eh_frame      0x0000000000035d10       0x80 build/cooja/contiki-ng-cooja.a(leds-arch.o)
                                         0x98 (size before relaxing)
 .eh_frame      0x0000000000035d90       0x40 build/cooja/contiki-ng-cooja.a(moteid.o)
                                         0x58 (size before relaxing)
 .eh_frame      0x0000000000035dd0       0xa0 build/cooja/contiki-ng-cooja.a(pir-sensor.o)
                                         0xb8 (size before relaxing)
 .eh_frame      0x0000000000035e70      0x100 build/cooja/contiki-ng-cooja.a(rs232.o)
                                        0x118 (size before relaxing)
 .eh_frame      0x0000000000035f70       0xa0 build/cooja/contiki-ng-cooja.a(vib-sensor.o)
                                         0xb8 (size before relaxing)
 .eh_frame      0x0000000000036010       0xc0 build/cooja/contiki-ng-cooja.a(clock.o)
                                         0xd8 (size before relaxing)
 .eh_frame      0x00000000000360d0      0x100 build/cooja/contiki-ng-cooja.a(cooja-log.o)
                                        0x118 (size before relaxing)
 .eh_frame      0x00000000000361d0      0x160 build/cooja/contiki-ng-cooja.a(cfs-cooja.o)
                                        0x178 (size before relaxing)
 .eh_frame      0x0000000000036330      0x360 build/cooja/contiki-ng-cooja.a(cooja-radio.o)
                                        0x378 (size before relaxing)
 .eh_frame      0x0000000000036690       0xa0 build/cooja/contiki-ng-cooja.a(eeprom.o)
                                         0xb8 (size before relaxing)
 .eh_frame      0x0000000000036730       0x40 build/cooja/contiki-ng-cooja.a(random.o)
                                         0x58 (size before relaxing)
 .eh_frame      0x0000000000036770       0xc0 build/cooja/contiki-ng-cooja.a(sensors.o)
                                         0xd8 (size before relaxing)
 .eh_frame      0x0000000000036830      0x120 build/cooja/contiki-ng-cooja.a(leds.o)
                                        0x138 (size before relaxing)
 .eh_frame      0x0000000000036950      0x220 build/cooja/contiki-ng-cooja.a(gpio-hal-arch.o)
                                        0x238 (size before relaxing)
 .eh_frame      0x0000000000036b70       0xa0 build/cooja/contiki-ng-cooja.a(buttons.o)
                                         0xb8 (size before relaxing)
 .eh_frame      0x0000000000036c10      0x4e0 build/cooja/contiki-ng-cooja.a(mqtt.o)
                                        0x4f8 (size before relaxing)
 .eh_frame      0x00000000000370f0       0x20 build/cooja/contiki-ng-cooja.a(contiki-main.o)
                                         0x38 (size before relaxing)
 .eh_frame      0x0000000000037110       0x40 build/cooja/contiki-ng-cooja.a(autostart.o)
                                         0x58 (size before relaxing)
 .eh_frame      0x0000000000037150      0x100 build/cooja/contiki-ng-cooja.a(ctimer.o)
                                        0x118 (size before relaxing)
 .eh_frame      0x0000000000037250       0x60 build/cooja/contiki-ng-cooja.a(energest.o)
                                         0x78 (size before relaxing)
 .eh_frame      0x00000000000372b0      0x1e0 build/cooja/contiki-ng-cooja.a(etimer.o)
                                        0x1f8 (size before relaxing)
 .eh_frame      0x0000000000037490      0x120 build/cooja/contiki-ng-cooja.a(log.o)
                                        0x138 (size before relaxing)
 .eh_frame      0x00000000000375b0       0x20 build/cooja/contiki-ng-cooja.a(node-id.o)
                                         0x38 (size before relaxing)
 .eh_frame      0x00000000000375d0      0x1c8 build/cooja/contiki-ng-cooja.a(process.o)
                                        0x1e0 (size before relaxing)
 .eh_frame      0x0000000000037798       0x60 build/cooja/contiki-ng-cooja.a(rtimer.o)
                                         0x78 (size before relaxing)
 .eh_frame      0x00000000000377f8       0xa0 build/cooja/contiki-ng-cooja.a(timer.o)
                                         0xb8 (size before relaxing)
 .eh_frame      0x0000000000037898      0x1a0 build/cooja/contiki-ng-cooja.a(list.o)
                                        0x1b8 (size before relaxing)
 .eh_frame      0x0000000000037a38      0x160 build/cooja/contiki-ng-cooja.a(button-hal.o)
                                        0x178 (size before relaxing)
 .eh_frame      0x0000000000037b98       0xe0 build/cooja/contiki-ng-cooja.a(gpio-hal.o)
                                         0xf8 (size before relaxing)
 .eh_frame      0x0000000000037c78       0x60 build/cooja/contiki-ng-cooja.a(serial-line.o)
                                         0x78 (size before relaxing)
 .eh_frame      0x0000000000037cd8       0x60 build/cooja/contiki-ng-cooja.a(linkaddr.o)
                                         0x78 (size before relaxing)
 .eh_frame      0x0000000000037d38       0x80 build/cooja/contiki-ng-cooja.a(netstack.o)
                                         0x98 (size before relaxing)
 .eh_frame      0x0000000000037db8      0x288 build/cooja/contiki-ng-cooja.a(packetbuf.o)
                                        0x2a0 (size before relaxing)
 .eh_frame      0x0000000000038040      0x1a0 build/cooja/contiki-ng-cooja.a(queuebuf.o)
                                        0x1b8 (size before relaxing)
 .eh_frame      0x00000000000381e0       0x40 build/cooja/contiki-ng-cooja.a(printf.o)
                                         0x58 (size before relaxing)
 .eh_frame      0x0000000000038220       0x20 build/cooja/contiki-ng-cooja.a(putchar.o)
                                         0x38 (size before relaxing)
 .eh_frame      0x0000000000038240       0x20 build/cooja/contiki-ng-cooja.a(puts.o)
                                         0x38 (size before relaxing)
 .eh_frame      0x0000000000038260       0x60 build/cooja/contiki-ng-cooja.a(snprintf.o)
                                         0x78 (size before relaxing)
 .eh_frame      0x00000000000382c0      0x120 build/cooja/contiki-ng-cooja.a(strformat.o)
                                        0x138 (size before relaxing)
 .eh_frame      0x00000000000383e0       0xe0 build/cooja/contiki-ng-cooja.a(csma.o)
                                         0xf8 (size before relaxing)
 .eh_frame      0x00000000000384c0      0x2e0 build/cooja/contiki-ng-cooja.a(sicslowpan.o)
                                        0x2f8 (size before relaxing)
 .eh_frame      0x00000000000387a0      0x248 build/cooja/contiki-ng-cooja.a(tcp-socket.o)
                                        0x260 (size before relaxing)
 .eh_frame      0x00000000000389e8      0x308 build/cooja/contiki-ng-cooja.a(tcpip.o)
                                        0x320 (size before relaxing)
 .eh_frame      0x0000000000038cf0      0x1c0 build/cooja/contiki-ng-cooja.a(uip-ds6-nbr.o)
                                        0x1d8 (size before relaxing)
 .eh_frame      0x0000000000038eb0      0x240 build/cooja/contiki-ng-cooja.a(uip-ds6-route.o)
                                        0x258 (size before relaxing)
 .eh_frame      0x00000000000390f0      0x328 build/cooja/contiki-ng-cooja.a(uip-ds6.o)
                                        0x340 (size before relaxing)
 .eh_frame      0x0000000000039418      0x148 build/cooja/contiki-ng-cooja.a(uip-icmp6.o)
                                        0x160 (size before relaxing)
 .eh_frame      0x0000000000039560       0xe0 build/cooja/contiki-ng-cooja.a(uip-packetqueue.o)
                                         0xf8 (size before relaxing)
 .eh_frame      0x0000000000039640      0x2b0 build/cooja/contiki-ng-cooja.a(uip6.o)
                                        0x2c8 (size before relaxing)
 .eh_frame      0x00000000000398f0      0x200 build/cooja/contiki-ng-cooja.a(uipbuf.o)
                                        0x218 (size before relaxing)
 .eh_frame      0x0000000000039af0       0x80 build/cooja/contiki-ng-cooja.a(uiplib.o)
                                         0x98 (size before relaxing)
 .eh_frame      0x0000000000039b70      0x1e0 build/cooja/contiki-ng-cooja.a(rpl.o)
                                        0x1f8 (size before relaxing)
 .eh_frame      0x0000000000039d50       0xa0 build/cooja/contiki-ng-cooja.a(watchdog.o)
                                         0xb8 (size before relaxing)
 .eh_frame      0x0000000000039df0       0x80 build/cooja/contiki-ng-cooja.a(int-master.o)
                                         0x98 (size before relaxing)
 .eh_frame      0x0000000000039e70       0xc0 build/cooja/contiki-ng-cooja.a(stimer.o)
                                         0xd8 (size before relaxing)
 .eh_frame      0x0000000000039f30       0xa0 build/cooja/contiki-ng-cooja.a(memb.o)
                                         0xb8 (size before relaxing)
 .eh_frame      0x0000000000039fd0       0xa0 build/cooja/contiki-ng-cooja.a(ringbuf.o)
                                         0xb8 (size before relaxing)
 .eh_frame      0x000000000003a070      0x120 build/cooja/contiki-ng-cooja.a(link-stats.o)
                                        0x138 (size before relaxing)
 .eh_frame      0x000000000003a190      0x3e0 build/cooja/contiki-ng-cooja.a(nbr-table.o)
                                        0x3f8 (size before relaxing)
 .eh_frame      0x000000000003a570       0x48 build/cooja/contiki-ng-cooja.a(mac-sequence.o)
                                         0x60 (size before relaxing)
 .eh_frame      0x000000000003a5b8       0xa8 build/cooja/contiki-ng-cooja.a(framer-802154.o)
                                         0xc0 (size before relaxing)
 .eh_frame      0x000000000003a660      0x1c8 build/cooja/contiki-ng-cooja.a(csma-output.o)
                                        0x1e0 (size before relaxing)
 .eh_frame      0x000000000003a828       0x40 build/cooja/contiki-ng-cooja.a(csma-security.o)
                                         0x58 (size before relaxing)
 .eh_frame      0x000000000003a868       0x80 build/cooja/contiki-ng-cooja.a(uip-nd6.o)
                                         0x98 (size before relaxing)
 .eh_frame      0x000000000003a8e8      0x180 build/cooja/contiki-ng-cooja.a(uip-sr.o)
                                        0x198 (size before relaxing)
 .eh_frame      0x000000000003aa68       0xa0 build/cooja/contiki-ng-cooja.a(rpl-dag-root.o)
                                         0xb8 (size before relaxing)
 .eh_frame      0x000000000003ab08      0x360 build/cooja/contiki-ng-cooja.a(rpl-dag.o)
                                        0x378 (size before relaxing)
 .eh_frame      0x000000000003ae68      0x128 build/cooja/contiki-ng-cooja.a(rpl-ext-header.o)
                                        0x140 (size before relaxing)
 .eh_frame      0x000000000003af90      0x1c0 build/cooja/contiki-ng-cooja.a(rpl-icmp6.o)
                                        0x1d8 (size before relaxing)
 .eh_frame      0x000000000003b150      0x148 build/cooja/contiki-ng-cooja.a(rpl-mrhof.o)
                                        0x160 (size before relaxing)
 .eh_frame      0x000000000003b298       0x40 build/cooja/contiki-ng-cooja.a(rpl-nbr-policy.o)
                                         0x58 (size before relaxing)
 .eh_frame      0x000000000003b2d8      0x2b0 build/cooja/contiki-ng-cooja.a(rpl-neighbor.o)
                                        0x2c8 (size before relaxing)
 .eh_frame      0x000000000003b588      0x3a8 build/cooja/contiki-ng-cooja.a(rpl-timers.o)
                                        0x3c0 (size before relaxing)
 .eh_frame      0x000000000003b930       0x20 build/cooja/contiki-ng-cooja.a(assert.o)
                                         0x38 (size before relaxing)
 .eh_frame      0x000000000003b950       0x20 build/cooja/contiki-ng-cooja.a(mac.o)
                                         0x38 (size before relaxing)
 .eh_frame      0x000000000003b970      0x1a4 build/cooja/contiki-ng-cooja.a(frame802154.o)
                                        0x1c0 (size before relaxing)
 .eh_frame      0x000000000003bb14        0x4 /usr/lib/gcc/x86_64-linux-gnu/11/crtendS.o
 *(.eh_frame.*)

.gcc_except_table
 *(.gcc_except_table .gcc_except_table.*)

.gnu_extab
 *(.gnu_extab*)

.exception_ranges
 *(.exception_ranges*)
                0x000000000003d6f0                . = DATA_SEGMENT_ALIGN (CONSTANT (MAXPAGESIZE), CONSTANT (COMMONPAGESIZE))

.eh_frame
 *(.eh_frame)
 *(.eh_frame.*)

.gnu_extab
 *(.gnu_extab)

.gcc_except_table
 *(.gcc_except_table .gcc_except_table.*)

.exception_ranges
 *(.exception_ranges*)

.tdata
 *(.tdata .tdata.* .gnu.linkonce.td.*)

.tbss
 *(.tbss .tbss.* .gnu.linkonce.tb.*)
 *(.tcommon)

.preinit_array
 *(.preinit_array)

.init_array     0x000000000003d6f0        0x8
 *(SORT_BY_INIT_PRIORITY(.init_array.*) SORT_BY_INIT_PRIORITY(.ctors.*))
 *(.init_array EXCLUDE_FILE(*crtend?.o *crtend.o *crtbegin?.o *crtbegin.o) .ctors)
 .init_array    0x000000000003d6f0        0x8 /usr/lib/gcc/x86_64-linux-gnu/11/crtbeginS.o

.fini_array     0x000000000003d6f8        0x8
 *(SORT_BY_INIT_PRIORITY(.fini_array.*) SORT_BY_INIT_PRIORITY(.dtors.*))
 *(.fini_array EXCLUDE_FILE(*crtend?.o *crtend.o *crtbegin?.o *crtbegin.o) .dtors)
 .fini_array    0x000000000003d6f8        0x8 /usr/lib/gcc/x86_64-linux-gnu/11/crtbeginS.o

.ctors
 *crtbegin.o(.ctors)
 *crtbegin?.o(.ctors)
 *(EXCLUDE_FILE(*crtend?.o *crtend.o) .ctors)
 *(SORT_BY_NAME(.ctors.*))
 *(.ctors)

.dtors
 *crtbegin.o(.dtors)
 *crtbegin?.o(.dtors)
 *(EXCLUDE_FILE(*crtend?.o *crtend.o) .dtors)
 *(SORT_BY_NAME(.dtors.*))
 *(.dtors)

.jcr
 *(.jcr)

.data.rel.ro    0x000000000003d700      0x350
 *(.data.rel.ro.local* .gnu.linkonce.d.rel.ro.local.*)
 .data.rel.ro.local
                0x000000000003d700       0x10 build/cooja/contiki-ng-cooja.a(beep.o)
                0x000000000003d700                beep_interface
 .data.rel.ro.local
                0x000000000003d710       0x10 build/cooja/contiki-ng-cooja.a(leds-arch.o)
                0x000000000003d710                leds_interface
 .data.rel.ro.local
                0x000000000003d720       0x10 build/cooja/contiki-ng-cooja.a(moteid.o)
                0x000000000003d720                moteid_interface
 *fill*         0x000000000003d730       0x10 
 .data.rel.ro.local
                0x000000000003d740       0x40 build/cooja/contiki-ng-cooja.a(pir-sensor.o)
                0x000000000003d740                pir_interface
                0x000000000003d760                pir_sensor
 .data.rel.ro.local
                0x000000000003d780       0x10 build/cooja/contiki-ng-cooja.a(rs232.o)
                0x000000000003d780                rs232_interface
 *fill*         0x000000000003d790       0x10 
 .data.rel.ro.local
                0x000000000003d7a0       0x40 build/cooja/contiki-ng-cooja.a(vib-sensor.o)
                0x000000000003d7a0                vib_interface
                0x000000000003d7c0                vib_sensor
 .data.rel.ro.local
                0x000000000003d7e0       0x10 build/cooja/contiki-ng-cooja.a(clock.o)
                0x000000000003d7e0                clock_interface
 .data.rel.ro.local
                0x000000000003d7f0       0x10 build/cooja/contiki-ng-cooja.a(cooja-log.o)
                0x000000000003d7f0                simlog_interface
 .data.rel.ro.local
                0x000000000003d800       0x10 build/cooja/contiki-ng-cooja.a(cfs-cooja.o)
                0x000000000003d800                cfs_interface
 *fill*         0x000000000003d810       0x10 
 .data.rel.ro.local
                0x000000000003d820       0x90 build/cooja/contiki-ng-cooja.a(cooja-radio.o)
                0x000000000003d820                radio_interface
                0x000000000003d840                cooja_radio_driver
 .data.rel.ro.local
                0x000000000003d8b0       0x10 build/cooja/contiki-ng-cooja.a(eeprom.o)
                0x000000000003d8b0                eeprom_interface
 .data.rel.ro.local
                0x000000000003d8c0       0x40 build/cooja/contiki-ng-cooja.a(buttons.o)
                0x000000000003d8c0                button_interface
                0x000000000003d8e0                button_sensor
 .data.rel.ro.local
                0x000000000003d900       0x38 build/cooja/contiki-ng-cooja.a(csma.o)
                0x000000000003d900                csma_driver
 *fill*         0x000000000003d938        0x8 
 .data.rel.ro.local
                0x000000000003d940       0x18 build/cooja/contiki-ng-cooja.a(framer-802154.o)
                0x000000000003d940                framer_802154
 *(.data.rel.ro .data.rel.ro.* .gnu.linkonce.d.rel.ro.*)
 .data.rel.ro   0x000000000003d958        0x0 /usr/lib/gcc/x86_64-linux-gnu/11/../../../x86_64-linux-gnu/crti.o
 *fill*         0x000000000003d958        0x8 
 .data.rel.ro   0x000000000003d960       0x10 mqtt-client.o
                0x000000000003d960                autostart_processes
 *fill*         0x000000000003d970       0x10 
 .data.rel.ro   0x000000000003d980       0x20 build/cooja/contiki-ng-cooja.a(sicslowpan.o)
                0x000000000003d980                sicslowpan_driver
 .data.rel.ro   0x000000000003d9a0       0xa8 build/cooja/contiki-ng-cooja.a(rpl.o)
                0x000000000003d9a0                rpl_lite_driver
 .data.rel.ro   0x000000000003da48        0x8 build/cooja/contiki-ng-cooja.a(rpl-dag.o)

.dynamic        0x000000000003da50      0x1c0
 *(.dynamic)
 .dynamic       0x000000000003da50      0x1c0 /usr/lib/gcc/x86_64-linux-gnu/11/../../../x86_64-linux-gnu/crti.o
                0x000000000003da50                _DYNAMIC

.got            0x000000000003dc10      0x3f0
 *(.got)
 .got           0x000000000003dc10      0x3f0 /usr/lib/gcc/x86_64-linux-gnu/11/../../../x86_64-linux-gnu/crti.o
 *(.igot)
                0x000000000003efe8                . = DATA_SEGMENT_RELRO_END (., (SIZEOF (.got.plt) >= 0x18)?0x18:0x0)

.got.plt        0x000000000003e000      0xbc8
 *(.got.plt)
 .got.plt       0x000000000003e000      0xbc8 /usr/lib/gcc/x86_64-linux-gnu/11/../../../x86_64-linux-gnu/crti.o
                0x000000000003e000                _GLOBAL_OFFSET_TABLE_
 *(.igot.plt)

.data           0x000000000003ebe0      0x812
 *(.data .data.* .gnu.linkonce.d.*)
 .data          0x000000000003ebe0        0x0 /usr/lib/gcc/x86_64-linux-gnu/11/../../../x86_64-linux-gnu/crti.o
 .data          0x000000000003ebe0        0x0 /usr/lib/gcc/x86_64-linux-gnu/11/crtbeginS.o
 .data.rel.local
                0x000000000003ebe0        0x8 /usr/lib/gcc/x86_64-linux-gnu/11/crtbeginS.o
                0x000000000003ebe0                __dso_handle
 .data          0x000000000003ebe8        0x0 mqtt-client.o
 *fill*         0x000000000003ebe8       0x18 
 .data.rel.local
                0x000000000003ec00       0x40 mqtt-client.o
                0x000000000003ec20                mqtt_client_process
 .data          0x000000000003ec40        0x0 build/cooja/mtype482822930.o
 .data.rel      0x000000000003ec40       0xa0 build/cooja/mtype482822930.o
                0x000000000003ec40                simInterfaces
                0x000000000003ecc0                sensors
 .data          0x000000000003ece0        0x0 build/cooja/contiki-ng-cooja.a(simEnvChange.o)
 .data          0x000000000003ece0        0x0 build/cooja/contiki-ng-cooja.a(cooja_mt.o)
 .data          0x000000000003ece0        0x0 build/cooja/contiki-ng-cooja.a(cooja_mtarch.o)
 .data          0x000000000003ece0        0x0 build/cooja/contiki-ng-cooja.a(rtimer-arch.o)
 .data          0x000000000003ece0        0x0 build/cooja/contiki-ng-cooja.a(beep.o)
 .data          0x000000000003ece0        0x0 build/cooja/contiki-ng-cooja.a(leds-arch.o)
 .data          0x000000000003ece0        0x0 build/cooja/contiki-ng-cooja.a(moteid.o)
 .data          0x000000000003ece0        0x0 build/cooja/contiki-ng-cooja.a(pir-sensor.o)
 .data          0x000000000003ece0        0x0 build/cooja/contiki-ng-cooja.a(rs232.o)
 .data          0x000000000003ece0        0x0 build/cooja/contiki-ng-cooja.a(vib-sensor.o)
 .data          0x000000000003ece0        0x0 build/cooja/contiki-ng-cooja.a(clock.o)
 .data          0x000000000003ece0        0x0 build/cooja/contiki-ng-cooja.a(cooja-log.o)
 .data          0x000000000003ece0        0x0 build/cooja/contiki-ng-cooja.a(cfs-cooja.o)
 .data          0x000000000003ece0       0x20 build/cooja/contiki-ng-cooja.a(cooja-radio.o)
                0x000000000003ece0                simRadioHWOn
                0x000000000003ece4                simSignalStrength
                0x000000000003ece8                simLastSignalStrength
                0x000000000003ecec                simPower
                0x000000000003ecf0                simRadioChannel
                0x000000000003ecf4                simLQI
                0x000000000003ecf8                simLastLQI
 .data.rel.local
                0x000000000003ed00       0x20 build/cooja/contiki-ng-cooja.a(cooja-radio.o)
                0x000000000003ed00                cooja_radio_process
 .data          0x000000000003ed20        0x0 build/cooja/contiki-ng-cooja.a(eeprom.o)
 .data          0x000000000003ed20        0x0 build/cooja/contiki-ng-cooja.a(random.o)
 .data          0x000000000003ed20        0x0 build/cooja/contiki-ng-cooja.a(sensors.o)
 .data.rel.local
                0x000000000003ed20       0x20 build/cooja/contiki-ng-cooja.a(sensors.o)
                0x000000000003ed20                sensors_process
 .data          0x000000000003ed40        0x0 build/cooja/contiki-ng-cooja.a(leds.o)
 .data          0x000000000003ed40        0x0 build/cooja/contiki-ng-cooja.a(gpio-hal-arch.o)
 .data          0x000000000003ed40        0x1 build/cooja/contiki-ng-cooja.a(buttons.o)
                0x000000000003ed40                simButtonIsActive
 *fill*         0x000000000003ed41       0x1f 
 .data.rel.local
                0x000000000003ed60       0xb0 build/cooja/contiki-ng-cooja.a(buttons.o)
                0x000000000003ee00                button_hal_buttons
 .data          0x000000000003ee10        0x0 build/cooja/contiki-ng-cooja.a(mqtt.o)
 *fill*         0x000000000003ee10       0x10 
 .data.rel.local
                0x000000000003ee20       0x40 build/cooja/contiki-ng-cooja.a(mqtt.o)
                0x000000000003ee40                mqtt_process
 .data          0x000000000003ee60        0x0 build/cooja/contiki-ng-cooja.a(contiki-main.o)
 .data          0x000000000003ee60        0x0 build/cooja/contiki-ng-cooja.a(autostart.o)
 .data          0x000000000003ee60        0x0 build/cooja/contiki-ng-cooja.a(ctimer.o)
 .data.rel.local
                0x000000000003ee60       0x40 build/cooja/contiki-ng-cooja.a(ctimer.o)
                0x000000000003ee80                ctimer_process
 .data          0x000000000003eea0        0x0 build/cooja/contiki-ng-cooja.a(energest.o)
 .data          0x000000000003eea0        0x0 build/cooja/contiki-ng-cooja.a(etimer.o)
 .data.rel.local
                0x000000000003eea0       0x20 build/cooja/contiki-ng-cooja.a(etimer.o)
                0x000000000003eea0                etimer_process
 .data          0x000000000003eec0        0x4 build/cooja/contiki-ng-cooja.a(log.o)
                0x000000000003eec0                curr_log_level_main
 *fill*         0x000000000003eec4       0x1c 
 .data.rel      0x000000000003eee0      0x138 build/cooja/contiki-ng-cooja.a(log.o)
                0x000000000003eee0                all_modules
 .data          0x000000000003f018        0x0 build/cooja/contiki-ng-cooja.a(node-id.o)
 .data          0x000000000003f018        0x0 build/cooja/contiki-ng-cooja.a(process.o)
 .data          0x000000000003f018        0x0 build/cooja/contiki-ng-cooja.a(rtimer.o)
 .data          0x000000000003f018        0x0 build/cooja/contiki-ng-cooja.a(timer.o)
 .data          0x000000000003f018        0x0 build/cooja/contiki-ng-cooja.a(list.o)
 .data          0x000000000003f018        0x0 build/cooja/contiki-ng-cooja.a(button-hal.o)
 *fill*         0x000000000003f018        0x8 
 .data.rel.local
                0x000000000003f020       0x20 build/cooja/contiki-ng-cooja.a(button-hal.o)
                0x000000000003f020                button_hal_process
 .data          0x000000000003f040        0x0 build/cooja/contiki-ng-cooja.a(gpio-hal.o)
 .data.rel.local
                0x000000000003f040        0x8 build/cooja/contiki-ng-cooja.a(gpio-hal.o)
 .data          0x000000000003f048        0x0 build/cooja/contiki-ng-cooja.a(serial-line.o)
 *fill*         0x000000000003f048       0x18 
 .data.rel.local
                0x000000000003f060       0x20 build/cooja/contiki-ng-cooja.a(serial-line.o)
                0x000000000003f060                serial_line_process
 .data          0x000000000003f080        0x0 build/cooja/contiki-ng-cooja.a(linkaddr.o)
 .data          0x000000000003f080        0x0 build/cooja/contiki-ng-cooja.a(netstack.o)
 .data.rel.local
                0x000000000003f080        0x8 build/cooja/contiki-ng-cooja.a(netstack.o)
 .data          0x000000000003f088        0x0 build/cooja/contiki-ng-cooja.a(packetbuf.o)
 .data.rel.local
                0x000000000003f088        0x8 build/cooja/contiki-ng-cooja.a(packetbuf.o)
 .data          0x000000000003f090        0x0 build/cooja/contiki-ng-cooja.a(queuebuf.o)
 .data.rel.local
                0x000000000003f090       0x38 build/cooja/contiki-ng-cooja.a(queuebuf.o)
 .data          0x000000000003f0c8        0x0 build/cooja/contiki-ng-cooja.a(printf.o)
 *fill*         0x000000000003f0c8        0x8 
 .data.rel.local
                0x000000000003f0d0       0x10 build/cooja/contiki-ng-cooja.a(printf.o)
 .data          0x000000000003f0e0        0x0 build/cooja/contiki-ng-cooja.a(putchar.o)
 .data          0x000000000003f0e0        0x0 build/cooja/contiki-ng-cooja.a(puts.o)
 .data          0x000000000003f0e0        0x0 build/cooja/contiki-ng-cooja.a(snprintf.o)
 .data          0x000000000003f0e0        0x0 build/cooja/contiki-ng-cooja.a(strformat.o)
 .data          0x000000000003f0e0        0x0 build/cooja/contiki-ng-cooja.a(csma.o)
 .data          0x000000000003f0e0        0x0 build/cooja/contiki-ng-cooja.a(sicslowpan.o)
 .data          0x000000000003f0e0        0x0 build/cooja/contiki-ng-cooja.a(tcp-socket.o)
 .data.rel.local
                0x000000000003f0e0       0x40 build/cooja/contiki-ng-cooja.a(tcp-socket.o)
                0x000000000003f100                tcp_socket_process
 .data          0x000000000003f120        0x0 build/cooja/contiki-ng-cooja.a(tcpip.o)
 .data.rel.local
                0x000000000003f120       0x20 build/cooja/contiki-ng-cooja.a(tcpip.o)
                0x000000000003f120                tcpip_process
 .data          0x000000000003f140        0x0 build/cooja/contiki-ng-cooja.a(uip-ds6-nbr.o)
 .data.rel.local
                0x000000000003f140       0x20 build/cooja/contiki-ng-cooja.a(uip-ds6-nbr.o)
 .data          0x000000000003f160        0x0 build/cooja/contiki-ng-cooja.a(uip-ds6-route.o)
 .data.rel.local
                0x000000000003f160       0x28 build/cooja/contiki-ng-cooja.a(uip-ds6-route.o)
 .data          0x000000000003f188        0x0 build/cooja/contiki-ng-cooja.a(uip-ds6.o)
 .data          0x000000000003f188        0x0 build/cooja/contiki-ng-cooja.a(uip-icmp6.o)
 *fill*         0x000000000003f188        0x8 
 .data.rel.local
                0x000000000003f190       0x48 build/cooja/contiki-ng-cooja.a(uip-icmp6.o)
 .data          0x000000000003f1d8        0x0 build/cooja/contiki-ng-cooja.a(uip-packetqueue.o)
 *fill*         0x000000000003f1d8        0x8 
 .data.rel.local
                0x000000000003f1e0       0x18 build/cooja/contiki-ng-cooja.a(uip-packetqueue.o)
 .data          0x000000000003f1f8        0x0 build/cooja/contiki-ng-cooja.a(uip6.o)
 .data          0x000000000003f1f8        0x0 build/cooja/contiki-ng-cooja.a(uipbuf.o)
 .data          0x000000000003f1f8        0x0 build/cooja/contiki-ng-cooja.a(uiplib.o)
 .data          0x000000000003f1f8        0x0 build/cooja/contiki-ng-cooja.a(rpl.o)
 .data          0x000000000003f1f8        0x0 build/cooja/contiki-ng-cooja.a(watchdog.o)
 .data          0x000000000003f1f8        0x0 build/cooja/contiki-ng-cooja.a(int-master.o)
 .data          0x000000000003f1f8        0x0 build/cooja/contiki-ng-cooja.a(stimer.o)
 .data          0x000000000003f1f8        0x0 build/cooja/contiki-ng-cooja.a(memb.o)
 .data          0x000000000003f1f8        0x0 build/cooja/contiki-ng-cooja.a(ringbuf.o)
 .data          0x000000000003f1f8        0x0 build/cooja/contiki-ng-cooja.a(link-stats.o)
 *fill*         0x000000000003f1f8        0x8 
 .data.rel.local
                0x000000000003f200       0x20 build/cooja/contiki-ng-cooja.a(link-stats.o)
 .data          0x000000000003f220        0x0 build/cooja/contiki-ng-cooja.a(nbr-table.o)
 .data.rel.local
                0x000000000003f220       0x20 build/cooja/contiki-ng-cooja.a(nbr-table.o)
 .data          0x000000000003f240        0x0 build/cooja/contiki-ng-cooja.a(mac-sequence.o)
 .data          0x000000000003f240        0x0 build/cooja/contiki-ng-cooja.a(framer-802154.o)
 .data          0x000000000003f240        0x0 build/cooja/contiki-ng-cooja.a(csma-output.o)
 .data.rel.local
                0x000000000003f240       0x60 build/cooja/contiki-ng-cooja.a(csma-output.o)
 .data          0x000000000003f2a0        0x0 build/cooja/contiki-ng-cooja.a(csma-security.o)
 .data          0x000000000003f2a0        0x0 build/cooja/contiki-ng-cooja.a(uip-nd6.o)
 .data.rel.local
                0x000000000003f2a0       0x18 build/cooja/contiki-ng-cooja.a(uip-nd6.o)
 .data          0x000000000003f2b8        0x0 build/cooja/contiki-ng-cooja.a(uip-sr.o)
 *fill*         0x000000000003f2b8        0x8 
 .data.rel.local
                0x000000000003f2c0       0x28 build/cooja/contiki-ng-cooja.a(uip-sr.o)
 .data          0x000000000003f2e8        0x0 build/cooja/contiki-ng-cooja.a(rpl-dag-root.o)
 .data          0x000000000003f2e8        0x0 build/cooja/contiki-ng-cooja.a(rpl-dag.o)
 .data          0x000000000003f2e8        0x0 build/cooja/contiki-ng-cooja.a(rpl-ext-header.o)
 .data          0x000000000003f2e8        0x0 build/cooja/contiki-ng-cooja.a(rpl-icmp6.o)
 *fill*         0x000000000003f2e8        0x8 
 .data.rel.local
                0x000000000003f2f0       0x78 build/cooja/contiki-ng-cooja.a(rpl-icmp6.o)
 .data          0x000000000003f368        0x0 build/cooja/contiki-ng-cooja.a(rpl-mrhof.o)
 *fill*         0x000000000003f368       0x18 
 .data.rel.local
                0x000000000003f380       0x48 build/cooja/contiki-ng-cooja.a(rpl-mrhof.o)
                0x000000000003f380                rpl_mrhof
 .data          0x000000000003f3c8        0x0 build/cooja/contiki-ng-cooja.a(rpl-nbr-policy.o)
 .data          0x000000000003f3c8        0x0 build/cooja/contiki-ng-cooja.a(rpl-neighbor.o)
 *fill*         0x000000000003f3c8        0x8 
 .data.rel.local
                0x000000000003f3d0       0x20 build/cooja/contiki-ng-cooja.a(rpl-neighbor.o)
                0x000000000003f3e8                rpl_neighbors
 .data          0x000000000003f3f0        0x0 build/cooja/contiki-ng-cooja.a(rpl-timers.o)
 .data          0x000000000003f3f0        0x0 build/cooja/contiki-ng-cooja.a(assert.o)
 .data          0x000000000003f3f0        0x0 build/cooja/contiki-ng-cooja.a(mac.o)
 .data          0x000000000003f3f0        0x2 build/cooja/contiki-ng-cooja.a(frame802154.o)
 .data          0x000000000003f3f2        0x0 /usr/lib/gcc/x86_64-linux-gnu/11/crtendS.o
 .data          0x000000000003f3f2        0x0 /usr/lib/gcc/x86_64-linux-gnu/11/../../../x86_64-linux-gnu/crtn.o

.tm_clone_table
                0x000000000003f3f8        0x0
 .tm_clone_table
                0x000000000003f3f8        0x0 /usr/lib/gcc/x86_64-linux-gnu/11/crtbeginS.o
 .tm_clone_table
                0x000000000003f3f8        0x0 /usr/lib/gcc/x86_64-linux-gnu/11/crtendS.o

.data1
 *(.data1)
                [!provide]                        PROVIDE (_edata = .)
                [!provide]                        PROVIDE (edata = .)
                0x000000000003f3f8                . = .
                [!provide]                        PROVIDE (__bss_start = .)

.bss            0x000000000003f400    0x18380
 *(.dynbss)
 .dynbss        0x000000000003f400        0x0 /usr/lib/gcc/x86_64-linux-gnu/11/../../../x86_64-linux-gnu/crti.o
 *(.bss .bss.* .gnu.linkonce.b.*)
 .bss           0x000000000003f400        0x0 /usr/lib/gcc/x86_64-linux-gnu/11/../../../x86_64-linux-gnu/crti.o
 .bss           0x000000000003f400        0x1 /usr/lib/gcc/x86_64-linux-gnu/11/crtbeginS.o
 *fill*         0x000000000003f401       0x1f 
 .bss           0x000000000003f420      0xce0 mqtt-client.o
 .bss           0x0000000000040100     0x4060 build/cooja/mtype482822930.o
                0x0000000000040100                sensors_flags
                0x0000000000040108                referenceVar
 .bss           0x0000000000044160       0x18 build/cooja/contiki-ng-cooja.a(simEnvChange.o)
                0x0000000000044160                simDontFallAsleep
                0x0000000000044164                simProcessRunValue
                0x0000000000044168                simEtimerPending
                0x0000000000044170                simEtimerNextExpirationTime
 .bss           0x0000000000044178        0x8 build/cooja/contiki-ng-cooja.a(cooja_mt.o)
 .bss           0x0000000000044180        0x8 build/cooja/contiki-ng-cooja.a(cooja_mtarch.o)
 .bss           0x0000000000044188       0x18 build/cooja/contiki-ng-cooja.a(rtimer-arch.o)
                0x0000000000044188                simRtimerPending
                0x0000000000044190                simRtimerNextExpirationTime
                0x0000000000044198                simRtimerCurrentTicks
 .bss           0x00000000000441a0        0x1 build/cooja/contiki-ng-cooja.a(beep.o)
                0x00000000000441a0                simBeeped
 .bss           0x00000000000441a1        0x1 build/cooja/contiki-ng-cooja.a(leds-arch.o)
                0x00000000000441a1                simLedsValue
 *fill*         0x00000000000441a2        0x2 
 .bss           0x00000000000441a4        0xc build/cooja/contiki-ng-cooja.a(moteid.o)
                0x00000000000441a4                simMoteID
                0x00000000000441a8                simMoteIDChanged
                0x00000000000441ac                simRandomSeed
 .bss           0x00000000000441b0        0x3 build/cooja/contiki-ng-cooja.a(pir-sensor.o)
                0x00000000000441b0                simPirChanged
                0x00000000000441b1                simPirIsActive
                0x00000000000441b2                simPirValue
 *fill*         0x00000000000441b3        0xd 
 .bss           0x00000000000441c0      0x810 build/cooja/contiki-ng-cooja.a(rs232.o)
                0x00000000000441c0                simSerialReceivingData
                0x00000000000449c0                simSerialReceivingLength
                0x00000000000449c4                simSerialReceivingFlag
 .bss           0x00000000000449d0        0x3 build/cooja/contiki-ng-cooja.a(vib-sensor.o)
                0x00000000000449d0                simVibChanged
                0x00000000000449d1                simVibIsActive
                0x00000000000449d2                simVibValue
 *fill*         0x00000000000449d3        0x5 
 .bss           0x00000000000449d8        0x8 build/cooja/contiki-ng-cooja.a(clock.o)
                0x00000000000449d8                simCurrentTime
 .bss           0x00000000000449e0     0x200d build/cooja/contiki-ng-cooja.a(cooja-log.o)
                0x00000000000449e0                simLoggedData
                0x00000000000469e0                simLoggedLength
                0x00000000000469e4                simLoggedFlag
 *fill*         0x00000000000469ed       0x13 
 .bss           0x0000000000046a00      0xfc0 build/cooja/contiki-ng-cooja.a(cfs-cooja.o)
                0x0000000000046a00                simCFSData
                0x00000000000479a0                simCFSSize
                0x00000000000479a4                simCFSChanged
                0x00000000000479a8                simCFSRead
                0x00000000000479ac                simCFSWritten
 .bss           0x00000000000479c0      0x15c build/cooja/contiki-ng-cooja.a(cooja-radio.o)
                0x00000000000479c0                simReceiving
                0x00000000000479e0                simInDataBuffer
                0x0000000000047a60                simInSize
                0x0000000000047a68                simLastPacketTimestamp
                0x0000000000047a80                simOutDataBuffer
                0x0000000000047b00                simOutSize
 *fill*         0x0000000000047b1c        0x4 
 .bss           0x0000000000047b20      0x40c build/cooja/contiki-ng-cooja.a(eeprom.o)
                0x0000000000047b20                simEEPROMData
                0x0000000000047f20                simEEPROMChanged
                0x0000000000047f24                simEEPROMRead
                0x0000000000047f28                simEEPROMWritten
 .bss           0x0000000000047f2c        0x0 build/cooja/contiki-ng-cooja.a(random.o)
 .bss           0x0000000000047f2c        0xc build/cooja/contiki-ng-cooja.a(sensors.o)
                0x0000000000047f2c                sensors_event
 .bss           0x0000000000047f38        0x0 build/cooja/contiki-ng-cooja.a(leds.o)
 *fill*         0x0000000000047f38        0x8 
 .bss           0x0000000000047f40       0x40 build/cooja/contiki-ng-cooja.a(gpio-hal-arch.o)
 .bss           0x0000000000047f80        0x2 build/cooja/contiki-ng-cooja.a(buttons.o)
                0x0000000000047f80                simButtonChanged
                0x0000000000047f81                simButtonIsDown
 *fill*         0x0000000000047f82        0x6 
 .bss           0x0000000000047f88       0x21 build/cooja/contiki-ng-cooja.a(mqtt.o)
                0x0000000000047f88                mqtt_update_event
 .bss           0x0000000000047fa9        0x0 build/cooja/contiki-ng-cooja.a(contiki-main.o)
 .bss           0x0000000000047fa9        0x0 build/cooja/contiki-ng-cooja.a(autostart.o)
 *fill*         0x0000000000047fa9        0x7 
 .bss           0x0000000000047fb0        0x9 build/cooja/contiki-ng-cooja.a(ctimer.o)
 .bss           0x0000000000047fb9        0x0 build/cooja/contiki-ng-cooja.a(energest.o)
 *fill*         0x0000000000047fb9        0x7 